Component: Arm Compiler for Embedded 6.22 Tool: armlink [5ee90200]

==============================================================================

Section Cross References

    main.o(.text.createFreqString) refers to main.o(.rodata.str1.1) for .L.str
    main.o(.text.createFreqString) refers to snprintf.o(.text) for snprintf
    main.o(.ARM.exidx.text.createFreqString) refers to main.o(.text.createFreqString) for [Anonymous Symbol]
    main.o(.text.createVoltString) refers to main.o(.rodata.str1.1) for .L.str.1
    main.o(.text.createVoltString) refers to snprintf.o(.text) for snprintf
    main.o(.ARM.exidx.text.createVoltString) refers to main.o(.text.createVoltString) for [Anonymous Symbol]
    main.o(.text.readVoltage) refers to dflt_clz.o(x$fpl$dfltu) for __aeabi_ui2d
    main.o(.text.readVoltage) refers to dmul.o(x$fpl$dmul) for __aeabi_dmul
    main.o(.text.readVoltage) refers to ddiv.o(x$fpl$ddiv) for __aeabi_ddiv
    main.o(.text.readVoltage) refers to f2d.o(x$fpl$f2d) for __aeabi_f2d
    main.o(.text.readVoltage) refers to daddsub_clz.o(x$fpl$dadd) for __aeabi_dadd
    main.o(.text.readVoltage) refers to d2f.o(x$fpl$d2f) for __aeabi_d2f
    main.o(.ARM.exidx.text.readVoltage) refers to main.o(.text.readVoltage) for [Anonymous Symbol]
    main.o(.text.calcVoltage) refers to f2d.o(x$fpl$f2d) for __aeabi_f2d
    main.o(.text.calcVoltage) refers to main.o(.text.createVoltString) for createVoltString
    main.o(.ARM.exidx.text.calcVoltage) refers to main.o(.text.calcVoltage) for [Anonymous Symbol]
    main.o(.text.calcFrequency) refers to dflt_clz.o(x$fpl$dflt) for __aeabi_i2d
    main.o(.text.calcFrequency) refers to ddiv.o(x$fpl$ddiv) for __aeabi_ddiv
    main.o(.text.calcFrequency) refers to main.o(.text.createFreqString) for createFreqString
    main.o(.ARM.exidx.text.calcFrequency) refers to main.o(.text.calcFrequency) for [Anonymous Symbol]
    main.o(.ARM.exidx.text.displayUpdate) refers to main.o(.text.displayUpdate) for [Anonymous Symbol]
    main.o(.text.main) refers to _init_.o(.text._init_) for _init_
    main.o(.text.main) refers to interupt_handlers.o(.bss.systickFlag) for systickFlag
    main.o(.text.main) refers to main.o(.bss.voltageMeasurements) for voltageMeasurements
    main.o(.text.main) refers to main.o(.bss.voltageAccum) for voltageAccum
    main.o(.text.main) refers to main.o(.text.readVoltage) for readVoltage
    main.o(.text.main) refers to main.o(.data.calcVoltFlag) for calcVoltFlag
    main.o(.text.main) refers to main.o(.bss.calcFreqFlag) for calcFreqFlag
    main.o(.text.main) refers to main.o(.bss.Display) for Display
    main.o(.text.main) refers to main.o(.text.calcVoltage) for calcVoltage
    main.o(.text.main) refers to main.o(.bss.freqCounts) for freqCounts
    main.o(.text.main) refers to interupt_handlers.o(.bss.timeElapsed) for timeElapsed
    main.o(.text.main) refers to main.o(.text.calcFrequency) for calcFrequency
    main.o(.text.main) refers to main.o(.text.displayUpdate) for displayUpdate
    main.o(.ARM.exidx.text.main) refers to main.o(.text.main) for [Anonymous Symbol]
    startup_stm32l476xx.o(STACK) refers (Special) to heapauxi.o(.text) for __use_two_region_memory
    startup_stm32l476xx.o(HEAP) refers (Special) to heapauxi.o(.text) for __use_two_region_memory
    startup_stm32l476xx.o(RESET) refers (Special) to heapauxi.o(.text) for __use_two_region_memory
    startup_stm32l476xx.o(RESET) refers to startup_stm32l476xx.o(STACK) for __initial_sp
    startup_stm32l476xx.o(RESET) refers to startup_stm32l476xx.o(.text) for Reset_Handler
    startup_stm32l476xx.o(RESET) refers to interupt_handlers.o(.text.SysTick_Handler) for SysTick_Handler
    startup_stm32l476xx.o(RESET) refers to interupt_handlers.o(.text.EXTI3_IRQHandler) for EXTI3_IRQHandler
    startup_stm32l476xx.o(RESET) refers to interupt_handlers.o(.text.EXTI4_IRQHandler) for EXTI4_IRQHandler
    startup_stm32l476xx.o(RESET) refers to interupt_handlers.o(.text.TIM2_IRQHandler) for TIM2_IRQHandler
    startup_stm32l476xx.o(RESET) refers to interupt_handlers.o(.text.TIM4_IRQHandler) for TIM4_IRQHandler
    startup_stm32l476xx.o(.text) refers (Special) to heapauxi.o(.text) for __use_two_region_memory
    startup_stm32l476xx.o(.text) refers to __main.o(!!!main) for __main
    startup_stm32l476xx.o(.text) refers to startup_stm32l476xx.o(HEAP) for Heap_Mem
    startup_stm32l476xx.o(.text) refers to startup_stm32l476xx.o(STACK) for Stack_Mem
    _init_.o(.text.CreateNumpad) refers to h1_alloc.o(.text) for malloc
    _init_.o(.text.CreateNumpad) refers to gpio_lib.o(.text.IODevice_Create) for IODevice_Create
    _init_.o(.text.CreateNumpad) refers to timer_lib.o(.text.GeneralPurposeTimer_Create) for GeneralPurposeTimer_Create
    _init_.o(.text.CreateNumpad) refers to _init_.o(.data.CreateNumpad.NumpadValues) for CreateNumpad.NumpadValues
    _init_.o(.text.CreateNumpad) refers to gpio_lib.o(.text.Numpad_Create) for Numpad_Create
[...]
    CL$$btod_d2e                             0x080033b8   Section       62  btod.o(CL$$btod_d2e)
    CL$$btod_d2e_denorm_low                  0x080033f6   Section       70  btod.o(CL$$btod_d2e_denorm_low)
    CL$$btod_d2e_norm_op1                    0x0800343c   Section       96  btod.o(CL$$btod_d2e_norm_op1)
    CL$$btod_div_common                      0x0800349c   Section      824  btod.o(CL$$btod_div_common)
    CL$$btod_e2e                             0x080037d4   Section      220  btod.o(CL$$btod_e2e)
    CL$$btod_ediv                            0x080038b0   Section       42  btod.o(CL$$btod_ediv)
    CL$$btod_emul                            0x080038da   Section       42  btod.o(CL$$btod_emul)
    CL$$btod_mult_common                     0x08003904   Section      580  btod.o(CL$$btod_mult_common)
    i.__ARM_fpclassify                       0x08003b48   Section        0  fpclassify.o(i.__ARM_fpclassify)
    i._is_digit                              0x08003b78   Section        0  __printf_wp.o(i._is_digit)
    locale$$code                             0x08003b88   Section       44  lc_numeric_c.o(locale$$code)
    locale$$code                             0x08003bb4   Section       44  lc_ctype_c.o(locale$$code)
    $v0                                      0x08003be0   Number         0  d2f.o(x$fpl$d2f)
    x$fpl$d2f                                0x08003be0   Section       98  d2f.o(x$fpl$d2f)
    $v0                                      0x08003c44   Number         0  daddsub_clz.o(x$fpl$dadd)
    x$fpl$dadd                               0x08003c44   Section      336  daddsub_clz.o(x$fpl$dadd)
    _dadd1                                   0x08003c55   Thumb Code     0  daddsub_clz.o(x$fpl$dadd)
    $v0                                      0x08003d94   Number         0  dcmpi.o(x$fpl$dcmpinf)
    x$fpl$dcmpinf                            0x08003d94   Section       24  dcmpi.o(x$fpl$dcmpinf)
    $v0                                      0x08003dac   Number         0  ddiv.o(x$fpl$ddiv)
    x$fpl$ddiv                               0x08003dac   Section      696  ddiv.o(x$fpl$ddiv)
    ddiv_entry                               0x08003db3   Thumb Code     0  ddiv.o(x$fpl$ddiv)
    $v0                                      0x08004064   Number         0  deqf.o(x$fpl$deqf)
    x$fpl$deqf                               0x08004064   Section      120  deqf.o(x$fpl$deqf)
    $v0                                      0x080040dc   Number         0  dflt_clz.o(x$fpl$dflt)
    x$fpl$dflt                               0x080040dc   Section       46  dflt_clz.o(x$fpl$dflt)
    $v0                                      0x0800410a   Number         0  dflt_clz.o(x$fpl$dfltu)
    x$fpl$dfltu                              0x0800410a   Section       38  dflt_clz.o(x$fpl$dfltu)
    $v0                                      0x08004130   Number         0  dgeqf.o(x$fpl$dgeqf)
    x$fpl$dgeqf                              0x08004130   Section      120  dgeqf.o(x$fpl$dgeqf)
    $v0                                      0x080041a8   Number         0  dleqf.o(x$fpl$dleqf)
    x$fpl$dleqf                              0x080041a8   Section      120  dleqf.o(x$fpl$dleqf)
    $v0                                      0x08004220   Number         0  dmul.o(x$fpl$dmul)
    x$fpl$dmul                               0x08004220   Section      340  dmul.o(x$fpl$dmul)
    $v0                                      0x08004374   Number         0  dnaninf.o(x$fpl$dnaninf)
    x$fpl$dnaninf                            0x08004374   Section      156  dnaninf.o(x$fpl$dnaninf)
    $v0                                      0x08004410   Number         0  dretinf.o(x$fpl$dretinf)
    x$fpl$dretinf                            0x08004410   Section       12  dretinf.o(x$fpl$dretinf)
    $v0                                      0x0800441c   Number         0  daddsub_clz.o(x$fpl$dsub)
    x$fpl$dsub                               0x0800441c   Section      476  daddsub_clz.o(x$fpl$dsub)
    _dsub1                                   0x0800442d   Thumb Code     0  daddsub_clz.o(x$fpl$dsub)
    $v0                                      0x080045f8   Number         0  f2d.o(x$fpl$f2d)
    x$fpl$f2d                                0x080045f8   Section       86  f2d.o(x$fpl$f2d)
    $v0                                      0x0800464e   Number         0  dcmp.o(x$fpl$fcmp)
    x$fpl$fcmp                               0x0800464e   Section       84  dcmp.o(x$fpl$fcmp)
    $v0                                      0x080046a2   Number         0  fnaninf.o(x$fpl$fnaninf)
    x$fpl$fnaninf                            0x080046a2   Section      140  fnaninf.o(x$fpl$fnaninf)
    $v0                                      0x0800472e   Number         0  fpinit.o(x$fpl$fpinit)
    x$fpl$fpinit                             0x0800472e   Section       26  fpinit.o(x$fpl$fpinit)
    $v0                                      0x08004748   Number         0  fretinf.o(x$fpl$fretinf)
    x$fpl$fretinf                            0x08004748   Section       10  fretinf.o(x$fpl$fretinf)
    $v0                                      0x08004752   Number         0  printf1.o(x$fpl$printf1)
    x$fpl$printf1                            0x08004752   Section        4  printf1.o(x$fpl$printf1)
    $v0                                      0x08004756   Number         0  printf2.o(x$fpl$printf2)
    x$fpl$printf2                            0x08004756   Section        4  printf2.o(x$fpl$printf2)
    x$fpl$usenofp                            0x0800475a   Section        0  usenofp.o(x$fpl$usenofp)
    initial_mbstate                          0x0800475c   Data           8  _printf_wctomb.o(.constdata)
    .constdata                               0x0800475c   Section        8  _printf_wctomb.o(.constdata)
    uc_hextab                                0x08004764   Data          20  _printf_hex_int_ll_ptr.o(.constdata)
    .constdata                               0x08004764   Section       40  _printf_hex_int_ll_ptr.o(.constdata)
    lc_hextab                                0x08004778   Data          20  _printf_hex_int_ll_ptr.o(.constdata)
    maptable                                 0x0800478c   Data          17  __printf_flags_ss_wp.o(.constdata)
    .constdata                               0x0800478c   Section       17  __printf_flags_ss_wp.o(.constdata)
    lc_hextab                                0x0800479d   Data          19  _printf_fp_hex.o(.constdata)
    .constdata                               0x0800479d   Section       38  _printf_fp_hex.o(.constdata)
    uc_hextab                                0x080047b0   Data          19  _printf_fp_hex.o(.constdata)
    tenpwrs_x                                0x080047c4   Data          60  bigflt0.o(.constdata)
    .constdata                               0x080047c4   Section      148  bigflt0.o(.constdata)
    tenpwrs_i                                0x08004800   Data          64  bigflt0.o(.constdata)
    .L__const._init_.msg                     0x08004858   Data          80  _init_.o(.rodata..L__const._init_.msg)
    .L__const.lcd_Init.delay_Values          0x080048a8   Data          24  lcd_routines.o(.rodata..L__const.lcd_Init.delay_Values)
    .L__const.lcd_Init.lcd_Commands          0x080048c0   Data          24  lcd_routines.o(.rodata..L__const.lcd_Init.lcd_Commands)
    .L.str.1                                 0x080048d8   Data          16  main.o(.rodata.str1.1)
    [Anonymous Symbol]                       0x080048d8   Section        0  main.o(.rodata.str1.1)
    .L.str                                   0x080048e8   Data          14  main.o(.rodata.str1.1)
    locale$$data                             0x08004918   Section       28  lc_numeric_c.o(locale$$data)
    __lcnum_c_name                           0x0800491c   Data           2  lc_numeric_c.o(locale$$data)
    __lcnum_c_start                          0x08004924   Data           0  lc_numeric_c.o(locale$$data)
    __lcnum_c_point                          0x08004930   Data           0  lc_numeric_c.o(locale$$data)
    __lcnum_c_thousands                      0x08004932   Data           0  lc_numeric_c.o(locale$$data)
    __lcnum_c_grouping                       0x08004933   Data           0  lc_numeric_c.o(locale$$data)
    __lcnum_c_end                            0x08004934   Data           0  lc_numeric_c.o(locale$$data)
    locale$$data                             0x08004934   Section      272  lc_ctype_c.o(locale$$data)
    __lcctype_c_name                         0x08004938   Data           2  lc_ctype_c.o(locale$$data)
    __lcctype_c_start                        0x08004940   Data           0  lc_ctype_c.o(locale$$data)
    __lcctype_c_end                          0x08004a44   Data           0  lc_ctype_c.o(locale$$data)
    .bss                                     0x20000008   Section       96  libspace.o(.bss)
    Heap_Mem                                 0x20000120   Data        1024  startup_stm32l476xx.o(HEAP)
    HEAP                                     0x20000120   Section     1024  startup_stm32l476xx.o(HEAP)
    Stack_Mem                                0x20000520   Data        1024  startup_stm32l476xx.o(STACK)
    STACK                                    0x20000520   Section     1024  startup_stm32l476xx.o(STACK)
    __initial_sp                             0x20000920   Data           0  startup_stm32l476xx.o(STACK)

    Global Symbols

    Symbol Name                              Value     Ov Type        Size  Object(Section)

    BuildAttributes$$THM_ISAv4$E$P$D$K$B$S$7EM$VFPi3$EXTD16$VFPS$VFMA$PE$A:L22UL41UL21$X:L11$S22US41US21$IEEE1$IW$~IW$USESV6$~STKCKD$USESV7$~SHL$OTIME$ROPI$IEEEJ$EBA8$UX$STANDARDLIB$REQ8$PRES8$EABIv2 0x00000000   Number         0  anon$$obj.o ABSOLUTE
    Image$$ER_IROM1$$RW$$Length              0x00000000   Number         0  anon$$obj.o ABSOLUTE
    Image$$ER_IROM1$$ZI$$Length              0x00000000   Number         0  anon$$obj.o ABSOLUTE
    Image$$RW_IRAM1$$RO$$Length              0x00000000   Number         0  anon$$obj.o ABSOLUTE
    _printf_flags                            0x00000000   Number         0  printf_stubs.o ABSOLUTE
    _printf_return_value                     0x00000000   Number         0  printf_stubs.o ABSOLUTE
    _printf_sizespec                         0x00000000   Number         0  printf_stubs.o ABSOLUTE
    _printf_widthprec                        0x00000000   Number         0  printf_stubs.o ABSOLUTE
    __ARM_exceptions_init                     - Undefined Weak Reference
    __alloca_initialize                       - Undefined Weak Reference
    __arm_preinit_                            - Undefined Weak Reference
    __arm_relocate_pie_                       - Undefined Weak Reference
    __cpp_initialize__aeabi_                  - Undefined Weak Reference
    __cxa_finalize                            - Undefined Weak Reference
    __sigvec_lookup                           - Undefined Weak Reference
    __user_heap_extent                        - Undefined Weak Reference
    _atexit_init                              - Undefined Weak Reference
    _call_atexit_fns                          - Undefined Weak Reference
    _clock_init                               - Undefined Weak Reference
    _fp_trap_init                             - Undefined Weak Reference
    _fp_trap_shutdown                         - Undefined Weak Reference
    _get_lc_collate                           - Undefined Weak Reference
    _get_lc_monetary                          - Undefined Weak Reference
    _get_lc_time                              - Undefined Weak Reference
    _getenv_init                              - Undefined Weak Reference
    _handle_redirection                       - Undefined Weak Reference
    _initio                                   - Undefined Weak Reference
    _mutex_acquire                            - Undefined Weak Reference
    _mutex_free                               - Undefined Weak Reference
    _mutex_release                            - Undefined Weak Reference
    _printf_mbtowc                            - Undefined Weak Reference
    _printf_wc                                - Undefined Weak Reference
    _rand_init                                - Undefined Weak Reference
    _signal_finish                            - Undefined Weak Reference
    _signal_init                              - Undefined Weak Reference
    _terminateio                              - Undefined Weak Reference
    Image$$RW_IRAM1$$Length                  0x00000008   Number         0  anon$$obj.o ABSOLUTE
    Image$$RW_IRAM1$$RW$$Length              0x00000008   Number         0  anon$$obj.o ABSOLUTE
    __Vectors_Size                           0x00000188   Number         0  startup_stm32l476xx.o ABSOLUTE
    Image$$RW_IRAM1$$ZI$$Length              0x00000918   Number         0  anon$$obj.o ABSOLUTE
    Image$$ER_IROM1$$RO$$Length              0x00004a44   Number         0  anon$$obj.o ABSOLUTE
    Image$$ER_IROM1$$RO$$Base                0x08000000   Number         0  anon$$obj.o ABSOLUTE
    Load$$ER_IROM1$$Base                     0x08000000   Number         0  anon$$obj.o ABSOLUTE
    __Vectors                                0x08000000   Data           4  startup_stm32l476xx.o(RESET)
    __Vectors_End                            0x08000188   Data           0  startup_stm32l476xx.o(RESET)
    __main                                   0x08000189   Thumb Code     8  __main.o(!!!main)
    __scatterload                            0x08000191   Thumb Code     0  __scatter.o(!!!scatter)
    __scatterload_rt2                        0x08000191   Thumb Code    84  __scatter.o(!!!scatter)
    __scatterload_rt2_thumb_only             0x08000191   Thumb Code     0  __scatter.o(!!!scatter)
    __scatterload_loop                       0x0800019b   Thumb Code     0  __scatter.o(!!!scatter)
    __scatterload_copy                       0x080001ed   Thumb Code    26  __scatter_copy.o(!!handler_copy)
    __scatterload_null                       0x08000209   Thumb Code     2  __scatter.o(!!handler_null)
    __scatterload_zeroinit                   0x0800020d   Thumb Code    28  __scatter_zi.o(!!handler_zi)
    _printf_n                                0x08000229   Thumb Code     0  _printf_n.o(.ARM.Collect$$_printf_percent$$00000001)
    _printf_percent                          0x08000229   Thumb Code     0  _printf_percent.o(.ARM.Collect$$_printf_percent$$00000000)
    _printf_p                                0x0800022f   Thumb Code     0  _printf_p.o(.ARM.Collect$$_printf_percent$$00000002)
    _printf_f                                0x08000235   Thumb Code     0  _printf_f.o(.ARM.Collect$$_printf_percent$$00000003)
    _printf_e                                0x0800023b   Thumb Code     0  _printf_e.o(.ARM.Collect$$_printf_percent$$00000004)
    _printf_g                                0x08000241   Thumb Code     0  _printf_g.o(.ARM.Collect$$_printf_percent$$00000005)
    _printf_a                                0x08000247   Thumb Code     0  _printf_a.o(.ARM.Collect$$_printf_percent$$00000006)
    _printf_ll                               0x0800024d   Thumb Code     0  _printf_ll.o(.ARM.Collect$$_printf_percent$$00000007)
    _printf_i                                0x08000257   Thumb Code     0  _printf_i.o(.ARM.Collect$$_printf_percent$$00000008)
    _printf_d                                0x0800025d   Thumb Code     0  _printf_d.o(.ARM.Collect$$_printf_percent$$00000009)
    _printf_u                                0x08000263   Thumb Code     0  _printf_u.o(.ARM.Collect$$_printf_percent$$0000000A)
    _printf_o                                0x08000269   Thumb Code     0  _printf_o.o(.ARM.Collect$$_printf_percent$$0000000B)
    _printf_x                                0x0800026f   Thumb Code     0  _printf_x.o(.ARM.Collect$$_printf_percent$$0000000C)
    _printf_lli                              0x08000275   Thumb Code     0  _printf_lli.o(.ARM.Collect$$_printf_percent$$0000000D)
    _printf_lld                              0x0800027b   Thumb Code     0  _printf_lld.o(.ARM.Collect$$_printf_percent$$0000000E)
    _printf_llu                              0x08000281   Thumb Code     0  _printf_llu.o(.ARM.Collect$$_printf_percent$$0000000F)
    _printf_llo                              0x08000287   Thumb Code     0  _printf_llo.o(.ARM.Collect$$_printf_percent$$00000010)
    _printf_llx                              0x0800028d   Thumb Code     0  _printf_llx.o(.ARM.Collect$$_printf_percent$$00000011)
    _printf_l                                0x08000293   Thumb Code     0  _printf_l.o(.ARM.Collect$$_printf_percent$$00000012)
    _printf_c                                0x0800029d   Thumb Code     0  _printf_c.o(.ARM.Collect$$_printf_percent$$00000013)
    _printf_s                                0x080002a3   Thumb Code     0  _printf_s.o(.ARM.Collect$$_printf_percent$$00000014)
    _printf_lc                               0x080002a9   Thumb Code     0  _printf_lc.o(.ARM.Collect$$_printf_percent$$00000015)
    _printf_ls                               0x080002af   Thumb Code     0  _printf_ls.o(.ARM.Collect$$_printf_percent$$00000016)
    _printf_percent_end                      0x080002b5   Thumb Code     0  _printf_percent_end.o(.ARM.Collect$$_printf_percent$$00000017)
    __rt_lib_init                            0x080002b9   Thumb Code     0  libinit.o(.ARM.Collect$$libinit$$00000000)
    __rt_lib_init_fp_1                       0x080002bb   Thumb Code     0  libinit2.o(.ARM.Collect$$libinit$$00000001)
    __rt_lib_init_heap_2                     0x080002bf   Thumb Code     0  libinit2.o(.ARM.Collect$$libinit$$00000007)
    __rt_lib_init_preinit_1                  0x080002bf   Thumb Code     0  libinit2.o(.ARM.Collect$$libinit$$00000006)
    __rt_lib_init_relocate_pie_1             0x080002bf   Thumb Code     0  libinit2.o(.ARM.Collect$$libinit$$00000004)
    __rt_lib_init_heap_1                     0x080002c7   Thumb Code     0  libinit2.o(.ARM.Collect$$libinit$$0000000C)
    __rt_lib_init_lc_common                  0x080002c7   Thumb Code     0  libinit2.o(.ARM.Collect$$libinit$$00000011)
    __rt_lib_init_rand_1                     0x080002c7   Thumb Code     0  libinit2.o(.ARM.Collect$$libinit$$00000010)
    __rt_lib_init_user_alloc_1               0x080002c7   Thumb Code     0  libinit2.o(.ARM.Collect$$libinit$$0000000E)
    __rt_lib_init_lc_collate_1               0x080002cd   Thumb Code     0  libinit2.o(.ARM.Collect$$libinit$$00000013)
    __rt_lib_init_lc_ctype_2                 0x080002cd   Thumb Code     0  libinit2.o(.ARM.Collect$$libinit$$00000014)
    __rt_lib_init_lc_ctype_1                 0x080002d9   Thumb Code     0  libinit2.o(.ARM.Collect$$libinit$$00000015)
    __rt_lib_init_lc_monetary_1              0x080002d9   Thumb Code     0  libinit2.o(.ARM.Collect$$libinit$$00000017)
    __rt_lib_init_lc_numeric_2               0x080002d9   Thumb Code     0  libinit2.o(.ARM.Collect$$libinit$$00000018)
    __rt_lib_init_alloca_1                   0x080002e3   Thumb Code     0  libinit2.o(.ARM.Collect$$libinit$$00000030)
    __rt_lib_init_argv_1                     0x080002e3   Thumb Code     0  libinit2.o(.ARM.Collect$$libinit$$0000002E)
    __rt_lib_init_atexit_1                   0x080002e3   Thumb Code     0  libinit2.o(.ARM.Collect$$libinit$$0000001D)
    __rt_lib_init_clock_1                    0x080002e3   Thumb Code     0  libinit2.o(.ARM.Collect$$libinit$$00000023)
    __rt_lib_init_cpp_1                      0x080002e3   Thumb Code     0  libinit2.o(.ARM.Collect$$libinit$$00000034)
    __rt_lib_init_exceptions_1               0x080002e3   Thumb Code     0  libinit2.o(.ARM.Collect$$libinit$$00000032)
    __rt_lib_init_fp_trap_1                  0x080002e3   Thumb Code     0  libinit2.o(.ARM.Collect$$libinit$$00000021)
    __rt_lib_init_getenv_1                   0x080002e3   Thumb Code     0  libinit2.o(.ARM.Collect$$libinit$$00000025)
    __rt_lib_init_lc_numeric_1               0x080002e3   Thumb Code     0  libinit2.o(.ARM.Collect$$libinit$$00000019)
    __rt_lib_init_lc_time_1                  0x080002e3   Thumb Code     0  libinit2.o(.ARM.Collect$$libinit$$0000001B)
    __rt_lib_init_return                     0x080002e3   Thumb Code     0  libinit2.o(.ARM.Collect$$libinit$$00000035)
    __rt_lib_init_signal_1                   0x080002e3   Thumb Code     0  libinit2.o(.ARM.Collect$$libinit$$0000001F)
    __rt_lib_init_stdio_1                    0x080002e3   Thumb Code     0  libinit2.o(.ARM.Collect$$libinit$$00000027)
    __rt_lib_shutdown                        0x080002e5   Thumb Code     0  libshutdown.o(.ARM.Collect$$libshutdown$$00000000)
    __rt_lib_shutdown_cpp_1                  0x080002e7   Thumb Code     0  libshutdown2.o(.ARM.Collect$$libshutdown$$00000002)
    __rt_lib_shutdown_fp_trap_1              0x080002e7   Thumb Code     0  libshutdown2.o(.ARM.Collect$$libshutdown$$00000007)
    __rt_lib_shutdown_heap_1                 0x080002e7   Thumb Code     0  libshutdown2.o(.ARM.Collect$$libshutdown$$0000000F)
    __rt_lib_shutdown_return                 0x080002e7   Thumb Code     0  libshutdown2.o(.ARM.Collect$$libshutdown$$00000010)
    __rt_lib_shutdown_signal_1               0x080002e7   Thumb Code     0  libshutdown2.o(.ARM.Collect$$libshutdown$$0000000A)
    __rt_lib_shutdown_stdio_1                0x080002e7   Thumb Code     0  libshutdown2.o(.ARM.Collect$$libshutdown$$00000004)
    __rt_lib_shutdown_user_alloc_1           0x080002e7   Thumb Code     0  libshutdown2.o(.ARM.Collect$$libshutdown$$0000000C)
    __rt_entry                               0x080002e9   Thumb Code     0  __rtentry.o(.ARM.Collect$$rtentry$$00000000)
    __rt_entry_presh_1                       0x080002e9   Thumb Code     0  __rtentry2.o(.ARM.Collect$$rtentry$$00000002)
    __rt_entry_sh                            0x080002e9   Thumb Code     0  __rtentry4.o(.ARM.Collect$$rtentry$$00000004)
    __rt_entry_li                            0x080002ef   Thumb Code     0  __rtentry2.o(.ARM.Collect$$rtentry$$0000000A)
    __rt_entry_postsh_1                      0x080002ef   Thumb Code     0  __rtentry2.o(.ARM.Collect$$rtentry$$00000009)
    __rt_entry_main                          0x080002f3   Thumb Code     0  __rtentry2.o(.ARM.Collect$$rtentry$$0000000D)
    __rt_entry_postli_1                      0x080002f3   Thumb Code     0  __rtentry2.o(.ARM.Collect$$rtentry$$0000000C)
    __rt_exit                                0x080002fb   Thumb Code     0  rtexit.o(.ARM.Collect$$rtexit$$00000000)
    __rt_exit_ls                             0x080002fd   Thumb Code     0  rtexit2.o(.ARM.Collect$$rtexit$$00000003)
    __rt_exit_prels_1                        0x080002fd   Thumb Code     0  rtexit2.o(.ARM.Collect$$rtexit$$00000002)
    __rt_exit_exit                           0x08000301   Thumb Code     0  rtexit2.o(.ARM.Collect$$rtexit$$00000004)
    Reset_Handler                            0x08000309   Thumb Code    62  startup_stm32l476xx.o(.text)
    NMI_Handler                              0x08000347   Thumb Code     2  startup_stm32l476xx.o(.text)
    HardFault_Handler                        0x08000349   Thumb Code     2  startup_stm32l476xx.o(.text)
    MemManage_Handler                        0x0800034b   Thumb Code     2  startup_stm32l476xx.o(.text)
    BusFault_Handler                         0x0800034d   Thumb Code     2  startup_stm32l476xx.o(.text)
    UsageFault_Handler                       0x0800034f   Thumb Code     2  startup_stm32l476xx.o(.text)
    SVC_Handler                              0x08000351   Thumb Code     2  startup_stm32l476xx.o(.text)
    DebugMon_Handler                         0x08000353   Thumb Code     2  startup_stm32l476xx.o(.text)
    PendSV_Handler                           0x08000355   Thumb Code     2  startup_stm32l476xx.o(.text)
    ADC1_2_IRQHandler                        0x08000359   Thumb Code     0  startup_stm32l476xx.o(.text)
    ADC3_IRQHandler                          0x08000359   Thumb Code     0  startup_stm32l476xx.o(.text)
    CAN1_RX0_IRQHandler                      0x08000359   Thumb Code     0  startup_stm32l476xx.o(.text)
    CAN1_RX1_IRQHandler                      0x08000359   Thumb Code     0  startup_stm32l476xx.o(.text)
    CAN1_SCE_IRQHandler                      0x08000359   Thumb Code     0  startup_stm32l476xx.o(.text)
    CAN1_TX_IRQHandler                       0x08000359   Thumb Code     0  startup_stm32l476xx.o(.text)
    COMP_IRQHandler                          0x08000359   Thumb Code     0  startup_stm32l476xx.o(.text)
    DFSDM0_IRQHandler                        0x08000359   Thumb Code     0  startup_stm32l476xx.o(.text)
    DFSDM1_IRQHandler                        0x08000359   Thumb Code     0  startup_stm32l476xx.o(.text)
    DFSDM2_IRQHandler                        0x08000359   Thumb Code     0  startup_stm32l476xx.o(.text)
    DFSDM3_IRQHandler                        0x08000359   Thumb Code     0  startup_stm32l476xx.o(.text)
    DMA1_Channel1_IRQHandler                 0x08000359   Thumb Code     0  startup_stm32l476xx.o(.text)
    DMA1_Channel2_IRQHandler                 0x08000359   Thumb Code     0  startup_stm32l476xx.o(.text)
    DMA1_Channel3_IRQHandler                 0x08000359   Thumb Code     0  startup_stm32l476xx.o(.text)
    DMA1_Channel4_IRQHandler                 0x08000359   Thumb Code     0  startup_stm32l476xx.o(.text)
    DMA1_Channel5_IRQHandler                 0x08000359   Thumb Code     0  startup_stm32l476xx.o(.text)
    DMA1_Channel6_IRQHandler                 0x08000359   Thumb Code     0  startup_stm32l476xx.o(.text)
    DMA1_Channel7_IRQHandler                 0x08000359   Thumb Code     0  startup_stm32l476xx.o(.text)
    DMA2_Channel1_IRQHandler                 0x08000359   Thumb Code     0  startup_stm32l476xx.o(.text)
    DMA2_Channel2_IRQHandler                 0x08000359   Thumb Code     0  startup_stm32l476xx.o(.text)
    DMA2_Channel3_IRQHandler                 0x08000359   Thumb Code     0  startup_stm32l476xx.o(.text)
    DMA2_Channel4_IRQHandler                 0x08000359   Thumb Code     0  startup_stm32l476xx.o(.text)
    DMA2_Channel5_IRQHandler                 0x08000359   Thumb Code     0  startup_stm32l476xx.o(.text)
    DMA2_Channel6_IRQHandler                 0x08000359   Thumb Code     0  startup_stm32l476xx.o(.text)
    DMA2_Channel7_IRQHandler                 0x08000359   Thumb Code     0  startup_stm32l476xx.o(.text)
    EXTI0_IRQHandler                         0x08000359   Thumb Code     0  startup_stm32l476xx.o(.text)
    EXTI15_10_IRQHandler                     0x08000359   Thumb Code     0  startup_stm32l476xx.o(.text)
    EXTI1_IRQHandler                         0x08000359   Thumb Code     0  startup_stm32l476xx.o(.text)
    EXTI2_IRQHandler                         0x08000359   Thumb Code     0  startup_stm32l476xx.o(.text)
    EXTI9_5_IRQHandler                       0x08000359   Thumb Code     0  startup_stm32l476xx.o(.text)
    FLASH_IRQHandler                         0x08000359   Thumb Code     0  startup_stm32l476xx.o(.text)
    FMC_IRQHandler                           0x08000359   Thumb Code     0  startup_stm32l476xx.o(.text)
    FPU_IRQHandler                           0x08000359   Thumb Code     0  startup_stm32l476xx.o(.text)
    I2C1_ER_IRQHandler                       0x08000359   Thumb Code     0  startup_stm32l476xx.o(.text)
    I2C1_EV_IRQHandler                       0x08000359   Thumb Code     0  startup_stm32l476xx.o(.text)
    I2C2_ER_IRQHandler                       0x08000359   Thumb Code     0  startup_stm32l476xx.o(.text)
    I2C2_EV_IRQHandler                       0x08000359   Thumb Code     0  startup_stm32l476xx.o(.text)
    I2C3_ER_IRQHandler                       0x08000359   Thumb Code     0  startup_stm32l476xx.o(.text)
    I2C3_EV_IRQHandler                       0x08000359   Thumb Code     0  startup_stm32l476xx.o(.text)
    LCD_IRQHandler                           0x08000359   Thumb Code     0  startup_stm32l476xx.o(.text)
    LPTIM1_IRQHandler                        0x08000359   Thumb Code     0  startup_stm32l476xx.o(.text)
    LPTIM2_IRQHandler                        0x08000359   Thumb Code     0  startup_stm32l476xx.o(.text)
    LPUART1_IRQHandler                       0x08000359   Thumb Code     0  startup_stm32l476xx.o(.text)
    OTG_FS_IRQHandler                        0x08000359   Thumb Code     0  startup_stm32l476xx.o(.text)
    PVD_PVM_IRQHandler                       0x08000359   Thumb Code     0  startup_stm32l476xx.o(.text)
    QUADSPI_IRQHandler                       0x08000359   Thumb Code     0  startup_stm32l476xx.o(.text)
    RCC_IRQHandler                           0x08000359   Thumb Code     0  startup_stm32l476xx.o(.text)
    RNG_IRQHandler                           0x08000359   Thumb Code     0  startup_stm32l476xx.o(.text)
    RTC_Alarm_IRQHandler                     0x08000359   Thumb Code     0  startup_stm32l476xx.o(.text)
    RTC_WKUP_IRQHandler                      0x08000359   Thumb Code     0  startup_stm32l476xx.o(.text)
    SAI1_IRQHandler                          0x08000359   Thumb Code     0  startup_stm32l476xx.o(.text)
    SAI2_IRQHandler                          0x08000359   Thumb Code     0  startup_stm32l476xx.o(.text)
    SDMMC1_IRQHandler                        0x08000359   Thumb Code     0  startup_stm32l476xx.o(.text)
    SPI1_IRQHandler                          0x08000359   Thumb Code     0  startup_stm32l476xx.o(.text)
    SPI2_IRQHandler                          0x08000359   Thumb Code     0  startup_stm32l476xx.o(.text)
    SPI3_IRQHandler                          0x08000359   Thumb Code     0  startup_stm32l476xx.o(.text)
    SWPMI1_IRQHandler                        0x08000359   Thumb Code     0  startup_stm32l476xx.o(.text)
    TAMP_STAMP_IRQHandler                    0x08000359   Thumb Code     0  startup_stm32l476xx.o(.text)
    TIM1_BRK_TIM15_IRQHandler                0x08000359   Thumb Code     0  startup_stm32l476xx.o(.text)
    TIM1_CC_IRQHandler                       0x08000359   Thumb Code     0  startup_stm32l476xx.o(.text)
    TIM1_TRG_COM_TIM17_IRQHandler            0x08000359   Thumb Code     0  startup_stm32l476xx.o(.text)
    TIM1_UP_TIM16_IRQHandler                 0x08000359   Thumb Code     0  startup_stm32l476xx.o(.text)
    TIM3_IRQHandler                          0x08000359   Thumb Code     0  startup_stm32l476xx.o(.text)
    TIM5_IRQHandler                          0x08000359   Thumb Code     0  startup_stm32l476xx.o(.text)
    TIM6_DAC_IRQHandler                      0x08000359   Thumb Code     0  startup_stm32l476xx.o(.text)
    TIM7_IRQHandler                          0x08000359   Thumb Code     0  startup_stm32l476xx.o(.text)
    TIM8_BRK_IRQHandler                      0x08000359   Thumb Code     0  startup_stm32l476xx.o(.text)
    TIM8_CC_IRQHandler                       0x08000359   Thumb Code     0  startup_stm32l476xx.o(.text)
    TIM8_TRG_COM_IRQHandler                  0x08000359   Thumb Code     0  startup_stm32l476xx.o(.text)
    TIM8_UP_IRQHandler                       0x08000359   Thumb Code     0  startup_stm32l476xx.o(.text)
    TSC_IRQHandler                           0x08000359   Thumb Code     0  startup_stm32l476xx.o(.text)
    UART4_IRQHandler                         0x08000359   Thumb Code     0  startup_stm32l476xx.o(.text)
    UART5_IRQHandler                         0x08000359   Thumb Code     0  startup_stm32l476xx.o(.text)
    USART1_IRQHandler                        0x08000359   Thumb Code     0  startup_stm32l476xx.o(.text)
    USART2_IRQHandler                        0x08000359   Thumb Code     0  startup_stm32l476xx.o(.text)
    USART3_IRQHandler                        0x08000359   Thumb Code     0  startup_stm32l476xx.o(.text)
    WWDG_IRQHandler                          0x08000359   Thumb Code     0  startup_stm32l476xx.o(.text)
    __user_initial_stackheap                 0x0800035d   Thumb Code     0  startup_stm32l476xx.o(.text)
    malloc                                   0x08000395   Thumb Code    94  h1_alloc.o(.text)
    free                                     0x080003f3   Thumb Code    78  h1_free.o(.text)
    snprintf                                 0x08000441   Thumb Code    58  snprintf.o(.text)
    __aeabi_memcpy                           0x08000481   Thumb Code     0  rt_memcpy_v6.o(.text)
    __rt_memcpy                              0x08000481   Thumb Code   138  rt_memcpy_v6.o(.text)
    _memcpy_lastbytes                        0x080004e7   Thumb Code     0  rt_memcpy_v6.o(.text)
    __use_two_region_memory                  0x0800050b   Thumb Code     2  heapauxi.o(.text)
    __rt_heap_escrow                         0x0800050d   Thumb Code     2  heapauxi.o(.text)
    __rt_heap_expand                         0x0800050f   Thumb Code     2  heapauxi.o(.text)
    __rt_heap_descriptor                     0x08000511   Thumb Code     8  rt_heap_descriptor_intlibspace.o(.text)
    __use_no_heap                            0x08000519   Thumb Code     2  hguard.o(.text)
    __heap$guard                             0x0800051b   Thumb Code     2  hguard.o(.text)
    _terminate_user_alloc                    0x0800051d   Thumb Code     2  init_alloc.o(.text)
    _init_user_alloc                         0x0800051f   Thumb Code     2  init_alloc.o(.text)
    __Heap_Full                              0x08000521   Thumb Code    34  init_alloc.o(.text)
    __Heap_Broken                            0x08000543   Thumb Code     6  init_alloc.o(.text)
    _init_alloc                              0x08000549   Thumb Code    94  init_alloc.o(.text)
    __Heap_Initialize                        0x080005a7   Thumb Code     8  h1_init.o(.text)
    __Heap_DescSize                          0x080005af   Thumb Code     4  h1_init.o(.text)
    _printf_pre_padding                      0x080005b3   Thumb Code    44  _printf_pad.o(.text)
    _printf_post_padding                     0x080005df   Thumb Code    34  _printf_pad.o(.text)
    _printf_truncate_signed                  0x08000601   Thumb Code    18  _printf_truncate.o(.text)
    _printf_truncate_unsigned                0x08000613   Thumb Code    18  _printf_truncate.o(.text)
    _printf_str                              0x08000625   Thumb Code    82  _printf_str.o(.text)
    _printf_int_dec                          0x08000679   Thumb Code   104  _printf_dec.o(.text)
    _printf_charcount                        0x080006f1   Thumb Code    40  _printf_charcount.o(.text)
    _printf_char_common                      0x08000723   Thumb Code    32  _printf_char_common.o(.text)
    _snputc                                  0x08000749   Thumb Code    16  _snputc.o(.text)
    _printf_wctomb                           0x08000759   Thumb Code   182  _printf_wctomb.o(.text)
    _printf_longlong_dec                     0x0800081d   Thumb Code   108  _printf_longlong_dec.o(.text)
    _printf_longlong_oct                     0x08000899   Thumb Code    68  _printf_oct_int_ll.o(.text)
    _printf_int_oct                          0x080008dd   Thumb Code    24  _printf_oct_int_ll.o(.text)
    _printf_ll_oct                           0x080008f5   Thumb Code    12  _printf_oct_int_ll.o(.text)
    _printf_longlong_hex                     0x08000909   Thumb Code    86  _printf_hex_int_ll_ptr.o(.text)
    _printf_int_hex                          0x0800095f   Thumb Code    28  _printf_hex_int_ll_ptr.o(.text)
    _printf_ll_hex                           0x0800097b   Thumb Code    12  _printf_hex_int_ll_ptr.o(.text)
    _printf_hex_ptr                          0x08000987   Thumb Code    18  _printf_hex_int_ll_ptr.o(.text)
    __printf                                 0x0800099d   Thumb Code   388  __printf_flags_ss_wp.o(.text)
    __aeabi_memcpy4                          0x08000b2b   Thumb Code     0  rt_memcpy_w.o(.text)
    __aeabi_memcpy8                          0x08000b2b   Thumb Code     0  rt_memcpy_w.o(.text)
    __rt_memcpy_w                            0x08000b2b   Thumb Code   100  rt_memcpy_w.o(.text)
    _memcpy_lastbytes_aligned                0x08000b73   Thumb Code     0  rt_memcpy_w.o(.text)
    __user_libspace                          0x08000b91   Thumb Code     8  libspace.o(.text)
    __user_perproc_libspace                  0x08000b91   Thumb Code     0  libspace.o(.text)
    __user_perthread_libspace                0x08000b91   Thumb Code     0  libspace.o(.text)
    __Heap_ProvideMemory                     0x08000b99   Thumb Code    52  h1_extend.o(.text)
    _maybe_terminate_alloc                   0x08000b99   Thumb Code     0  maybetermalloc1.o(.text)
    _ll_udiv10                               0x08000bcd   Thumb Code   138  lludiv10.o(.text)
    _printf_int_common                       0x08000c57   Thumb Code   178  _printf_intcommon.o(.text)
    _printf_fp_dec_real                      0x08000eb9   Thumb Code   620  _printf_fp_dec.o(.text)
    _printf_fp_hex_real                      0x0800112d   Thumb Code   756  _printf_fp_hex.o(.text)
    _printf_cs_common                        0x0800142f   Thumb Code    20  _printf_char.o(.text)
    _printf_char                             0x08001443   Thumb Code    16  _printf_char.o(.text)
    _printf_string                           0x08001453   Thumb Code     8  _printf_char.o(.text)
    _printf_lcs_common                       0x0800145b   Thumb Code    20  _printf_wchar.o(.text)
    _printf_wchar                            0x0800146f   Thumb Code    16  _printf_wchar.o(.text)
    _printf_wstring                          0x0800147f   Thumb Code     8  _printf_wchar.o(.text)
    _c16rtomb                                0x08001487   Thumb Code    72  _c16rtomb.o(.text)
    _wcrtomb                                 0x08001487   Thumb Code     0  _c16rtomb.o(.text)
    __rt_SIGRTMEM                            0x080014cf   Thumb Code    14  defsig_rtmem_outer.o(.text)
    __I$use$semihosting                      0x080014dd   Thumb Code     0  use_no_semi.o(.text)
    __use_no_semihosting_swi                 0x080014dd   Thumb Code     2  use_no_semi.o(.text)
    __semihosting_library_function           0x080014df   Thumb Code     0  indicate_semi.o(.text)
    __user_setup_stackheap                   0x080014df   Thumb Code    74  sys_stackheap_outer.o(.text)
    __rt_ctype_table                         0x08001529   Thumb Code    16  rt_ctype_table.o(.text)
    __rt_locale                              0x08001539   Thumb Code     8  rt_locale_intlibspace.o(.text)
    _printf_fp_infnan                        0x08001541   Thumb Code   112  _printf_fp_infnan.o(.text)
    _btod_etento                             0x080015c1   Thumb Code   224  bigflt0.o(.text)
    exit                                     0x080016a5   Thumb Code    18  exit.o(.text)
    __sig_exit                               0x080016b7   Thumb Code    10  defsig_exit.o(.text)
    __rt_SIGRTMEM_inner                      0x080016c1   Thumb Code    22  defsig_rtmem_inner.o(.text)
    _sys_exit                                0x08001711   Thumb Code     8  sys_exit.o(.text)
    __default_signal_display                 0x0800171d   Thumb Code    50  defsig_general.o(.text)
    strcmp                                   0x08001751   Thumb Code   124  strcmpv7em.o(.text)
    _ttywrch                                 0x080017cd   Thumb Code    14  sys_wrch.o(.text)
    EXTI3_IRQHandler                         0x080017dd   Thumb Code    26  interupt_handlers.o(.text.EXTI3_IRQHandler)
    EXTI4_IRQHandler                         0x080017f9   Thumb Code    26  interupt_handlers.o(.text.EXTI4_IRQHandler)
    GeneralPurposeTimer_Create               0x08001815   Thumb Code   308  timer_lib.o(.text.GeneralPurposeTimer_Create)
    GenevaLCDDevice_Create                   0x08001949   Thumb Code   246  lcd_lib.o(.text.GenevaLCDDevice_Create)
    GetGPIO                                  0x08001a41   Thumb Code    38  gpio_lib.o(.text.GetGPIO)
    IODevice_Create                          0x08001a69   Thumb Code   366  gpio_lib.o(.text.IODevice_Create)
    InitSysTick                              0x08001bd9   Thumb Code    74  _init_.o(.text.InitSysTick)
    MODERSet                                 0x08001c25   Thumb Code   172  gpio_lib.o(.text.MODERSet)
    PeripheralInteruptHandling_Create        0x08001cd1   Thumb Code    66  interupt_lib.o(.text.PeripheralInteruptHandling_Create)
    SetGPIO                                  0x08001d15   Thumb Code    44  gpio_lib.o(.text.SetGPIO)
    SysTick_Handler                          0x08001d41   Thumb Code    14  interupt_handlers.o(.text.SysTick_Handler)
    TIM2_IRQHandler                          0x08001d51   Thumb Code   408  interupt_handlers.o(.text.TIM2_IRQHandler)
    TIM4_IRQHandler                          0x08001ef9   Thumb Code    26  interupt_handlers.o(.text.TIM4_IRQHandler)
    _initLCD_                                0x08002035   Thumb Code    24  lcd_lib.o(.text._initLCD_)
    _init_                                   0x0800204d   Thumb Code   704  _init_.o(.text._init_)
    _init_GPIOInterupt                       0x08002311   Thumb Code   406  interupt_lib.o(.text._init_GPIOInterupt)
    calcFrequency                            0x080024a9   Thumb Code    68  main.o(.text.calcFrequency)
    calcVoltage                              0x080024ed   Thumb Code    76  main.o(.text.calcVoltage)
    createFreqString                         0x08002539   Thumb Code    48  main.o(.text.createFreqString)
    createVoltString                         0x08002569   Thumb Code    48  main.o(.text.createVoltString)
    displayUpdate                            0x08002599   Thumb Code   260  main.o(.text.displayUpdate)
    getBits                                  0x0800269d   Thumb Code    22  timer_lib.o(.text.getBits)
    getState                                 0x080026b5   Thumb Code    46  gpio_lib.o(.text.getState)
    greedyClearDisplay                       0x080026e5   Thumb Code    56  lcd_lib.o(.text.greedyClearDisplay)
    greedyMoveCursor                         0x08002721   Thumb Code    48  lcd_lib.o(.text.greedyMoveCursor)
    greedyRunCommand                         0x08002751   Thumb Code    22  lcd_lib.o(.text.greedyRunCommand)
    greedyWait                               0x08002769   Thumb Code   258  timer_lib.o(.text.greedyWait)
    greedyWriteString                        0x0800286d   Thumb Code   146  lcd_lib.o(.text.greedyWriteString)
    i2c1_Init                                0x08002901   Thumb Code    68  lcd_routines.o(.text.i2c1_Init)
    i2c1_Pinmode_PB67                        0x08002945   Thumb Code    82  lcd_routines.o(.text.i2c1_Pinmode_PB67)
    initCCInterupt                           0x08002999   Thumb Code   108  interupt_lib.o(.text.initCCInterupt)
    lcd_Command                              0x08002a05   Thumb Code   272  lcd_routines.o(.text.lcd_Command)
    lcd_Init                                 0x08002b15   Thumb Code   382  lcd_routines.o(.text.lcd_Init)
    lcd_Nack                                 0x08002c95   Thumb Code    16  lcd_lib.o(.text.lcd_Nack)
    lcd_Write                                0x08002ca5   Thumb Code   272  lcd_routines.o(.text.lcd_Write)
    main                                     0x08002db5   Thumb Code   622  main.o(.text.main)
    readVoltage                              0x08003029   Thumb Code   160  main.o(.text.readVoltage)
    sendBits                                 0x080030d9   Thumb Code    20  lcd_lib.o(.text.sendBits)
    sendMSGBits                              0x080030ed   Thumb Code    96  lcd_lib.o(.text.sendMSGBits)
    setBits                                  0x0800314d   Thumb Code    48  timer_lib.o(.text.setBits)
    setIRQn                                  0x0800317d   Thumb Code    62  interupt_lib.o(.text.setIRQn)
    setIXER                                  0x080031bd   Thumb Code    28  interupt_lib.o(.text.setIXER)
    setPinInterupt                           0x080031d9   Thumb Code   140  interupt_lib.o(.text.setPinInterupt)
    setPriorityBit                           0x08003265   Thumb Code    24  interupt_lib.o(.text.setPriorityBit)
    setState                                 0x0800327d   Thumb Code    50  gpio_lib.o(.text.setState)
    startTalking                             0x080032b1   Thumb Code    70  lcd_lib.o(.text.startTalking)
    tim6_Del                                 0x080032f9   Thumb Code    66  lcd_routines.o(.text.tim6_Del)
    tim6_Init                                0x0800333d   Thumb Code    70  lcd_routines.o(.text.tim6_Init)
    toggle                                   0x08003385   Thumb Code    52  gpio_lib.o(.text.toggle)
    _btod_d2e                                0x080033b9   Thumb Code    62  btod.o(CL$$btod_d2e)
    _d2e_denorm_low                          0x080033f7   Thumb Code    70  btod.o(CL$$btod_d2e_denorm_low)
    _d2e_norm_op1                            0x0800343d   Thumb Code    96  btod.o(CL$$btod_d2e_norm_op1)
    __btod_div_common                        0x0800349d   Thumb Code   696  btod.o(CL$$btod_div_common)
    _e2e                                     0x080037d5   Thumb Code   220  btod.o(CL$$btod_e2e)
    _btod_ediv                               0x080038b1   Thumb Code    42  btod.o(CL$$btod_ediv)
    _btod_emul                               0x080038db   Thumb Code    42  btod.o(CL$$btod_emul)
    __btod_mult_common                       0x08003905   Thumb Code   580  btod.o(CL$$btod_mult_common)
    __ARM_fpclassify                         0x08003b49   Thumb Code    48  fpclassify.o(i.__ARM_fpclassify)
    _is_digit                                0x08003b79   Thumb Code    14  __printf_wp.o(i._is_digit)
    _get_lc_numeric                          0x08003b89   Thumb Code    44  lc_numeric_c.o(locale$$code)
    _get_lc_ctype                            0x08003bb5   Thumb Code    44  lc_ctype_c.o(locale$$code)
    __aeabi_d2f                              0x08003be1   Thumb Code     0  d2f.o(x$fpl$d2f)
    _d2f                                     0x08003be1   Thumb Code    98  d2f.o(x$fpl$d2f)
    __aeabi_dadd                             0x08003c45   Thumb Code     0  daddsub_clz.o(x$fpl$dadd)
    _dadd                                    0x08003c45   Thumb Code   332  daddsub_clz.o(x$fpl$dadd)
    __fpl_dcmp_Inf                           0x08003d95   Thumb Code    24  dcmpi.o(x$fpl$dcmpinf)
    __aeabi_ddiv                             0x08003dad   Thumb Code     0  ddiv.o(x$fpl$ddiv)
    _ddiv                                    0x08003dad   Thumb Code   560  ddiv.o(x$fpl$ddiv)
    __aeabi_cdcmpeq                          0x08004065   Thumb Code     0  deqf.o(x$fpl$deqf)
    _dcmpeq                                  0x08004065   Thumb Code   120  deqf.o(x$fpl$deqf)
    __aeabi_i2d                              0x080040dd   Thumb Code     0  dflt_clz.o(x$fpl$dflt)
    _dflt                                    0x080040dd   Thumb Code    46  dflt_clz.o(x$fpl$dflt)
    __aeabi_ui2d                             0x0800410b   Thumb Code     0  dflt_clz.o(x$fpl$dfltu)
    _dfltu                                   0x0800410b   Thumb Code    38  dflt_clz.o(x$fpl$dfltu)
    __aeabi_cdcmpge                          0x08004131   Thumb Code     0  dgeqf.o(x$fpl$dgeqf)
    _dcmpge                                  0x08004131   Thumb Code   120  dgeqf.o(x$fpl$dgeqf)
    __aeabi_cdcmple                          0x080041a9   Thumb Code     0  dleqf.o(x$fpl$dleqf)
    _dcmple                                  0x080041a9   Thumb Code   120  dleqf.o(x$fpl$dleqf)
    __fpl_dcmple_InfNaN                      0x0800420b   Thumb Code     0  dleqf.o(x$fpl$dleqf)
    __aeabi_dmul                             0x08004221   Thumb Code     0  dmul.o(x$fpl$dmul)
    _dmul                                    0x08004221   Thumb Code   332  dmul.o(x$fpl$dmul)
    __fpl_dnaninf                            0x08004375   Thumb Code   156  dnaninf.o(x$fpl$dnaninf)
    __fpl_dretinf                            0x08004411   Thumb Code    12  dretinf.o(x$fpl$dretinf)
    __aeabi_dsub                             0x0800441d   Thumb Code     0  daddsub_clz.o(x$fpl$dsub)
    _dsub                                    0x0800441d   Thumb Code   472  daddsub_clz.o(x$fpl$dsub)
    __aeabi_f2d                              0x080045f9   Thumb Code     0  f2d.o(x$fpl$f2d)
    _f2d                                     0x080045f9   Thumb Code    86  f2d.o(x$fpl$f2d)
    __aeabi_dcmpeq                           0x0800464f   Thumb Code     0  dcmp.o(x$fpl$fcmp)
    _deq                                     0x0800464f   Thumb Code    14  dcmp.o(x$fpl$fcmp)
    _dneq                                    0x0800465d   Thumb Code    14  dcmp.o(x$fpl$fcmp)
    __aeabi_dcmpgt                           0x0800466b   Thumb Code     0  dcmp.o(x$fpl$fcmp)
    _dgr                                     0x0800466b   Thumb Code    14  dcmp.o(x$fpl$fcmp)
    __aeabi_dcmpge                           0x08004679   Thumb Code     0  dcmp.o(x$fpl$fcmp)
    _dgeq                                    0x08004679   Thumb Code    14  dcmp.o(x$fpl$fcmp)
    __aeabi_dcmple                           0x08004687   Thumb Code     0  dcmp.o(x$fpl$fcmp)
    _dleq                                    0x08004687   Thumb Code    14  dcmp.o(x$fpl$fcmp)
    __aeabi_dcmplt                           0x08004695   Thumb Code     0  dcmp.o(x$fpl$fcmp)
    _dls                                     0x08004695   Thumb Code    14  dcmp.o(x$fpl$fcmp)
    __fpl_fnaninf                            0x080046a3   Thumb Code   140  fnaninf.o(x$fpl$fnaninf)
    _fp_init                                 0x0800472f   Thumb Code    26  fpinit.o(x$fpl$fpinit)
    __fplib_config_fpu_vfp                   0x08004747   Thumb Code     0  fpinit.o(x$fpl$fpinit)
    __fplib_config_pureend_doubles           0x08004747   Thumb Code     0  fpinit.o(x$fpl$fpinit)
    __fpl_fretinf                            0x08004749   Thumb Code    10  fretinf.o(x$fpl$fretinf)
    _printf_fp_dec                           0x08004753   Thumb Code     4  printf1.o(x$fpl$printf1)
    _printf_fp_hex                           0x08004757   Thumb Code     4  printf2.o(x$fpl$printf2)
    __I$use$fp                               0x0800475a   Number         0  usenofp.o(x$fpl$usenofp)
    Region$$Table$$Base                      0x080048f8   Number         0  anon$$obj.o(Region$$Table)
    Region$$Table$$Limit                     0x08004918   Number         0  anon$$obj.o(Region$$Table)
    __ctype                                  0x08004941   Data           0  lc_ctype_c.o(locale$$data)
    Image$$ER_IROM1$$RO$$Limit               0x08004a44   Number         0  anon$$obj.o ABSOLUTE
    Image$$ER_IROM1$$RW$$Base                0x08004a44   Number         0  anon$$obj.o ABSOLUTE
    Image$$ER_IROM1$$RW$$Limit               0x08004a44   Number         0  anon$$obj.o ABSOLUTE
    Image$$ER_IROM1$$ZI$$Base                0x08004a44   Number         0  anon$$obj.o ABSOLUTE
    Image$$ER_IROM1$$ZI$$Limit               0x08004a44   Number         0  anon$$obj.o ABSOLUTE
    Load$$RW_IRAM1$$Base                     0x08004a48   Number         0  anon$$obj.o ABSOLUTE
    Image$$RW_IRAM1$$Base                    0x20000000   Number         0  anon$$obj.o ABSOLUTE
    Image$$RW_IRAM1$$RO$$Base                0x20000000   Number         0  anon$$obj.o ABSOLUTE
    Image$$RW_IRAM1$$RW$$Base                0x20000000   Number         0  anon$$obj.o ABSOLUTE
    calcVoltFlag                             0x20000000   Data           4  main.o(.data.calcVoltFlag)
    Image$$RW_IRAM1$$Limit                   0x20000008   Number         0  anon$$obj.o ABSOLUTE
    Image$$RW_IRAM1$$RW$$Limit               0x20000008   Number         0  anon$$obj.o ABSOLUTE
    Image$$RW_IRAM1$$ZI$$Base                0x20000008   Number         0  anon$$obj.o ABSOLUTE
    __libspace_start                         0x20000008   Data          96  libspace.o(.bss)
    Display                                  0x20000068   Data           4  main.o(.bss.Display)
    __temporary_stack_top$libspace           0x20000068   Data           0  libspace.o(.bss)
    FreqReader                               0x2000006c   Data          48  main.o(.bss.FreqReader)
    Timer2                                   0x2000009c   Data          24  main.o(.bss.Timer2)
    Timer3                                   0x200000b4   Data          24  _init_.o(.bss.Timer3)
    VoltReader                               0x200000cc   Data          48  main.o(.bss.VoltReader)
    calcFreqFlag                             0x200000fc   Data           4  main.o(.bss.calcFreqFlag)
    freqCounts                               0x20000100   Data           4  main.o(.bss.freqCounts)
    systickFlag                              0x20000104   Data           4  interupt_handlers.o(.bss.systickFlag)
    timeElapsed                              0x20000108   Data           8  interupt_handlers.o(.bss.timeElapsed)
    timeF                                    0x20000110   Data           4  interupt_handlers.o(.bss.timeF)
    timeI                                    0x20000114   Data           4  interupt_handlers.o(.bss.timeI)
    voltageAccum                             0x20000118   Data           4  main.o(.bss.voltageAccum)
    voltageMeasurements                      0x2000011c   Data           4  main.o(.bss.voltageMeasurements)
    Image$$RW_IRAM1$$ZI$$Limit               0x20000920   Number         0  anon$$obj.o ABSOLUTE



==============================================================================

Memory Map of the image

  Image Entry point : 0x08000189

  Load Region LR_IROM1 (Base: 0x08000000, Size: 0x00004a50, Max: 0x00100000, ABSOLUTE)

    Execution Region ER_IROM1 (Exec base: 0x08000000, Load base: 0x08000000, Size: 0x00004a44, Max: 0x00100000, ABSOLUTE)

    Exec Addr    Load Addr    Size         Type   Attr      Idx    E Section Name        Object

    0x08000000   0x08000000   0x00000188   Data   RO           36    RESET               startup_stm32l476xx.o
    0x08000188   0x08000188   0x00000008   Code   RO          304  * !!!main             c_w.l(__main.o)
    0x08000190   0x08000190   0x0000005c   Code   RO          729    !!!scatter          c_w.l(__scatter.o)
    0x080001ec   0x080001ec   0x0000001a   Code   RO          733    !!handler_copy      c_w.l(__scatter_copy.o)
    0x08000206   0x08000206   0x00000002   PAD
    0x08000208   0x08000208   0x00000002   Code   RO          730    !!handler_null      c_w.l(__scatter.o)
    0x0800020a   0x0800020a   0x00000002   PAD
    0x0800020c   0x0800020c   0x0000001c   Code   RO          735    !!handler_zi        c_w.l(__scatter_zi.o)
    0x08000228   0x08000228   0x00000000   Code   RO          437    .ARM.Collect$$_printf_percent$$00000000  c_w.l(_printf_percent.o)
    0x08000228   0x08000228   0x00000006   Code   RO          426    .ARM.Collect$$_printf_percent$$00000001  c_w.l(_printf_n.o)
    0x0800022e   0x0800022e   0x00000006   Code   RO          428    .ARM.Collect$$_printf_percent$$00000002  c_w.l(_printf_p.o)
    0x08000234   0x08000234   0x00000006   Code   RO          433    .ARM.Collect$$_printf_percent$$00000003  c_w.l(_printf_f.o)
    0x0800023a   0x0800023a   0x00000006   Code   RO          434    .ARM.Collect$$_printf_percent$$00000004  c_w.l(_printf_e.o)
    0x08000240   0x08000240   0x00000006   Code   RO          435    .ARM.Collect$$_printf_percent$$00000005  c_w.l(_printf_g.o)
    0x08000246   0x08000246   0x00000006   Code   RO          436    .ARM.Collect$$_printf_percent$$00000006  c_w.l(_printf_a.o)
    0x0800024c   0x0800024c   0x0000000a   Code   RO          441    .ARM.Collect$$_printf_percent$$00000007  c_w.l(_printf_ll.o)
    0x08000256   0x08000256   0x00000006   Code   RO          430    .ARM.Collect$$_printf_percent$$00000008  c_w.l(_printf_i.o)
    0x0800025c   0x0800025c   0x00000006   Code   RO          431    .ARM.Collect$$_printf_percent$$00000009  c_w.l(_printf_d.o)
    0x08000262   0x08000262   0x00000006   Code   RO          432    .ARM.Collect$$_printf_percent$$0000000A  c_w.l(_printf_u.o)
    0x08000268   0x08000268   0x00000006   Code   RO          429    .ARM.Collect$$_printf_percent$$0000000B  c_w.l(_printf_o.o)
    0x0800026e   0x0800026e   0x00000006   Code   RO          427    .ARM.Collect$$_printf_percent$$0000000C  c_w.l(_printf_x.o)
    0x08000274   0x08000274   0x00000006   Code   RO          438    .ARM.Collect$$_printf_percent$$0000000D  c_w.l(_printf_lli.o)
    0x0800027a   0x0800027a   0x00000006   Code   RO          439    .ARM.Collect$$_printf_percent$$0000000E  c_w.l(_printf_lld.o)
    0x08000280   0x08000280   0x00000006   Code   RO          440    .ARM.Collect$$_printf_percent$$0000000F  c_w.l(_printf_llu.o)
    0x08000286   0x08000286   0x00000006   Code   RO          445    .ARM.Collect$$_printf_percent$$00000010  c_w.l(_printf_llo.o)
    0x0800028c   0x0800028c   0x00000006   Code   RO          446    .ARM.Collect$$_printf_percent$$00000011  c_w.l(_printf_llx.o)
    0x08000292   0x08000292   0x0000000a   Code   RO          442    .ARM.Collect$$_printf_percent$$00000012  c_w.l(_printf_l.o)
    0x0800029c   0x0800029c   0x00000006   Code   RO          424    .ARM.Collect$$_printf_percent$$00000013  c_w.l(_printf_c.o)
    0x080002a2   0x080002a2   0x00000006   Code   RO          425    .ARM.Collect$$_printf_percent$$00000014  c_w.l(_printf_s.o)
    0x080002a8   0x080002a8   0x00000006   Code   RO          443    .ARM.Collect$$_printf_percent$$00000015  c_w.l(_printf_lc.o)
    0x080002ae   0x080002ae   0x00000006   Code   RO          444    .ARM.Collect$$_printf_percent$$00000016  c_w.l(_printf_ls.o)
    0x080002b4   0x080002b4   0x00000004   Code   RO          570    .ARM.Collect$$_printf_percent$$00000017  c_w.l(_printf_percent_end.o)
    0x080002b8   0x080002b8   0x00000002   Code   RO          651    .ARM.Collect$$libinit$$00000000  c_w.l(libinit.o)
    0x080002ba   0x080002ba   0x00000004   Code   RO          453    .ARM.Collect$$libinit$$00000001  c_w.l(libinit2.o)
    0x080002be   0x080002be   0x00000000   Code   RO          456    .ARM.Collect$$libinit$$00000004  c_w.l(libinit2.o)
    0x080002be   0x080002be   0x00000000   Code   RO          458    .ARM.Collect$$libinit$$00000006  c_w.l(libinit2.o)
    0x080002be   0x080002be   0x00000008   Code   RO          459    .ARM.Collect$$libinit$$00000007  c_w.l(libinit2.o)
    0x080002c6   0x080002c6   0x00000000   Code   RO          461    .ARM.Collect$$libinit$$0000000C  c_w.l(libinit2.o)
    0x080002c6   0x080002c6   0x00000000   Code   RO          463    .ARM.Collect$$libinit$$0000000E  c_w.l(libinit2.o)
    0x080002c6   0x080002c6   0x00000000   Code   RO          465    .ARM.Collect$$libinit$$00000010  c_w.l(libinit2.o)
    0x080002c6   0x080002c6   0x00000006   Code   RO          466    .ARM.Collect$$libinit$$00000011  c_w.l(libinit2.o)
    0x080002cc   0x080002cc   0x00000000   Code   RO          468    .ARM.Collect$$libinit$$00000013  c_w.l(libinit2.o)
    0x080002cc   0x080002cc   0x0000000c   Code   RO          469    .ARM.Collect$$libinit$$00000014  c_w.l(libinit2.o)
    0x080002d8   0x080002d8   0x00000000   Code   RO          470    .ARM.Collect$$libinit$$00000015  c_w.l(libinit2.o)
    0x080002d8   0x080002d8   0x00000000   Code   RO          472    .ARM.Collect$$libinit$$00000017  c_w.l(libinit2.o)
    0x080002d8   0x080002d8   0x0000000a   Code   RO          473    .ARM.Collect$$libinit$$00000018  c_w.l(libinit2.o)
    0x080002e2   0x080002e2   0x00000000   Code   RO          474    .ARM.Collect$$libinit$$00000019  c_w.l(libinit2.o)
    0x080002e2   0x080002e2   0x00000000   Code   RO          476    .ARM.Collect$$libinit$$0000001B  c_w.l(libinit2.o)
    0x080002e2   0x080002e2   0x00000000   Code   RO          478    .ARM.Collect$$libinit$$0000001D  c_w.l(libinit2.o)
    0x080002e2   0x080002e2   0x00000000   Code   RO          480    .ARM.Collect$$libinit$$0000001F  c_w.l(libinit2.o)
    0x080002e2   0x080002e2   0x00000000   Code   RO          482    .ARM.Collect$$libinit$$00000021  c_w.l(libinit2.o)
    0x080002e2   0x080002e2   0x00000000   Code   RO          484    .ARM.Collect$$libinit$$00000023  c_w.l(libinit2.o)
    0x080002e2   0x080002e2   0x00000000   Code   RO          486    .ARM.Collect$$libinit$$00000025  c_w.l(libinit2.o)
    0x080002e2   0x080002e2   0x00000000   Code   RO          488    .ARM.Collect$$libinit$$00000027  c_w.l(libinit2.o)
    0x080002e2   0x080002e2   0x00000000   Code   RO          492    .ARM.Collect$$libinit$$0000002E  c_w.l(libinit2.o)
    0x080002e2   0x080002e2   0x00000000   Code   RO          494    .ARM.Collect$$libinit$$00000030  c_w.l(libinit2.o)
    0x080002e2   0x080002e2   0x00000000   Code   RO          496    .ARM.Collect$$libinit$$00000032  c_w.l(libinit2.o)
    0x080002e2   0x080002e2   0x00000000   Code   RO          498    .ARM.Collect$$libinit$$00000034  c_w.l(libinit2.o)
    0x080002e2   0x080002e2   0x00000002   Code   RO          499    .ARM.Collect$$libinit$$00000035  c_w.l(libinit2.o)
    0x080002e4   0x080002e4   0x00000002   Code   RO          726    .ARM.Collect$$libshutdown$$00000000  c_w.l(libshutdown.o)
    0x080002e6   0x080002e6   0x00000000   Code   RO          678    .ARM.Collect$$libshutdown$$00000002  c_w.l(libshutdown2.o)
    0x080002e6   0x080002e6   0x00000000   Code   RO          680    .ARM.Collect$$libshutdown$$00000004  c_w.l(libshutdown2.o)
    0x080002e6   0x080002e6   0x00000000   Code   RO          683    .ARM.Collect$$libshutdown$$00000007  c_w.l(libshutdown2.o)
    0x080002e6   0x080002e6   0x00000000   Code   RO          686    .ARM.Collect$$libshutdown$$0000000A  c_w.l(libshutdown2.o)
    0x080002e6   0x080002e6   0x00000000   Code   RO          688    .ARM.Collect$$libshutdown$$0000000C  c_w.l(libshutdown2.o)
    0x080002e6   0x080002e6   0x00000000   Code   RO          691    .ARM.Collect$$libshutdown$$0000000F  c_w.l(libshutdown2.o)
    0x080002e6   0x080002e6   0x00000002   Code   RO          692    .ARM.Collect$$libshutdown$$00000010  c_w.l(libshutdown2.o)
    0x080002e8   0x080002e8   0x00000000   Code   RO          332    .ARM.Collect$$rtentry$$00000000  c_w.l(__rtentry.o)
    0x080002e8   0x080002e8   0x00000000   Code   RO          531    .ARM.Collect$$rtentry$$00000002  c_w.l(__rtentry2.o)
    0x080002e8   0x080002e8   0x00000006   Code   RO          543    .ARM.Collect$$rtentry$$00000004  c_w.l(__rtentry4.o)
    0x080002ee   0x080002ee   0x00000000   Code   RO          533    .ARM.Collect$$rtentry$$00000009  c_w.l(__rtentry2.o)
    0x080002ee   0x080002ee   0x00000004   Code   RO          534    .ARM.Collect$$rtentry$$0000000A  c_w.l(__rtentry2.o)
    0x080002f2   0x080002f2   0x00000000   Code   RO          536    .ARM.Collect$$rtentry$$0000000C  c_w.l(__rtentry2.o)
    0x080002f2   0x080002f2   0x00000008   Code   RO          537    .ARM.Collect$$rtentry$$0000000D  c_w.l(__rtentry2.o)
    0x080002fa   0x080002fa   0x00000002   Code   RO          660    .ARM.Collect$$rtexit$$00000000  c_w.l(rtexit.o)
    0x080002fc   0x080002fc   0x00000000   Code   RO          698    .ARM.Collect$$rtexit$$00000002  c_w.l(rtexit2.o)
    0x080002fc   0x080002fc   0x00000004   Code   RO          699    .ARM.Collect$$rtexit$$00000003  c_w.l(rtexit2.o)
    0x08000300   0x08000300   0x00000006   Code   RO          700    .ARM.Collect$$rtexit$$00000004  c_w.l(rtexit2.o)
    0x08000306   0x08000306   0x00000002   PAD
    0x08000308   0x08000308   0x0000008c   Code   RO           37    .text               startup_stm32l476xx.o
    0x08000394   0x08000394   0x0000005e   Code   RO          230    .text               c_w.l(h1_alloc.o)
    0x080003f2   0x080003f2   0x0000004e   Code   RO          232    .text               c_w.l(h1_free.o)
    0x08000440   0x08000440   0x00000040   Code   RO          288    .text               c_w.l(snprintf.o)
    0x08000480   0x08000480   0x0000008a   Code   RO          298    .text               c_w.l(rt_memcpy_v6.o)
    0x0800050a   0x0800050a   0x00000006   Code   RO          302    .text               c_w.l(heapauxi.o)
    0x08000510   0x08000510   0x00000008   Code   RO          336    .text               c_w.l(rt_heap_descriptor_intlibspace.o)
    0x08000518   0x08000518   0x00000004   Code   RO          338    .text               c_w.l(hguard.o)
    0x0800051c   0x0800051c   0x0000008a   Code   RO          340    .text               c_w.l(init_alloc.o)
    0x080005a6   0x080005a6   0x0000000c   Code   RO          344    .text               c_w.l(h1_init.o)
    0x080005b2   0x080005b2   0x0000004e   Code   RO          358    .text               c_w.l(_printf_pad.o)
    0x08000600   0x08000600   0x00000024   Code   RO          360    .text               c_w.l(_printf_truncate.o)
    0x08000624   0x08000624   0x00000052   Code   RO          362    .text               c_w.l(_printf_str.o)
    0x08000676   0x08000676   0x00000002   PAD
    0x08000678   0x08000678   0x00000078   Code   RO          364    .text               c_w.l(_printf_dec.o)
    0x080006f0   0x080006f0   0x00000028   Code   RO          366    .text               c_w.l(_printf_charcount.o)
    0x08000718   0x08000718   0x00000030   Code   RO          368    .text               c_w.l(_printf_char_common.o)
    0x08000748   0x08000748   0x00000010   Code   RO          370    .text               c_w.l(_snputc.o)
    0x08000758   0x08000758   0x000000c2   Code   RO          372    .text               c_w.l(_printf_wctomb.o)
    0x0800081a   0x0800081a   0x00000002   PAD
    0x0800081c   0x0800081c   0x0000007c   Code   RO          375    .text               c_w.l(_printf_longlong_dec.o)
    0x08000898   0x08000898   0x00000070   Code   RO          381    .text               c_w.l(_printf_oct_int_ll.o)
    0x08000908   0x08000908   0x00000094   Code   RO          401    .text               c_w.l(_printf_hex_int_ll_ptr.o)
    0x0800099c   0x0800099c   0x0000018e   Code   RO          421    .text               c_w.l(__printf_flags_ss_wp.o)
    0x08000b2a   0x08000b2a   0x00000064   Code   RO          447    .text               c_w.l(rt_memcpy_w.o)
    0x08000b8e   0x08000b8e   0x00000002   PAD
    0x08000b90   0x08000b90   0x00000008   Code   RO          527    .text               c_w.l(libspace.o)
    0x08000b98   0x08000b98   0x00000000   Code   RO          547    .text               c_w.l(maybetermalloc1.o)
    0x08000b98   0x08000b98   0x00000034   Code   RO          549    .text               c_w.l(h1_extend.o)
    0x08000bcc   0x08000bcc   0x0000008a   Code   RO          553    .text               c_w.l(lludiv10.o)
    0x08000c56   0x08000c56   0x000000b2   Code   RO          555    .text               c_w.l(_printf_intcommon.o)
    0x08000d08   0x08000d08   0x00000422   Code   RO          557    .text               c_w.l(_printf_fp_dec.o)
    0x0800112a   0x0800112a   0x00000002   PAD
    0x0800112c   0x0800112c   0x00000302   Code   RO          561    .text               c_w.l(_printf_fp_hex.o)
    0x0800142e   0x0800142e   0x0000002c   Code   RO          566    .text               c_w.l(_printf_char.o)
    0x0800145a   0x0800145a   0x0000002c   Code   RO          568    .text               c_w.l(_printf_wchar.o)
    0x08001486   0x08001486   0x00000048   Code   RO          571    .text               c_w.l(_c16rtomb.o)
    0x080014ce   0x080014ce   0x0000000e   Code   RO          573    .text               c_w.l(defsig_rtmem_outer.o)
    0x080014dc   0x080014dc   0x00000002   Code   RO          588    .text               c_w.l(use_no_semi.o)
    0x080014de   0x080014de   0x00000000   Code   RO          590    .text               c_w.l(indicate_semi.o)
    0x080014de   0x080014de   0x0000004a   Code   RO          591    .text               c_w.l(sys_stackheap_outer.o)
    0x08001528   0x08001528   0x00000010   Code   RO          593    .text               c_w.l(rt_ctype_table.o)
    0x08001538   0x08001538   0x00000008   Code   RO          600    .text               c_w.l(rt_locale_intlibspace.o)
    0x08001540   0x08001540   0x00000080   Code   RO          604    .text               c_w.l(_printf_fp_infnan.o)
    0x080015c0   0x080015c0   0x000000e4   Code   RO          606    .text               c_w.l(bigflt0.o)
    0x080016a4   0x080016a4   0x00000012   Code   RO          636    .text               c_w.l(exit.o)
    0x080016b6   0x080016b6   0x0000000a   Code   RO          638    .text               c_w.l(defsig_exit.o)
    0x080016c0   0x080016c0   0x00000050   Code   RO          640    .text               c_w.l(defsig_rtmem_inner.o)
    0x08001710   0x08001710   0x0000000c   Code   RO          656    .text               c_w.l(sys_exit.o)
    0x0800171c   0x0800171c   0x00000032   Code   RO          673    .text               c_w.l(defsig_general.o)
    0x0800174e   0x0800174e   0x00000002   PAD
    0x08001750   0x08001750   0x0000007c   Code   RO          675    .text               c_w.l(strcmpv7em.o)
    0x080017cc   0x080017cc   0x0000000e   Code   RO          693    .text               c_w.l(sys_wrch.o)
    0x080017da   0x080017da   0x00000002   PAD
    0x080017dc   0x080017dc   0x0000001a   Code   RO          183    .text.EXTI3_IRQHandler  interupt_handlers.o
    0x080017f6   0x080017f6   0x00000002   PAD
    0x080017f8   0x080017f8   0x0000001a   Code   RO          187    .text.EXTI4_IRQHandler  interupt_handlers.o
    0x08001812   0x08001812   0x00000002   PAD
    0x08001814   0x08001814   0x00000134   Code   RO           96    .text.GeneralPurposeTimer_Create  timer_lib.o
    0x08001948   0x08001948   0x000000f6   Code   RO          174    .text.GenevaLCDDevice_Create  lcd_lib.o
    0x08001a3e   0x08001a3e   0x00000002   PAD
    0x08001a40   0x08001a40   0x00000026   Code   RO           62    .text.GetGPIO       gpio_lib.o
    0x08001a66   0x08001a66   0x00000002   PAD
    0x08001a68   0x08001a68   0x0000016e   Code   RO           74    .text.IODevice_Create  gpio_lib.o
    0x08001bd6   0x08001bd6   0x00000002   PAD
    0x08001bd8   0x08001bd8   0x0000004a   Code   RO           46    .text.InitSysTick   _init_.o
    0x08001c22   0x08001c22   0x00000002   PAD
    0x08001c24   0x08001c24   0x000000ac   Code   RO           70    .text.MODERSet      gpio_lib.o
    0x08001cd0   0x08001cd0   0x00000042   Code   RO          120    .text.PeripheralInteruptHandling_Create  interupt_lib.o
    0x08001d12   0x08001d12   0x00000002   PAD
    0x08001d14   0x08001d14   0x0000002c   Code   RO           64    .text.SetGPIO       gpio_lib.o
    0x08001d40   0x08001d40   0x0000000e   Code   RO          189    .text.SysTick_Handler  interupt_handlers.o
    0x08001d4e   0x08001d4e   0x00000002   PAD
    0x08001d50   0x08001d50   0x000001a8   Code   RO          191    .text.TIM2_IRQHandler  interupt_handlers.o
    0x08001ef8   0x08001ef8   0x0000001a   Code   RO          193    .text.TIM4_IRQHandler  interupt_handlers.o
    0x08001f12   0x08001f12   0x00000002   PAD
    0x08001f14   0x08001f14   0x00000030   Code   RO          185    .text.__NVIC_ClearPendingIRQ  interupt_handlers.o
    0x08001f44   0x08001f44   0x00000038   Code   RO          110    .text.__NVIC_DisableIRQ  interupt_lib.o
    0x08001f7c   0x08001f7c   0x00000030   Code   RO          108    .text.__NVIC_EnableIRQ  interupt_lib.o
    0x08001fac   0x08001fac   0x00000042   Code   RO           48    .text.__NVIC_SetPriority  _init_.o
    0x08001fee   0x08001fee   0x00000002   PAD
    0x08001ff0   0x08001ff0   0x00000042   Code   RO          116    .text.__NVIC_SetPriority  interupt_lib.o
    0x08002032   0x08002032   0x00000002   PAD
    0x08002034   0x08002034   0x00000018   Code   RO          156    .text._initLCD_     lcd_lib.o
    0x0800204c   0x0800204c   0x000002c4   Code   RO           50    .text._init_        _init_.o
    0x08002310   0x08002310   0x00000196   Code   RO          124    .text._init_GPIOInterupt  interupt_lib.o
    0x080024a6   0x080024a6   0x00000002   PAD
    0x080024a8   0x080024a8   0x00000044   Code   RO           10    .text.calcFrequency  main.o
    0x080024ec   0x080024ec   0x0000004c   Code   RO            8    .text.calcVoltage   main.o
    0x08002538   0x08002538   0x00000030   Code   RO            2    .text.createFreqString  main.o
    0x08002568   0x08002568   0x00000030   Code   RO            4    .text.createVoltString  main.o
    0x08002598   0x08002598   0x00000104   Code   RO           12    .text.displayUpdate  main.o
    0x0800269c   0x0800269c   0x00000016   Code   RO           92    .text.getBits       timer_lib.o
    0x080026b2   0x080026b2   0x00000002   PAD
    0x080026b4   0x080026b4   0x0000002e   Code   RO           68    .text.getState      gpio_lib.o
    0x080026e2   0x080026e2   0x00000002   PAD
    0x080026e4   0x080026e4   0x0000003c   Code   RO          162    .text.greedyClearDisplay  lcd_lib.o
    0x08002720   0x08002720   0x00000030   Code   RO          158    .text.greedyMoveCursor  lcd_lib.o
    0x08002750   0x08002750   0x00000016   Code   RO          164    .text.greedyRunCommand  lcd_lib.o
    0x08002766   0x08002766   0x00000002   PAD
    0x08002768   0x08002768   0x00000102   Code   RO           90    .text.greedyWait    timer_lib.o
    0x0800286a   0x0800286a   0x00000002   PAD
    0x0800286c   0x0800286c   0x00000092   Code   RO          160    .text.greedyWriteString  lcd_lib.o
    0x080028fe   0x080028fe   0x00000002   PAD
    0x08002900   0x08002900   0x00000044   Code   RO          137    .text.i2c1_Init     lcd_routines.o
    0x08002944   0x08002944   0x00000052   Code   RO          139    .text.i2c1_Pinmode_PB67  lcd_routines.o
    0x08002996   0x08002996   0x00000002   PAD
    0x08002998   0x08002998   0x0000006c   Code   RO          118    .text.initCCInterupt  interupt_lib.o
    0x08002a04   0x08002a04   0x00000110   Code   RO          141    .text.lcd_Command   lcd_routines.o
    0x08002b14   0x08002b14   0x0000017e   Code   RO          143    .text.lcd_Init      lcd_routines.o
    0x08002c92   0x08002c92   0x00000002   PAD
    0x08002c94   0x08002c94   0x00000010   Code   RO          168    .text.lcd_Nack      lcd_lib.o
    0x08002ca4   0x08002ca4   0x00000110   Code   RO          145    .text.lcd_Write     lcd_routines.o
    0x08002db4   0x08002db4   0x0000026e   Code   RO           14    .text.main          main.o
    0x08003022   0x08003022   0x00000006   PAD
    0x08003028   0x08003028   0x000000b0   Code   RO            6    .text.readVoltage   main.o
    0x080030d8   0x080030d8   0x00000014   Code   RO          172    .text.sendBits      lcd_lib.o
    0x080030ec   0x080030ec   0x00000060   Code   RO          170    .text.sendMSGBits   lcd_lib.o
    0x0800314c   0x0800314c   0x00000030   Code   RO           94    .text.setBits       timer_lib.o
    0x0800317c   0x0800317c   0x0000003e   Code   RO          106    .text.setIRQn       interupt_lib.o
    0x080031ba   0x080031ba   0x00000002   PAD
    0x080031bc   0x080031bc   0x0000001c   Code   RO          112    .text.setIXER       interupt_lib.o
    0x080031d8   0x080031d8   0x0000008c   Code   RO          122    .text.setPinInterupt  interupt_lib.o
    0x08003264   0x08003264   0x00000018   Code   RO          114    .text.setPriorityBit  interupt_lib.o
    0x0800327c   0x0800327c   0x00000032   Code   RO           66    .text.setState      gpio_lib.o
    0x080032ae   0x080032ae   0x00000002   PAD
    0x080032b0   0x080032b0   0x00000046   Code   RO          166    .text.startTalking  lcd_lib.o
    0x080032f6   0x080032f6   0x00000002   PAD
    0x080032f8   0x080032f8   0x00000042   Code   RO          133    .text.tim6_Del      lcd_routines.o
    0x0800333a   0x0800333a   0x00000002   PAD
    0x0800333c   0x0800333c   0x00000046   Code   RO          135    .text.tim6_Init     lcd_routines.o
    0x08003382   0x08003382   0x00000002   PAD
    0x08003384   0x08003384   0x00000034   Code   RO           72    .text.toggle        gpio_lib.o
    0x080033b8   0x080033b8   0x0000003e   Code   RO          609    CL$$btod_d2e        c_w.l(btod.o)
    0x080033f6   0x080033f6   0x00000046   Code   RO          611    CL$$btod_d2e_denorm_low  c_w.l(btod.o)
    0x0800343c   0x0800343c   0x00000060   Code   RO          610    CL$$btod_d2e_norm_op1  c_w.l(btod.o)
    0x0800349c   0x0800349c   0x00000338   Code   RO          619    CL$$btod_div_common  c_w.l(btod.o)
    0x080037d4   0x080037d4   0x000000dc   Code   RO          616    CL$$btod_e2e        c_w.l(btod.o)
    0x080038b0   0x080038b0   0x0000002a   Code   RO          613    CL$$btod_ediv       c_w.l(btod.o)
    0x080038da   0x080038da   0x0000002a   Code   RO          612    CL$$btod_emul       c_w.l(btod.o)
    0x08003904   0x08003904   0x00000244   Code   RO          618    CL$$btod_mult_common  c_w.l(btod.o)
    0x08003b48   0x08003b48   0x00000030   Code   RO          654    i.__ARM_fpclassify  m_wm.l(fpclassify.o)
    0x08003b78   0x08003b78   0x0000000e   Code   RO          414    i._is_digit         c_w.l(__printf_wp.o)
    0x08003b86   0x08003b86   0x00000002   PAD
    0x08003b88   0x08003b88   0x0000002c   Code   RO          634    locale$$code        c_w.l(lc_numeric_c.o)
    0x08003bb4   0x08003bb4   0x0000002c   Code   RO          669    locale$$code        c_w.l(lc_ctype_c.o)
    0x08003be0   0x08003be0   0x00000062   Code   RO          306    x$fpl$d2f           fz_wm.l(d2f.o)
    0x08003c42   0x08003c42   0x00000002   PAD
    0x08003c44   0x08003c44   0x00000150   Code   RO          308    x$fpl$dadd          fz_wm.l(daddsub_clz.o)
    0x08003d94   0x08003d94   0x00000018   Code   RO          584    x$fpl$dcmpinf       fz_wm.l(dcmpi.o)
    0x08003dac   0x08003dac   0x000002b8   Code   RO          317    x$fpl$ddiv          fz_wm.l(ddiv.o)
    0x08004064   0x08004064   0x00000078   Code   RO          500    x$fpl$deqf          fz_wm.l(deqf.o)
    0x080040dc   0x080040dc   0x0000002e   Code   RO          321    x$fpl$dflt          fz_wm.l(dflt_clz.o)
    0x0800410a   0x0800410a   0x00000026   Code   RO          320    x$fpl$dfltu         fz_wm.l(dflt_clz.o)
    0x08004130   0x08004130   0x00000078   Code   RO          502    x$fpl$dgeqf         fz_wm.l(dgeqf.o)
    0x080041a8   0x080041a8   0x00000078   Code   RO          504    x$fpl$dleqf         fz_wm.l(dleqf.o)
    0x08004220   0x08004220   0x00000154   Code   RO          326    x$fpl$dmul          fz_wm.l(dmul.o)
    0x08004374   0x08004374   0x0000009c   Code   RO          506    x$fpl$dnaninf       fz_wm.l(dnaninf.o)
    0x08004410   0x08004410   0x0000000c   Code   RO          508    x$fpl$dretinf       fz_wm.l(dretinf.o)
    0x0800441c   0x0800441c   0x000001dc   Code   RO          310    x$fpl$dsub          fz_wm.l(daddsub_clz.o)
    0x080045f8   0x080045f8   0x00000056   Code   RO          328    x$fpl$f2d           fz_wm.l(f2d.o)
    0x0800464e   0x0800464e   0x00000054   Code   RO          314    x$fpl$fcmp          fz_wm.l(dcmp.o)
    0x080046a2   0x080046a2   0x0000008c   Code   RO          510    x$fpl$fnaninf       fz_wm.l(fnaninf.o)
    0x0800472e   0x0800472e   0x0000001a   Code   RO          586    x$fpl$fpinit        fz_wm.l(fpinit.o)
    0x08004748   0x08004748   0x0000000a   Code   RO          512    x$fpl$fretinf       fz_wm.l(fretinf.o)
    0x08004752   0x08004752   0x00000004   Code   RO          514    x$fpl$printf1       fz_wm.l(printf1.o)
    0x08004756   0x08004756   0x00000004   Code   RO          516    x$fpl$printf2       fz_wm.l(printf2.o)
    0x0800475a   0x0800475a   0x00000000   Code   RO          522    x$fpl$usenofp       fz_wm.l(usenofp.o)
    0x0800475a   0x0800475a   0x00000002   PAD
    0x0800475c   0x0800475c   0x00000008   Data   RO          373    .constdata          c_w.l(_printf_wctomb.o)
    0x08004764   0x08004764   0x00000028   Data   RO          402    .constdata          c_w.l(_printf_hex_int_ll_ptr.o)
    0x0800478c   0x0800478c   0x00000011   Data   RO          422    .constdata          c_w.l(__printf_flags_ss_wp.o)
    0x0800479d   0x0800479d   0x00000026   Data   RO          562    .constdata          c_w.l(_printf_fp_hex.o)
    0x080047c3   0x080047c3   0x00000001   PAD
    0x080047c4   0x080047c4   0x00000094   Data   RO          607    .constdata          c_w.l(bigflt0.o)
    0x08004858   0x08004858   0x00000050   Data   RO           54    .rodata..L__const._init_.msg  _init_.o
    0x080048a8   0x080048a8   0x00000018   Data   RO          148    .rodata..L__const.lcd_Init.delay_Values  lcd_routines.o
    0x080048c0   0x080048c0   0x00000018   Data   RO          147    .rodata..L__const.lcd_Init.lcd_Commands  lcd_routines.o
    0x080048d8   0x080048d8   0x0000001e   Data   RO           16    .rodata.str1.1      main.o
    0x080048f6   0x080048f6   0x00000002   PAD
    0x080048f8   0x080048f8   0x00000020   Data   RO          728    Region$$Table       anon$$obj.o
    0x08004918   0x08004918   0x0000001c   Data   RO          633    locale$$data        c_w.l(lc_numeric_c.o)
    0x08004934   0x08004934   0x00000110   Data   RO          668    locale$$data        c_w.l(lc_ctype_c.o)


    Execution Region RW_IRAM1 (Exec base: 0x20000000, Load base: 0x08004a48, Size: 0x00000920, Max: 0x00018000, ABSOLUTE)

    Exec Addr    Load Addr    Size         Type   Attr      Idx    E Section Name        Object

    0x20000000   0x08004a48   0x00000004   Data   RW           21    .data.calcVoltFlag  main.o
    0x20000004   0x08004a4c   0x00000004   PAD
    0x20000008        -       0x00000060   Zero   RW          528    .bss                c_w.l(libspace.o)
    0x20000068        -       0x00000004   Zero   RW           23    .bss.Display        main.o
    0x2000006c        -       0x00000030   Zero   RW           25    .bss.FreqReader     main.o
    0x2000009c        -       0x00000018   Zero   RW           26    .bss.Timer2         main.o
    0x200000b4        -       0x00000018   Zero   RW           53    .bss.Timer3         _init_.o
    0x200000cc        -       0x00000030   Zero   RW           24    .bss.VoltReader     main.o
    0x200000fc        -       0x00000004   Zero   RW           22    .bss.calcFreqFlag   main.o
    0x20000100        -       0x00000004   Zero   RW           20    .bss.freqCounts     main.o
    0x20000104        -       0x00000004   Zero   RW          195    .bss.systickFlag    interupt_handlers.o
    0x20000108        -       0x00000008   Zero   RW          198    .bss.timeElapsed    interupt_handlers.o
    0x20000110        -       0x00000004   Zero   RW          197    .bss.timeF          interupt_handlers.o
    0x20000114        -       0x00000004   Zero   RW          196    .bss.timeI          interupt_handlers.o
    0x20000118        -       0x00000004   Zero   RW           18    .bss.voltageAccum   main.o
    0x2000011c        -       0x00000004   Zero   RW           17    .bss.voltageMeasurements  main.o
    0x20000120        -       0x00000400   Zero   RW           35    HEAP                startup_stm32l476xx.o
    0x20000520        -       0x00000400   Zero   RW           34    STACK               startup_stm32l476xx.o


==============================================================================

Image component sizes


      Code (inc. data)   RO Data    RW Data    ZI Data      Debug   Object Name

       848          4         80          0         24       8216   _init_.o
       768         20          0          0          0       8553   gpio_lib.o
       564         16          0          0         20       4809   interupt_handlers.o
      1004          8          0          0          0       8054   interupt_lib.o
       748          4          0          0          0       6167   lcd_lib.o
      1212          0         48          0          0       4284   lcd_routines.o
      1298         20         30          4        140       7747   main.o
       140         48        392          0       2048        876   startup_stm32l476xx.o
       636          4          0          0          0       5636   timer_lib.o

    ----------------------------------------------------------------------
      7272        124        584          4       2236      54342   Object Totals
         0          0         32          0          0          0   (incl. Generated)
        54          0          2          0          4          0   (incl. Padding)

    ----------------------------------------------------------------------

      Code (inc. data)   RO Data    RW Data    ZI Data      Debug   Library Member Name

         8          0          0          0          0         68   __main.o
       398          4         17          0          0         92   __printf_flags_ss_wp.o
        14          0          0          0          0         68   __printf_wp.o
         0          0          0          0          0          0   __rtentry.o
        12          0          0          0          0          0   __rtentry2.o
         6          0          0          0          0          0   __rtentry4.o
        94          8          0          0          0          0   __scatter.o
        26          0          0          0          0          0   __scatter_copy.o
        28          0          0          0          0          0   __scatter_zi.o
        72          0          0          0          0         96   _c16rtomb.o
         6          0          0          0          0          0   _printf_a.o
         6          0          0          0          0          0   _printf_c.o
        44          0          0          0          0        108   _printf_char.o
        48          6          0          0          0         96   _printf_char_common.o
        40          0          0          0          0         68   _printf_charcount.o
         6          0          0          0          0          0   _printf_d.o
       120         16          0          0          0         92   _printf_dec.o
         6          0          0          0          0          0   _printf_e.o
         6          0          0          0          0          0   _printf_f.o
      1058          0          0          0          0        148   _printf_fp_dec.o
       770          8         38          0          0        100   _printf_fp_hex.o
       128         16          0          0          0         84   _printf_fp_infnan.o
         6          0          0          0          0          0   _printf_g.o
       148          4         40          0          0        160   _printf_hex_int_ll_ptr.o
         6          0          0          0          0          0   _printf_i.o
       178          0          0          0          0         88   _printf_intcommon.o
        10          0          0          0          0          0   _printf_l.o
         6          0          0          0          0          0   _printf_lc.o
        10          0          0          0          0          0   _printf_ll.o
         6          0          0          0          0          0   _printf_lld.o
         6          0          0          0          0          0   _printf_lli.o
         6          0          0          0          0          0   _printf_llo.o
         6          0          0          0          0          0   _printf_llu.o
         6          0          0          0          0          0   _printf_llx.o
       124         16          0          0          0         92   _printf_longlong_dec.o
         6          0          0          0          0          0   _printf_ls.o
         6          0          0          0          0          0   _printf_n.o
         6          0          0          0          0          0   _printf_o.o
       112          8          0          0          0        124   _printf_oct_int_ll.o
         6          0          0          0          0          0   _printf_p.o
        78          0          0          0          0        108   _printf_pad.o
         0          0          0          0          0          0   _printf_percent.o
         4          0          0          0          0          0   _printf_percent_end.o
         6          0          0          0          0          0   _printf_s.o
        82          0          0          0          0         80   _printf_str.o
        36          0          0          0          0         84   _printf_truncate.o
         6          0          0          0          0          0   _printf_u.o
        44          0          0          0          0        108   _printf_wchar.o
       194          6          8          0          0         92   _printf_wctomb.o
         6          0          0          0          0          0   _printf_x.o
        16          0          0          0          0         68   _snputc.o
       228          4        148          0          0         96   bigflt0.o
      1936        128          0          0          0        668   btod.o
        10          0          0          0          0         68   defsig_exit.o
        50          0          0          0          0         88   defsig_general.o
        80         58          0          0          0         76   defsig_rtmem_inner.o
        14          0          0          0          0         80   defsig_rtmem_outer.o
        18          0          0          0          0         80   exit.o
        94          0          0          0          0         80   h1_alloc.o
        52          0          0          0          0         68   h1_extend.o
        78          0          0          0          0         80   h1_free.o
        12          0          0          0          0         84   h1_init.o
         6          0          0          0          0        152   heapauxi.o
         4          0          0          0          0        136   hguard.o
         0          0          0          0          0          0   indicate_semi.o
       138          0          0          0          0        168   init_alloc.o
        44         10        272          0          0         76   lc_ctype_c.o
        44         10         28          0          0         76   lc_numeric_c.o
         2          0          0          0          0          0   libinit.o
        42          0          0          0          0          0   libinit2.o
         2          0          0          0          0          0   libshutdown.o
         2          0          0          0          0          0   libshutdown2.o
         8          4          0          0         96         68   libspace.o
       138          0          0          0          0         80   lludiv10.o
         0          0          0          0          0          0   maybetermalloc1.o
        16          4          0          0          0         76   rt_ctype_table.o
         8          4          0          0          0         68   rt_heap_descriptor_intlibspace.o
         8          4          0          0          0         68   rt_locale_intlibspace.o
       138          0          0          0          0         68   rt_memcpy_v6.o
       100          0          0          0          0         80   rt_memcpy_w.o
         2          0          0          0          0          0   rtexit.o
        10          0          0          0          0          0   rtexit2.o
        64          6          0          0          0         84   snprintf.o
       124          0          0          0          0         88   strcmpv7em.o
        12          4          0          0          0         68   sys_exit.o
        74          0          0          0          0         80   sys_stackheap_outer.o
        14          0          0          0          0         76   sys_wrch.o
         2          0          0          0          0         68   use_no_semi.o
        98          4          0          0          0        140   d2f.o
       812         16          0          0          0        392   daddsub_clz.o
        84          0          0          0          0        244   dcmp.o
        24          0          0          0          0        116   dcmpi.o
       696        140          0          0          0        264   ddiv.o
       120          4          0          0          0        140   deqf.o
        84          0          0          0          0        232   dflt_clz.o
       120          4          0          0          0        140   dgeqf.o
       120          4          0          0          0        140   dleqf.o
       340         12          0          0          0        152   dmul.o
       156          4          0          0          0        140   dnaninf.o
        12          0          0          0          0        116   dretinf.o
        86          4          0          0          0        132   f2d.o
       140          4          0          0          0        132   fnaninf.o
        26          0          0          0          0        116   fpinit.o
        10          0          0          0          0        116   fretinf.o
         4          0          0          0          0        116   printf1.o
         4          0          0          0          0        116   printf2.o
         0          0          0          0          0          0   usenofp.o
        48          0          0          0          0        124   fpclassify.o

    ----------------------------------------------------------------------
     10604        524        552          0         96       8140   Library Totals
        24          0          1          0          0          0   (incl. Padding)

    ----------------------------------------------------------------------

      Code (inc. data)   RO Data    RW Data    ZI Data      Debug   Library Name

      7596        328        551          0         96       5072   c_w.l
      2936        196          0          0          0       2944   fz_wm.l
        48          0          0          0          0        124   m_wm.l

    ----------------------------------------------------------------------
     10604        524        552          0         96       8140   Library Totals

    ----------------------------------------------------------------------

==============================================================================


      Code (inc. data)   RO Data    RW Data    ZI Data      Debug   

     17876        648       1136          4       2332      57702   Grand Totals
     17876        648       1136          4       2332      57702   ELF Image Totals
     17876        648       1136          4          0          0   ROM Totals

==============================================================================

    Total RO  Size (Code + RO Data)                19012 (  18.57kB)
    Total RW  Size (RW Data + ZI Data)              2336 (   2.28kB)
    Total ROM Size (Code + RO Data + RW Data)      19016 (  18.57kB)

==============================================================================

