Component: Arm Compiler for Embedded 6.22 Tool: armlink [5ee90200]

==============================================================================

Section Cross References

    main.o(.text.createTargetString) refers to main.o(.rodata.str1.1) for .L.str
    main.o(.text.createTargetString) refers to snprintf.o(.text) for snprintf
    main.o(.text.createTargetString) refers to f2d.o(x$fpl$f2d) for __aeabi_f2d
    main.o(.ARM.exidx.text.createTargetString) refers to main.o(.text.createTargetString) for [Anonymous Symbol]
    main.o(.text.createFreqString) refers to main.o(.rodata.str1.1) for .L.str.2
    main.o(.text.createFreqString) refers to snprintf.o(.text) for snprintf
    main.o(.ARM.exidx.text.createFreqString) refers to main.o(.text.createFreqString) for [Anonymous Symbol]
    main.o(.text.createVoltString) refers to main.o(.rodata.str1.1) for .L.str.3
    main.o(.text.createVoltString) refers to snprintf.o(.text) for snprintf
    main.o(.ARM.exidx.text.createVoltString) refers to main.o(.text.createVoltString) for [Anonymous Symbol]
    main.o(.text.readVoltage) refers to dflt_clz.o(x$fpl$dfltu) for __aeabi_ui2d
    main.o(.text.readVoltage) refers to dmul.o(x$fpl$dmul) for __aeabi_dmul
    main.o(.text.readVoltage) refers to ddiv.o(x$fpl$ddiv) for __aeabi_ddiv
    main.o(.text.readVoltage) refers to globals.o(.bss.voltageAccum) for voltageAccum
    main.o(.text.readVoltage) refers to f2d.o(x$fpl$f2d) for __aeabi_f2d
    main.o(.text.readVoltage) refers to daddsub_clz.o(x$fpl$dadd) for __aeabi_dadd
    main.o(.text.readVoltage) refers to d2f.o(x$fpl$d2f) for __aeabi_d2f
    main.o(.text.readVoltage) refers to globals.o(.bss.voltageMeasurements) for voltageMeasurements
    main.o(.ARM.exidx.text.readVoltage) refers to main.o(.text.readVoltage) for [Anonymous Symbol]
    main.o(.text.calcVoltage) refers to main.o(.text.readVoltage) for readVoltage
    main.o(.text.calcVoltage) refers to globals.o(.bss.voltageAccum) for voltageAccum
    main.o(.text.calcVoltage) refers to globals.o(.bss.voltageMeasurements) for voltageMeasurements
    main.o(.text.calcVoltage) refers to globals.o(.bss.voltage) for voltage
    main.o(.text.calcVoltage) refers to globals.o(.data.calcVoltFlag) for calcVoltFlag
    main.o(.text.calcVoltage) refers to globals.o(.bss.updateMainMenuFlag) for updateMainMenuFlag
    main.o(.ARM.exidx.text.calcVoltage) refers to main.o(.text.calcVoltage) for [Anonymous Symbol]
    main.o(.text.calcFrequency) refers to globals.o(.bss.freqCounts) for freqCounts
    main.o(.text.calcFrequency) refers to dflt_clz.o(x$fpl$dflt) for __aeabi_i2d
    main.o(.text.calcFrequency) refers to globals.o(.bss.timeElapsed) for timeElapsed
    main.o(.text.calcFrequency) refers to ddiv.o(x$fpl$ddiv) for __aeabi_ddiv
    main.o(.text.calcFrequency) refers to globals.o(.bss.frequency) for frequency
    main.o(.text.calcFrequency) refers to globals.o(.bss.newRPMFlag) for newRPMFlag
    main.o(.text.calcFrequency) refers to globals.o(.bss.calcFreqFlag) for calcFreqFlag
    main.o(.text.calcFrequency) refers to globals.o(.bss.updateMainMenuFlag) for updateMainMenuFlag
    main.o(.ARM.exidx.text.calcFrequency) refers to main.o(.text.calcFrequency) for [Anonymous Symbol]
    main.o(.text.handleSW1Press) refers to globals.o(.bss.targetSetFlag) for targetSetFlag
    main.o(.text.handleSW1Press) refers to globals.o(.bss.tor_rpm_toggle) for tor_rpm_toggle
    main.o(.text.handleSW1Press) refers to globals.o(.bss.SW1LED) for SW1LED
    main.o(.text.handleSW1Press) refers to globals.o(.bss.sw1PressedFlag) for sw1PressedFlag
    main.o(.text.handleSW1Press) refers to globals.o(.bss.updateMainMenuFlag) for updateMainMenuFlag
    main.o(.ARM.exidx.text.handleSW1Press) refers to main.o(.text.handleSW1Press) for [Anonymous Symbol]
    main.o(.text.updateMainMenu) refers to globals.o(.data.targetRPM) for targetRPM
    main.o(.text.updateMainMenu) refers to globals.o(.bss.tor_rpm_toggle) for tor_rpm_toggle
    main.o(.text.updateMainMenu) refers to globals.o(.bss.voltage) for voltage
    main.o(.text.updateMainMenu) refers to f2d.o(x$fpl$f2d) for __aeabi_f2d
    main.o(.text.updateMainMenu) refers to ddiv.o(x$fpl$ddiv) for __aeabi_ddiv
    main.o(.text.updateMainMenu) refers to dmul.o(x$fpl$dmul) for __aeabi_dmul
    main.o(.text.updateMainMenu) refers to d2f.o(x$fpl$d2f) for __aeabi_d2f
    main.o(.text.updateMainMenu) refers to globals.o(.bss.torque) for torque
    main.o(.text.updateMainMenu) refers to main.o(.rodata.str1.1) for .L.str.4
    main.o(.text.updateMainMenu) refers to snprintf.o(.text) for snprintf
    main.o(.text.updateMainMenu) refers to globals.o(.bss.Display) for Display
    main.o(.text.updateMainMenu) refers to main.o(.text.createTargetString) for createTargetString
    main.o(.text.updateMainMenu) refers to globals.o(.bss.frequency) for frequency
    main.o(.text.updateMainMenu) refers to main.o(.text.createFreqString) for createFreqString
[...]
    _printf_s                                0x080002a3   Thumb Code     0  _printf_s.o(.ARM.Collect$$_printf_percent$$00000014)
    _printf_lc                               0x080002a9   Thumb Code     0  _printf_lc.o(.ARM.Collect$$_printf_percent$$00000015)
    _printf_ls                               0x080002af   Thumb Code     0  _printf_ls.o(.ARM.Collect$$_printf_percent$$00000016)
    _printf_percent_end                      0x080002b5   Thumb Code     0  _printf_percent_end.o(.ARM.Collect$$_printf_percent$$00000017)
    __rt_lib_init                            0x080002b9   Thumb Code     0  libinit.o(.ARM.Collect$$libinit$$00000000)
    __rt_lib_init_fp_1                       0x080002bb   Thumb Code     0  libinit2.o(.ARM.Collect$$libinit$$00000001)
    __rt_lib_init_heap_2                     0x080002bf   Thumb Code     0  libinit2.o(.ARM.Collect$$libinit$$00000007)
    __rt_lib_init_preinit_1                  0x080002bf   Thumb Code     0  libinit2.o(.ARM.Collect$$libinit$$00000006)
    __rt_lib_init_relocate_pie_1             0x080002bf   Thumb Code     0  libinit2.o(.ARM.Collect$$libinit$$00000004)
    __rt_lib_init_heap_1                     0x080002c7   Thumb Code     0  libinit2.o(.ARM.Collect$$libinit$$0000000C)
    __rt_lib_init_lc_common                  0x080002c7   Thumb Code     0  libinit2.o(.ARM.Collect$$libinit$$00000011)
    __rt_lib_init_rand_1                     0x080002c7   Thumb Code     0  libinit2.o(.ARM.Collect$$libinit$$00000010)
    __rt_lib_init_user_alloc_1               0x080002c7   Thumb Code     0  libinit2.o(.ARM.Collect$$libinit$$0000000E)
    __rt_lib_init_lc_collate_1               0x080002cd   Thumb Code     0  libinit2.o(.ARM.Collect$$libinit$$00000013)
    __rt_lib_init_lc_ctype_2                 0x080002cd   Thumb Code     0  libinit2.o(.ARM.Collect$$libinit$$00000014)
    __rt_lib_init_lc_ctype_1                 0x080002d9   Thumb Code     0  libinit2.o(.ARM.Collect$$libinit$$00000015)
    __rt_lib_init_lc_monetary_1              0x080002d9   Thumb Code     0  libinit2.o(.ARM.Collect$$libinit$$00000017)
    __rt_lib_init_lc_numeric_2               0x080002d9   Thumb Code     0  libinit2.o(.ARM.Collect$$libinit$$00000018)
    __rt_lib_init_alloca_1                   0x080002e3   Thumb Code     0  libinit2.o(.ARM.Collect$$libinit$$00000030)
    __rt_lib_init_argv_1                     0x080002e3   Thumb Code     0  libinit2.o(.ARM.Collect$$libinit$$0000002E)
    __rt_lib_init_atexit_1                   0x080002e3   Thumb Code     0  libinit2.o(.ARM.Collect$$libinit$$0000001D)
    __rt_lib_init_clock_1                    0x080002e3   Thumb Code     0  libinit2.o(.ARM.Collect$$libinit$$00000023)
    __rt_lib_init_cpp_1                      0x080002e3   Thumb Code     0  libinit2.o(.ARM.Collect$$libinit$$00000034)
    __rt_lib_init_exceptions_1               0x080002e3   Thumb Code     0  libinit2.o(.ARM.Collect$$libinit$$00000032)
    __rt_lib_init_fp_trap_1                  0x080002e3   Thumb Code     0  libinit2.o(.ARM.Collect$$libinit$$00000021)
    __rt_lib_init_getenv_1                   0x080002e3   Thumb Code     0  libinit2.o(.ARM.Collect$$libinit$$00000025)
    __rt_lib_init_lc_numeric_1               0x080002e3   Thumb Code     0  libinit2.o(.ARM.Collect$$libinit$$00000019)
    __rt_lib_init_lc_time_1                  0x080002e3   Thumb Code     0  libinit2.o(.ARM.Collect$$libinit$$0000001B)
    __rt_lib_init_return                     0x080002e3   Thumb Code     0  libinit2.o(.ARM.Collect$$libinit$$00000035)
    __rt_lib_init_signal_1                   0x080002e3   Thumb Code     0  libinit2.o(.ARM.Collect$$libinit$$0000001F)
    __rt_lib_init_stdio_1                    0x080002e3   Thumb Code     0  libinit2.o(.ARM.Collect$$libinit$$00000027)
    __rt_lib_shutdown                        0x080002e5   Thumb Code     0  libshutdown.o(.ARM.Collect$$libshutdown$$00000000)
    __rt_lib_shutdown_cpp_1                  0x080002e7   Thumb Code     0  libshutdown2.o(.ARM.Collect$$libshutdown$$00000002)
    __rt_lib_shutdown_fp_trap_1              0x080002e7   Thumb Code     0  libshutdown2.o(.ARM.Collect$$libshutdown$$00000007)
    __rt_lib_shutdown_heap_1                 0x080002e7   Thumb Code     0  libshutdown2.o(.ARM.Collect$$libshutdown$$0000000F)
    __rt_lib_shutdown_return                 0x080002e7   Thumb Code     0  libshutdown2.o(.ARM.Collect$$libshutdown$$00000010)
    __rt_lib_shutdown_signal_1               0x080002e7   Thumb Code     0  libshutdown2.o(.ARM.Collect$$libshutdown$$0000000A)
    __rt_lib_shutdown_stdio_1                0x080002e7   Thumb Code     0  libshutdown2.o(.ARM.Collect$$libshutdown$$00000004)
    __rt_lib_shutdown_user_alloc_1           0x080002e7   Thumb Code     0  libshutdown2.o(.ARM.Collect$$libshutdown$$0000000C)
    __rt_entry                               0x080002e9   Thumb Code     0  __rtentry.o(.ARM.Collect$$rtentry$$00000000)
    __rt_entry_presh_1                       0x080002e9   Thumb Code     0  __rtentry2.o(.ARM.Collect$$rtentry$$00000002)
    __rt_entry_sh                            0x080002e9   Thumb Code     0  __rtentry4.o(.ARM.Collect$$rtentry$$00000004)
    __rt_entry_li                            0x080002ef   Thumb Code     0  __rtentry2.o(.ARM.Collect$$rtentry$$0000000A)
    __rt_entry_postsh_1                      0x080002ef   Thumb Code     0  __rtentry2.o(.ARM.Collect$$rtentry$$00000009)
    __rt_entry_main                          0x080002f3   Thumb Code     0  __rtentry2.o(.ARM.Collect$$rtentry$$0000000D)
    __rt_entry_postli_1                      0x080002f3   Thumb Code     0  __rtentry2.o(.ARM.Collect$$rtentry$$0000000C)
    __rt_exit                                0x080002fb   Thumb Code     0  rtexit.o(.ARM.Collect$$rtexit$$00000000)
    __rt_exit_ls                             0x080002fd   Thumb Code     0  rtexit2.o(.ARM.Collect$$rtexit$$00000003)
    __rt_exit_prels_1                        0x080002fd   Thumb Code     0  rtexit2.o(.ARM.Collect$$rtexit$$00000002)
    __rt_exit_exit                           0x08000301   Thumb Code     0  rtexit2.o(.ARM.Collect$$rtexit$$00000004)
    Reset_Handler                            0x08000309   Thumb Code    62  startup_stm32l476xx.o(.text)
    NMI_Handler                              0x08000347   Thumb Code     2  startup_stm32l476xx.o(.text)
    HardFault_Handler                        0x08000349   Thumb Code     2  startup_stm32l476xx.o(.text)
    MemManage_Handler                        0x0800034b   Thumb Code     2  startup_stm32l476xx.o(.text)
    BusFault_Handler                         0x0800034d   Thumb Code     2  startup_stm32l476xx.o(.text)
    UsageFault_Handler                       0x0800034f   Thumb Code     2  startup_stm32l476xx.o(.text)
    SVC_Handler                              0x08000351   Thumb Code     2  startup_stm32l476xx.o(.text)
    DebugMon_Handler                         0x08000353   Thumb Code     2  startup_stm32l476xx.o(.text)
    PendSV_Handler                           0x08000355   Thumb Code     2  startup_stm32l476xx.o(.text)
    ADC1_2_IRQHandler                        0x08000359   Thumb Code     0  startup_stm32l476xx.o(.text)
    ADC3_IRQHandler                          0x08000359   Thumb Code     0  startup_stm32l476xx.o(.text)
    CAN1_RX0_IRQHandler                      0x08000359   Thumb Code     0  startup_stm32l476xx.o(.text)
    CAN1_RX1_IRQHandler                      0x08000359   Thumb Code     0  startup_stm32l476xx.o(.text)
    CAN1_SCE_IRQHandler                      0x08000359   Thumb Code     0  startup_stm32l476xx.o(.text)
    CAN1_TX_IRQHandler                       0x08000359   Thumb Code     0  startup_stm32l476xx.o(.text)
    COMP_IRQHandler                          0x08000359   Thumb Code     0  startup_stm32l476xx.o(.text)
    DFSDM0_IRQHandler                        0x08000359   Thumb Code     0  startup_stm32l476xx.o(.text)
    DFSDM1_IRQHandler                        0x08000359   Thumb Code     0  startup_stm32l476xx.o(.text)
    DFSDM2_IRQHandler                        0x08000359   Thumb Code     0  startup_stm32l476xx.o(.text)
    DFSDM3_IRQHandler                        0x08000359   Thumb Code     0  startup_stm32l476xx.o(.text)
    DMA1_Channel1_IRQHandler                 0x08000359   Thumb Code     0  startup_stm32l476xx.o(.text)
    DMA1_Channel2_IRQHandler                 0x08000359   Thumb Code     0  startup_stm32l476xx.o(.text)
    DMA1_Channel3_IRQHandler                 0x08000359   Thumb Code     0  startup_stm32l476xx.o(.text)
    DMA1_Channel4_IRQHandler                 0x08000359   Thumb Code     0  startup_stm32l476xx.o(.text)
    DMA1_Channel5_IRQHandler                 0x08000359   Thumb Code     0  startup_stm32l476xx.o(.text)
    DMA1_Channel6_IRQHandler                 0x08000359   Thumb Code     0  startup_stm32l476xx.o(.text)
    DMA1_Channel7_IRQHandler                 0x08000359   Thumb Code     0  startup_stm32l476xx.o(.text)
    DMA2_Channel1_IRQHandler                 0x08000359   Thumb Code     0  startup_stm32l476xx.o(.text)
    DMA2_Channel2_IRQHandler                 0x08000359   Thumb Code     0  startup_stm32l476xx.o(.text)
    DMA2_Channel3_IRQHandler                 0x08000359   Thumb Code     0  startup_stm32l476xx.o(.text)
    DMA2_Channel4_IRQHandler                 0x08000359   Thumb Code     0  startup_stm32l476xx.o(.text)
    DMA2_Channel5_IRQHandler                 0x08000359   Thumb Code     0  startup_stm32l476xx.o(.text)
    DMA2_Channel6_IRQHandler                 0x08000359   Thumb Code     0  startup_stm32l476xx.o(.text)
    DMA2_Channel7_IRQHandler                 0x08000359   Thumb Code     0  startup_stm32l476xx.o(.text)
    EXTI0_IRQHandler                         0x08000359   Thumb Code     0  startup_stm32l476xx.o(.text)
    EXTI15_10_IRQHandler                     0x08000359   Thumb Code     0  startup_stm32l476xx.o(.text)
    EXTI1_IRQHandler                         0x08000359   Thumb Code     0  startup_stm32l476xx.o(.text)
    EXTI2_IRQHandler                         0x08000359   Thumb Code     0  startup_stm32l476xx.o(.text)
    FLASH_IRQHandler                         0x08000359   Thumb Code     0  startup_stm32l476xx.o(.text)
    FMC_IRQHandler                           0x08000359   Thumb Code     0  startup_stm32l476xx.o(.text)
    FPU_IRQHandler                           0x08000359   Thumb Code     0  startup_stm32l476xx.o(.text)
    I2C1_ER_IRQHandler                       0x08000359   Thumb Code     0  startup_stm32l476xx.o(.text)
    I2C1_EV_IRQHandler                       0x08000359   Thumb Code     0  startup_stm32l476xx.o(.text)
    I2C2_ER_IRQHandler                       0x08000359   Thumb Code     0  startup_stm32l476xx.o(.text)
    I2C2_EV_IRQHandler                       0x08000359   Thumb Code     0  startup_stm32l476xx.o(.text)
    I2C3_ER_IRQHandler                       0x08000359   Thumb Code     0  startup_stm32l476xx.o(.text)
    I2C3_EV_IRQHandler                       0x08000359   Thumb Code     0  startup_stm32l476xx.o(.text)
    LCD_IRQHandler                           0x08000359   Thumb Code     0  startup_stm32l476xx.o(.text)
    LPTIM1_IRQHandler                        0x08000359   Thumb Code     0  startup_stm32l476xx.o(.text)
    LPTIM2_IRQHandler                        0x08000359   Thumb Code     0  startup_stm32l476xx.o(.text)
    LPUART1_IRQHandler                       0x08000359   Thumb Code     0  startup_stm32l476xx.o(.text)
    OTG_FS_IRQHandler                        0x08000359   Thumb Code     0  startup_stm32l476xx.o(.text)
    PVD_PVM_IRQHandler                       0x08000359   Thumb Code     0  startup_stm32l476xx.o(.text)
    QUADSPI_IRQHandler                       0x08000359   Thumb Code     0  startup_stm32l476xx.o(.text)
    RCC_IRQHandler                           0x08000359   Thumb Code     0  startup_stm32l476xx.o(.text)
    RNG_IRQHandler                           0x08000359   Thumb Code     0  startup_stm32l476xx.o(.text)
    RTC_Alarm_IRQHandler                     0x08000359   Thumb Code     0  startup_stm32l476xx.o(.text)
    RTC_WKUP_IRQHandler                      0x08000359   Thumb Code     0  startup_stm32l476xx.o(.text)
    SAI1_IRQHandler                          0x08000359   Thumb Code     0  startup_stm32l476xx.o(.text)
    SAI2_IRQHandler                          0x08000359   Thumb Code     0  startup_stm32l476xx.o(.text)
    SDMMC1_IRQHandler                        0x08000359   Thumb Code     0  startup_stm32l476xx.o(.text)
    SPI1_IRQHandler                          0x08000359   Thumb Code     0  startup_stm32l476xx.o(.text)
    SPI2_IRQHandler                          0x08000359   Thumb Code     0  startup_stm32l476xx.o(.text)
    SPI3_IRQHandler                          0x08000359   Thumb Code     0  startup_stm32l476xx.o(.text)
    SWPMI1_IRQHandler                        0x08000359   Thumb Code     0  startup_stm32l476xx.o(.text)
    TAMP_STAMP_IRQHandler                    0x08000359   Thumb Code     0  startup_stm32l476xx.o(.text)
    TIM1_BRK_TIM15_IRQHandler                0x08000359   Thumb Code     0  startup_stm32l476xx.o(.text)
    TIM1_CC_IRQHandler                       0x08000359   Thumb Code     0  startup_stm32l476xx.o(.text)
    TIM1_TRG_COM_TIM17_IRQHandler            0x08000359   Thumb Code     0  startup_stm32l476xx.o(.text)
    TIM1_UP_TIM16_IRQHandler                 0x08000359   Thumb Code     0  startup_stm32l476xx.o(.text)
    TIM3_IRQHandler                          0x08000359   Thumb Code     0  startup_stm32l476xx.o(.text)
    TIM5_IRQHandler                          0x08000359   Thumb Code     0  startup_stm32l476xx.o(.text)
    TIM6_DAC_IRQHandler                      0x08000359   Thumb Code     0  startup_stm32l476xx.o(.text)
    TIM7_IRQHandler                          0x08000359   Thumb Code     0  startup_stm32l476xx.o(.text)
    TIM8_BRK_IRQHandler                      0x08000359   Thumb Code     0  startup_stm32l476xx.o(.text)
    TIM8_CC_IRQHandler                       0x08000359   Thumb Code     0  startup_stm32l476xx.o(.text)
    TIM8_TRG_COM_IRQHandler                  0x08000359   Thumb Code     0  startup_stm32l476xx.o(.text)
    TIM8_UP_IRQHandler                       0x08000359   Thumb Code     0  startup_stm32l476xx.o(.text)
    TSC_IRQHandler                           0x08000359   Thumb Code     0  startup_stm32l476xx.o(.text)
    UART4_IRQHandler                         0x08000359   Thumb Code     0  startup_stm32l476xx.o(.text)
    UART5_IRQHandler                         0x08000359   Thumb Code     0  startup_stm32l476xx.o(.text)
    USART1_IRQHandler                        0x08000359   Thumb Code     0  startup_stm32l476xx.o(.text)
    USART2_IRQHandler                        0x08000359   Thumb Code     0  startup_stm32l476xx.o(.text)
    USART3_IRQHandler                        0x08000359   Thumb Code     0  startup_stm32l476xx.o(.text)
    WWDG_IRQHandler                          0x08000359   Thumb Code     0  startup_stm32l476xx.o(.text)
    __user_initial_stackheap                 0x0800035d   Thumb Code     0  startup_stm32l476xx.o(.text)
    malloc                                   0x08000395   Thumb Code    94  h1_alloc.o(.text)
    free                                     0x080003f3   Thumb Code    78  h1_free.o(.text)
    snprintf                                 0x08000441   Thumb Code    58  snprintf.o(.text)
    __aeabi_memcpy                           0x08000481   Thumb Code     0  rt_memcpy_v6.o(.text)
    __rt_memcpy                              0x08000481   Thumb Code   138  rt_memcpy_v6.o(.text)
    _memcpy_lastbytes                        0x080004e7   Thumb Code     0  rt_memcpy_v6.o(.text)
    __aeabi_memcpy4                          0x0800050b   Thumb Code     0  rt_memcpy_w.o(.text)
    __aeabi_memcpy8                          0x0800050b   Thumb Code     0  rt_memcpy_w.o(.text)
    __rt_memcpy_w                            0x0800050b   Thumb Code   100  rt_memcpy_w.o(.text)
    _memcpy_lastbytes_aligned                0x08000553   Thumb Code     0  rt_memcpy_w.o(.text)
    __aeabi_memclr4                          0x0800056f   Thumb Code     0  rt_memclr_w.o(.text)
    __aeabi_memclr8                          0x0800056f   Thumb Code     0  rt_memclr_w.o(.text)
    __rt_memclr_w                            0x0800056f   Thumb Code     0  rt_memclr_w.o(.text)
    _memset_w                                0x08000573   Thumb Code    74  rt_memclr_w.o(.text)
    __use_two_region_memory                  0x080005bd   Thumb Code     2  heapauxi.o(.text)
    __rt_heap_escrow                         0x080005bf   Thumb Code     2  heapauxi.o(.text)
    __rt_heap_expand                         0x080005c1   Thumb Code     2  heapauxi.o(.text)
    __rt_heap_descriptor                     0x080005c5   Thumb Code     8  rt_heap_descriptor_intlibspace.o(.text)
    __use_no_heap                            0x080005cd   Thumb Code     2  hguard.o(.text)
    __heap$guard                             0x080005cf   Thumb Code     2  hguard.o(.text)
    _terminate_user_alloc                    0x080005d1   Thumb Code     2  init_alloc.o(.text)
    _init_user_alloc                         0x080005d3   Thumb Code     2  init_alloc.o(.text)
    __Heap_Full                              0x080005d5   Thumb Code    34  init_alloc.o(.text)
    __Heap_Broken                            0x080005f7   Thumb Code     6  init_alloc.o(.text)
    _init_alloc                              0x080005fd   Thumb Code    94  init_alloc.o(.text)
    __Heap_Initialize                        0x0800065b   Thumb Code     8  h1_init.o(.text)
    __Heap_DescSize                          0x08000663   Thumb Code     4  h1_init.o(.text)
    _printf_pre_padding                      0x08000667   Thumb Code    44  _printf_pad.o(.text)
    _printf_post_padding                     0x08000693   Thumb Code    34  _printf_pad.o(.text)
    _printf_truncate_signed                  0x080006b5   Thumb Code    18  _printf_truncate.o(.text)
    _printf_truncate_unsigned                0x080006c7   Thumb Code    18  _printf_truncate.o(.text)
    _printf_str                              0x080006d9   Thumb Code    82  _printf_str.o(.text)
    _printf_int_dec                          0x0800072d   Thumb Code   104  _printf_dec.o(.text)
    _printf_charcount                        0x080007a5   Thumb Code    40  _printf_charcount.o(.text)
    _printf_char_common                      0x080007d7   Thumb Code    32  _printf_char_common.o(.text)
    _snputc                                  0x080007fd   Thumb Code    16  _snputc.o(.text)
    _printf_wctomb                           0x0800080d   Thumb Code   182  _printf_wctomb.o(.text)
    _printf_longlong_dec                     0x080008d1   Thumb Code   108  _printf_longlong_dec.o(.text)
    _printf_longlong_oct                     0x0800094d   Thumb Code    68  _printf_oct_int_ll.o(.text)
    _printf_int_oct                          0x08000991   Thumb Code    24  _printf_oct_int_ll.o(.text)
    _printf_ll_oct                           0x080009a9   Thumb Code    12  _printf_oct_int_ll.o(.text)
    _printf_longlong_hex                     0x080009bd   Thumb Code    86  _printf_hex_int_ll_ptr.o(.text)
    _printf_int_hex                          0x08000a13   Thumb Code    28  _printf_hex_int_ll_ptr.o(.text)
    _printf_ll_hex                           0x08000a2f   Thumb Code    12  _printf_hex_int_ll_ptr.o(.text)
    _printf_hex_ptr                          0x08000a3b   Thumb Code    18  _printf_hex_int_ll_ptr.o(.text)
    __printf                                 0x08000a51   Thumb Code   388  __printf_flags_ss_wp.o(.text)
    __user_libspace                          0x08000be1   Thumb Code     8  libspace.o(.text)
    __user_perproc_libspace                  0x08000be1   Thumb Code     0  libspace.o(.text)
    __user_perthread_libspace                0x08000be1   Thumb Code     0  libspace.o(.text)
    __Heap_ProvideMemory                     0x08000be9   Thumb Code    52  h1_extend.o(.text)
    _maybe_terminate_alloc                   0x08000be9   Thumb Code     0  maybetermalloc1.o(.text)
    _ll_udiv10                               0x08000c1d   Thumb Code   138  lludiv10.o(.text)
    _printf_int_common                       0x08000ca7   Thumb Code   178  _printf_intcommon.o(.text)
    _printf_fp_dec_real                      0x08000f09   Thumb Code   620  _printf_fp_dec.o(.text)
    _printf_fp_hex_real                      0x0800117d   Thumb Code   756  _printf_fp_hex.o(.text)
    _printf_cs_common                        0x0800147f   Thumb Code    20  _printf_char.o(.text)
    _printf_char                             0x08001493   Thumb Code    16  _printf_char.o(.text)
    _printf_string                           0x080014a3   Thumb Code     8  _printf_char.o(.text)
    _printf_lcs_common                       0x080014ab   Thumb Code    20  _printf_wchar.o(.text)
    _printf_wchar                            0x080014bf   Thumb Code    16  _printf_wchar.o(.text)
    _printf_wstring                          0x080014cf   Thumb Code     8  _printf_wchar.o(.text)
    _c16rtomb                                0x080014d7   Thumb Code    72  _c16rtomb.o(.text)
    _wcrtomb                                 0x080014d7   Thumb Code     0  _c16rtomb.o(.text)
    __rt_SIGRTMEM                            0x0800151f   Thumb Code    14  defsig_rtmem_outer.o(.text)
    __I$use$semihosting                      0x0800152d   Thumb Code     0  use_no_semi.o(.text)
    __use_no_semihosting_swi                 0x0800152d   Thumb Code     2  use_no_semi.o(.text)
    __semihosting_library_function           0x0800152f   Thumb Code     0  indicate_semi.o(.text)
    __user_setup_stackheap                   0x0800152f   Thumb Code    74  sys_stackheap_outer.o(.text)
    __rt_ctype_table                         0x08001579   Thumb Code    16  rt_ctype_table.o(.text)
    __rt_locale                              0x08001589   Thumb Code     8  rt_locale_intlibspace.o(.text)
    _printf_fp_infnan                        0x08001591   Thumb Code   112  _printf_fp_infnan.o(.text)
    _btod_etento                             0x08001611   Thumb Code   224  bigflt0.o(.text)
    exit                                     0x080016f5   Thumb Code    18  exit.o(.text)
    __sig_exit                               0x08001707   Thumb Code    10  defsig_exit.o(.text)
    __rt_SIGRTMEM_inner                      0x08001711   Thumb Code    22  defsig_rtmem_inner.o(.text)
    _sys_exit                                0x08001761   Thumb Code     8  sys_exit.o(.text)
    __default_signal_display                 0x0800176d   Thumb Code    50  defsig_general.o(.text)
    strcmp                                   0x080017a1   Thumb Code   124  strcmpv7em.o(.text)
    _ttywrch                                 0x0800181d   Thumb Code    14  sys_wrch.o(.text)
    CreateNumpad                             0x0800182d   Thumb Code   266  _init_.o(.text.CreateNumpad)
    EXTI3_IRQHandler                         0x08001939   Thumb Code    26  interupt_handlers.o(.text.EXTI3_IRQHandler)
    EXTI4_IRQHandler                         0x08001955   Thumb Code   152  interupt_handlers.o(.text.EXTI4_IRQHandler)
    EXTI9_5_IRQHandler                       0x080019ed   Thumb Code   194  interupt_handlers.o(.text.EXTI9_5_IRQHandler)
    GeneralPurposeTimer_Create               0x08001ab1   Thumb Code   310  timer_lib.o(.text.GeneralPurposeTimer_Create)
    GenevaLCDDevice_Create                   0x08001be9   Thumb Code   230  lcd_lib.o(.text.GenevaLCDDevice_Create)
    GetGPIO                                  0x08001cd1   Thumb Code    38  gpio_lib.o(.text.GetGPIO)
    IODevice_Create                          0x08001cf9   Thumb Code   406  gpio_lib.o(.text.IODevice_Create)
    InitSysTick                              0x08001e91   Thumb Code    74  _init_.o(.text.InitSysTick)
    Numpad_Create                            0x08001edd   Thumb Code   120  gpio_lib.o(.text.Numpad_Create)
    PIDController_Create                     0x08001f55   Thumb Code   208  pid.o(.text.PIDController_Create)
    PID_CurrentPosChanged                    0x08002029   Thumb Code   136  pid.o(.text.PID_CurrentPosChanged)
    PID_ResetIntegrator                      0x080020b9   Thumb Code    22  pid.o(.text.PID_ResetIntegrator)
    PID_SetPointChanged                      0x080020d1   Thumb Code   120  pid.o(.text.PID_SetPointChanged)
    PID_UpdatePIOut                          0x08002151   Thumb Code   632  pid.o(.text.PID_UpdatePIOut)
    PWMDevice_Create                         0x080023d1   Thumb Code   144  pwm_lib.o(.text.PWMDevice_Create)
    PWMDevice_finalizePWMClockSetup          0x08002461   Thumb Code   284  pwm_lib.o(.text.PWMDevice_finalizePWMClockSetup)
    PWMDevice_finalizePinOutSetup            0x0800257d   Thumb Code   124  pwm_lib.o(.text.PWMDevice_finalizePinOutSetup)
    PWMDevice_setCCR                         0x080025f9   Thumb Code   118  pwm_lib.o(.text.PWMDevice_setCCR)
    PWMDevice_updateDutyCycle                0x08002671   Thumb Code   120  pwm_lib.o(.text.PWMDevice_updateDutyCycle)
    PeripheralInteruptHandling_Create        0x080026e9   Thumb Code    66  interupt_lib.o(.text.PeripheralInteruptHandling_Create)
    SetGPIO                                  0x0800272d   Thumb Code    44  gpio_lib.o(.text.SetGPIO)
    SysTick_Handler                          0x08002759   Thumb Code    14  interupt_handlers.o(.text.SysTick_Handler)
    TIM2_IRQHandler                          0x08002769   Thumb Code   720  interupt_handlers.o(.text.TIM2_IRQHandler)
    TIM4_IRQHandler                          0x08002a49   Thumb Code    26  interupt_handlers.o(.text.TIM4_IRQHandler)
    _initLCD_                                0x08002b85   Thumb Code    24  lcd_lib.o(.text._initLCD_)
    _init_                                   0x08002b9d   Thumb Code  1316  _init_.o(.text._init_)
    _init_GPIOInterupt                       0x080030c5   Thumb Code   406  interupt_lib.o(.text._init_GPIOInterupt)
    calcFrequency                            0x08003261   Thumb Code   136  main.o(.text.calcFrequency)
    calcVoltage                              0x080032f1   Thumb Code    80  main.o(.text.calcVoltage)
    changeDimMODER                           0x08003341   Thumb Code   160  gpio_lib.o(.text.changeDimMODER)
    createFreqString                         0x080033e1   Thumb Code    40  main.o(.text.createFreqString)
    createTargetString                       0x08003409   Thumb Code   118  main.o(.text.createTargetString)
    dispCooldown                             0x08003481   Thumb Code     4  main.o(.text.dispCooldown)
    dispUpdaReady                            0x08003485   Thumb Code     4  main.o(.text.dispUpdaReady)
    displayUpdate                            0x08003489   Thumb Code   362  main.o(.text.displayUpdate)
    freqCalcReady                            0x080035f5   Thumb Code    12  main.o(.text.freqCalcReady)
    freqCooldown                             0x08003601   Thumb Code     4  main.o(.text.freqCooldown)
    getBits                                  0x08003605   Thumb Code    22  timer_lib.o(.text.getBits)
    getState                                 0x0800361d   Thumb Code    46  gpio_lib.o(.text.getState)
    greedyClearDisplay                       0x0800364d   Thumb Code    56  lcd_lib.o(.text.greedyClearDisplay)
    greedyMoveCursor                         0x08003689   Thumb Code    48  lcd_lib.o(.text.greedyMoveCursor)
    greedyRunCommand                         0x080036b9   Thumb Code    22  lcd_lib.o(.text.greedyRunCommand)
    greedyWait                               0x080036d1   Thumb Code   258  timer_lib.o(.text.greedyWait)
    greedyWriteString                        0x080037d5   Thumb Code   144  lcd_lib.o(.text.greedyWriteString)
    handleNewRPM                             0x08003869   Thumb Code   184  main.o(.text.handleNewRPM)
    handleNewRPMCooldown                     0x08003939   Thumb Code    48  main.o(.text.handleNewRPMCooldown)
    handleNewRPMReady                        0x0800396d   Thumb Code     4  main.o(.text.handleNewRPMReady)
    handleNewTarget                          0x08003971   Thumb Code   176  main.o(.text.handleNewTarget)
    handleNewTargetCooldown                  0x08003a31   Thumb Code    48  main.o(.text.handleNewTargetCooldown)
    handleNewTargetReady                     0x08003a65   Thumb Code    12  main.o(.text.handleNewTargetReady)
    handleNoRotation                         0x08003a71   Thumb Code   368  main.o(.text.handleNoRotation)
    handleNoRotationCooldown                 0x08003bf9   Thumb Code     4  main.o(.text.handleNoRotationCooldown)
    handleNoRotationReady                    0x08003bfd   Thumb Code     4  main.o(.text.handleNoRotationReady)
    handlePadPress                           0x08003c01   Thumb Code   940  main.o(.text.handlePadPress)
    handlePadPressCooldown                   0x08003fb1   Thumb Code     4  main.o(.text.handlePadPressCooldown)
    handlePadPressReady                      0x08003fb5   Thumb Code    74  main.o(.text.handlePadPressReady)
    handleSW1Press                           0x08004001   Thumb Code    96  main.o(.text.handleSW1Press)
    handleSW1PressCooldown                   0x08004061   Thumb Code     4  main.o(.text.handleSW1PressCooldown)
    handleSW1PressReady                      0x08004065   Thumb Code    12  main.o(.text.handleSW1PressReady)
    handleSW2Press                           0x08004071   Thumb Code   174  main.o(.text.handleSW2Press)
    handleSW2PressCooldown                   0x08004121   Thumb Code     4  main.o(.text.handleSW2PressCooldown)
    handleSW2PressReady                      0x08004125   Thumb Code    12  main.o(.text.handleSW2PressReady)
    i2c1_Init                                0x08004131   Thumb Code    68  lcd_routines.o(.text.i2c1_Init)
    i2c1_Pinmode_PB67                        0x08004175   Thumb Code    82  lcd_routines.o(.text.i2c1_Pinmode_PB67)
    initCCInterupt                           0x080041c9   Thumb Code   108  interupt_lib.o(.text.initCCInterupt)
    lcd_Command                              0x08004235   Thumb Code   272  lcd_routines.o(.text.lcd_Command)
    lcd_Init                                 0x08004345   Thumb Code   382  lcd_routines.o(.text.lcd_Init)
    lcd_Nack                                 0x080044c5   Thumb Code    16  lcd_lib.o(.text.lcd_Nack)
    lcd_Write                                0x080044d5   Thumb Code   272  lcd_routines.o(.text.lcd_Write)
    main                                     0x080045e5   Thumb Code   980  main.o(.text.main)
    readPad                                  0x080049b9   Thumb Code    28  main.o(.text.readPad)
    readPadCooldown                          0x080049d5   Thumb Code     4  main.o(.text.readPadCooldown)
    readPadReady                             0x080049d9   Thumb Code    12  main.o(.text.readPadReady)
    readVoltage                              0x080049e9   Thumb Code   168  main.o(.text.readVoltage)
    sendBits                                 0x08004aa1   Thumb Code    20  lcd_lib.o(.text.sendBits)
    sendMSGBits                              0x08004ab5   Thumb Code    96  lcd_lib.o(.text.sendMSGBits)
    setBits                                  0x08004b15   Thumb Code    48  timer_lib.o(.text.setBits)
    setIRQn                                  0x08004b45   Thumb Code    62  interupt_lib.o(.text.setIRQn)
    setIXER                                  0x08004b85   Thumb Code    28  interupt_lib.o(.text.setIXER)
    setMODER                                 0x08004ba1   Thumb Code   170  gpio_lib.o(.text.setMODER)
    setPinInterupt                           0x08004c4d   Thumb Code   140  interupt_lib.o(.text.setPinInterupt)
    setPriorityBit                           0x08004cd9   Thumb Code    24  interupt_lib.o(.text.setPriorityBit)
    setState                                 0x08004cf1   Thumb Code    36  gpio_lib.o(.text.setState)
    startTalking                             0x08004d15   Thumb Code    70  lcd_lib.o(.text.startTalking)
    stateMachineReadPad                      0x08004d5d   Thumb Code   586  gpio_lib.o(.text.stateMachineReadPad)
    tim6_Del                                 0x08004fa9   Thumb Code    66  lcd_routines.o(.text.tim6_Del)
    tim6_Init                                0x08004fed   Thumb Code    70  lcd_routines.o(.text.tim6_Init)
    toggle                                   0x08005035   Thumb Code    52  gpio_lib.o(.text.toggle)
    updateMainMenu                           0x08005069   Thumb Code   280  main.o(.text.updateMainMenu)
    updateMainMenuCooldown                   0x08005199   Thumb Code     4  main.o(.text.updateMainMenuCooldown)
    updateMainMenuReady                      0x0800519d   Thumb Code    50  main.o(.text.updateMainMenuReady)
    voltCalcReady                            0x080051d1   Thumb Code    18  main.o(.text.voltCalcReady)
    voltCooldown                             0x080051e5   Thumb Code     6  main.o(.text.voltCooldown)
    _btod_d2e                                0x080051eb   Thumb Code    62  btod.o(CL$$btod_d2e)
    _d2e_denorm_low                          0x08005229   Thumb Code    70  btod.o(CL$$btod_d2e_denorm_low)
    _d2e_norm_op1                            0x0800526f   Thumb Code    96  btod.o(CL$$btod_d2e_norm_op1)
    __btod_div_common                        0x080052d1   Thumb Code   696  btod.o(CL$$btod_div_common)
    _e2e                                     0x08005609   Thumb Code   220  btod.o(CL$$btod_e2e)
    _btod_ediv                               0x080056e5   Thumb Code    42  btod.o(CL$$btod_ediv)
    _btod_emul                               0x0800570f   Thumb Code    42  btod.o(CL$$btod_emul)
    __btod_mult_common                       0x08005739   Thumb Code   580  btod.o(CL$$btod_mult_common)
    __ARM_fpclassify                         0x0800597d   Thumb Code    48  fpclassify.o(i.__ARM_fpclassify)
    _is_digit                                0x080059ad   Thumb Code    14  __printf_wp.o(i._is_digit)
    _get_lc_numeric                          0x080059bd   Thumb Code    44  lc_numeric_c.o(locale$$code)
    _get_lc_ctype                            0x080059e9   Thumb Code    44  lc_ctype_c.o(locale$$code)
    __aeabi_d2f                              0x08005a15   Thumb Code     0  d2f.o(x$fpl$d2f)
    _d2f                                     0x08005a15   Thumb Code    98  d2f.o(x$fpl$d2f)
    __aeabi_dadd                             0x08005a79   Thumb Code     0  daddsub_clz.o(x$fpl$dadd)
    _dadd                                    0x08005a79   Thumb Code   332  daddsub_clz.o(x$fpl$dadd)
    __fpl_dcmp_Inf                           0x08005bc9   Thumb Code    24  dcmpi.o(x$fpl$dcmpinf)
    __aeabi_ddiv                             0x08005be1   Thumb Code     0  ddiv.o(x$fpl$ddiv)
    _ddiv                                    0x08005be1   Thumb Code   560  ddiv.o(x$fpl$ddiv)
    __aeabi_cdcmpeq                          0x08005e99   Thumb Code     0  deqf.o(x$fpl$deqf)
    _dcmpeq                                  0x08005e99   Thumb Code   120  deqf.o(x$fpl$deqf)
    __aeabi_d2uiz                            0x08005f11   Thumb Code     0  dfixu.o(x$fpl$dfixu)
    _dfixu                                   0x08005f11   Thumb Code    90  dfixu.o(x$fpl$dfixu)
    __aeabi_i2d                              0x08005f6b   Thumb Code     0  dflt_clz.o(x$fpl$dflt)
    _dflt                                    0x08005f6b   Thumb Code    46  dflt_clz.o(x$fpl$dflt)
    __aeabi_ui2d                             0x08005f99   Thumb Code     0  dflt_clz.o(x$fpl$dfltu)
    _dfltu                                   0x08005f99   Thumb Code    38  dflt_clz.o(x$fpl$dfltu)
    __aeabi_cdcmpge                          0x08005fc1   Thumb Code     0  dgeqf.o(x$fpl$dgeqf)
    _dcmpge                                  0x08005fc1   Thumb Code   120  dgeqf.o(x$fpl$dgeqf)
    __aeabi_cdcmple                          0x08006039   Thumb Code     0  dleqf.o(x$fpl$dleqf)
    _dcmple                                  0x08006039   Thumb Code   120  dleqf.o(x$fpl$dleqf)
    __fpl_dcmple_InfNaN                      0x0800609b   Thumb Code     0  dleqf.o(x$fpl$dleqf)
    __aeabi_dmul                             0x080060b1   Thumb Code     0  dmul.o(x$fpl$dmul)
    _dmul                                    0x080060b1   Thumb Code   332  dmul.o(x$fpl$dmul)
    __fpl_dnaninf                            0x08006205   Thumb Code   156  dnaninf.o(x$fpl$dnaninf)
    __fpl_dretinf                            0x080062a1   Thumb Code    12  dretinf.o(x$fpl$dretinf)
    __aeabi_dsub                             0x080062ad   Thumb Code     0  daddsub_clz.o(x$fpl$dsub)
    _dsub                                    0x080062ad   Thumb Code   472  daddsub_clz.o(x$fpl$dsub)
    __aeabi_f2d                              0x08006489   Thumb Code     0  f2d.o(x$fpl$f2d)
    _f2d                                     0x08006489   Thumb Code    86  f2d.o(x$fpl$f2d)
    __aeabi_dcmpeq                           0x080064df   Thumb Code     0  dcmp.o(x$fpl$fcmp)
    _deq                                     0x080064df   Thumb Code    14  dcmp.o(x$fpl$fcmp)
    _dneq                                    0x080064ed   Thumb Code    14  dcmp.o(x$fpl$fcmp)
    __aeabi_dcmpgt                           0x080064fb   Thumb Code     0  dcmp.o(x$fpl$fcmp)
    _dgr                                     0x080064fb   Thumb Code    14  dcmp.o(x$fpl$fcmp)
    __aeabi_dcmpge                           0x08006509   Thumb Code     0  dcmp.o(x$fpl$fcmp)
    _dgeq                                    0x08006509   Thumb Code    14  dcmp.o(x$fpl$fcmp)
    __aeabi_dcmple                           0x08006517   Thumb Code     0  dcmp.o(x$fpl$fcmp)
    _dleq                                    0x08006517   Thumb Code    14  dcmp.o(x$fpl$fcmp)
    __aeabi_dcmplt                           0x08006525   Thumb Code     0  dcmp.o(x$fpl$fcmp)
    _dls                                     0x08006525   Thumb Code    14  dcmp.o(x$fpl$fcmp)
    __fpl_fnaninf                            0x08006533   Thumb Code   140  fnaninf.o(x$fpl$fnaninf)
    _fp_init                                 0x080065bf   Thumb Code    26  fpinit.o(x$fpl$fpinit)
    __fplib_config_fpu_vfp                   0x080065d7   Thumb Code     0  fpinit.o(x$fpl$fpinit)
    __fplib_config_pureend_doubles           0x080065d7   Thumb Code     0  fpinit.o(x$fpl$fpinit)
    __fpl_fretinf                            0x080065d9   Thumb Code    10  fretinf.o(x$fpl$fretinf)
    _printf_fp_dec                           0x080065e3   Thumb Code     4  printf1.o(x$fpl$printf1)
    _printf_fp_hex                           0x080065e7   Thumb Code     4  printf2.o(x$fpl$printf2)
    __I$use$fp                               0x080065ea   Number         0  usenofp.o(x$fpl$usenofp)
    Region$$Table$$Base                      0x080068e0   Number         0  anon$$obj.o(Region$$Table)
    Region$$Table$$Limit                     0x08006900   Number         0  anon$$obj.o(Region$$Table)
    __ctype                                  0x08006929   Data           0  lc_ctype_c.o(locale$$data)
    Image$$ER_IROM1$$RO$$Limit               0x08006a2c   Number         0  anon$$obj.o ABSOLUTE
    Image$$ER_IROM1$$RW$$Base                0x08006a2c   Number         0  anon$$obj.o ABSOLUTE
    Image$$ER_IROM1$$RW$$Limit               0x08006a2c   Number         0  anon$$obj.o ABSOLUTE
    Image$$ER_IROM1$$ZI$$Base                0x08006a2c   Number         0  anon$$obj.o ABSOLUTE
    Image$$ER_IROM1$$ZI$$Limit               0x08006a2c   Number         0  anon$$obj.o ABSOLUTE
    Load$$RW_IRAM1$$Base                     0x08006a30   Number         0  anon$$obj.o ABSOLUTE
    Image$$RW_IRAM1$$Base                    0x20000000   Number         0  anon$$obj.o ABSOLUTE
    Image$$RW_IRAM1$$RO$$Base                0x20000000   Number         0  anon$$obj.o ABSOLUTE
    Image$$RW_IRAM1$$RW$$Base                0x20000000   Number         0  anon$$obj.o ABSOLUTE
    calcVoltFlag                             0x20000030   Data           4  globals.o(.data.calcVoltFlag)
    displayState                             0x20000034   Data           1  globals.o(.data.displayState)
    gettingUserInputFlag                     0x20000038   Data           4  globals.o(.data.gettingUserInputFlag)
    sw2PressedFlag                           0x20000044   Data           4  globals.o(.data.sw2PressedFlag)
    targetRPM                                0x20000048   Data           4  globals.o(.data.targetRPM)
    Image$$RW_IRAM1$$Limit                   0x20000050   Number         0  anon$$obj.o ABSOLUTE
    Image$$RW_IRAM1$$RW$$Limit               0x20000050   Number         0  anon$$obj.o ABSOLUTE
    Image$$RW_IRAM1$$ZI$$Base                0x20000050   Number         0  anon$$obj.o ABSOLUTE
    __libspace_start                         0x20000050   Data          96  libspace.o(.bss)
    Display                                  0x200000b0   Data           4  globals.o(.bss.Display)
    __temporary_stack_top$libspace           0x200000b0   Data           0  libspace.o(.bss)
    FreqReader                               0x200000b4   Data          48  globals.o(.bss.FreqReader)
    MotorPID                                 0x200000e4   Data           4  globals.o(.bss.MotorPID)
    MotorPWM                                 0x200000e8   Data           4  globals.o(.bss.MotorPWM)
    NumberPad                                0x200000ec   Data           4  globals.o(.bss.NumberPad)
    SW1LED                                   0x200000f0   Data           4  globals.o(.bss.SW1LED)
    SW2LED                                   0x200000f4   Data           4  globals.o(.bss.SW2LED)
    Switch1                                  0x200000f8   Data           4  globals.o(.bss.Switch1)
    Switch2                                  0x200000fc   Data           4  globals.o(.bss.Switch2)
    Timer2                                   0x20000100   Data          24  globals.o(.bss.Timer2)
    Timer4                                   0x20000118   Data          24  globals.o(.bss.Timer4)
    Timer5                                   0x20000130   Data          24  globals.o(.bss.Timer5)
    VoltReader                               0x20000148   Data          48  globals.o(.bss.VoltReader)
    calcFreqFlag                             0x20000178   Data           4  globals.o(.bss.calcFreqFlag)
    freqCounts                               0x2000017c   Data           4  globals.o(.bss.freqCounts)
    frequency                                0x20000180   Data           8  globals.o(.bss.frequency)
    newRPMFlag                               0x2000018c   Data           4  globals.o(.bss.newRPMFlag)
    readFinishedFlag                         0x20000190   Data           4  globals.o(.bss.readFinishedFlag)
    schedulerTasks                           0x20000194   Data         264  globals.o(.bss.schedulerTasks)
    sw1PressedFlag                           0x2000029c   Data           4  globals.o(.bss.sw1PressedFlag)
    systickFlag                              0x200002a0   Data           4  globals.o(.bss.systickFlag)
    targetSetFlag                            0x200002a4   Data           4  globals.o(.bss.targetSetFlag)
    timeElapsed                              0x200002a8   Data           8  globals.o(.bss.timeElapsed)
    timeF                                    0x200002b0   Data           4  interupt_handlers.o(.bss.timeF)
    timeI                                    0x200002b4   Data           4  interupt_handlers.o(.bss.timeI)
    tor_rpm_toggle                           0x200002b8   Data           4  globals.o(.bss.tor_rpm_toggle)
    torque                                   0x200002bc   Data           4  globals.o(.bss.torque)
    updateMainMenuFlag                       0x200002c0   Data           4  globals.o(.bss.updateMainMenuFlag)
    voltage                                  0x200002c4   Data           4  globals.o(.bss.voltage)
    voltageAccum                             0x200002c8   Data           4  globals.o(.bss.voltageAccum)
    voltageMeasurements                      0x200002cc   Data           4  globals.o(.bss.voltageMeasurements)
    Image$$RW_IRAM1$$ZI$$Limit               0x20000ed0   Number         0  anon$$obj.o ABSOLUTE



==============================================================================

Memory Map of the image

  Image Entry point : 0x08000189

  Load Region LR_IROM1 (Base: 0x08000000, Size: 0x00006a80, Max: 0x00100000, ABSOLUTE)

    Execution Region ER_IROM1 (Exec base: 0x08000000, Load base: 0x08000000, Size: 0x00006a2c, Max: 0x00100000, ABSOLUTE)

    Exec Addr    Load Addr    Size         Type   Attr      Idx    E Section Name        Object

    0x08000000   0x08000000   0x00000188   Data   RO           96    RESET               startup_stm32l476xx.o
    0x08000188   0x08000188   0x00000008   Code   RO          439  * !!!main             c_w.l(__main.o)
    0x08000190   0x08000190   0x0000005c   Code   RO          864    !!!scatter          c_w.l(__scatter.o)
    0x080001ec   0x080001ec   0x0000001a   Code   RO          868    !!handler_copy      c_w.l(__scatter_copy.o)
    0x08000206   0x08000206   0x00000002   PAD
    0x08000208   0x08000208   0x00000002   Code   RO          865    !!handler_null      c_w.l(__scatter.o)
    0x0800020a   0x0800020a   0x00000002   PAD
    0x0800020c   0x0800020c   0x0000001c   Code   RO          870    !!handler_zi        c_w.l(__scatter_zi.o)
    0x08000228   0x08000228   0x00000000   Code   RO          576    .ARM.Collect$$_printf_percent$$00000000  c_w.l(_printf_percent.o)
    0x08000228   0x08000228   0x00000006   Code   RO          565    .ARM.Collect$$_printf_percent$$00000001  c_w.l(_printf_n.o)
    0x0800022e   0x0800022e   0x00000006   Code   RO          567    .ARM.Collect$$_printf_percent$$00000002  c_w.l(_printf_p.o)
    0x08000234   0x08000234   0x00000006   Code   RO          572    .ARM.Collect$$_printf_percent$$00000003  c_w.l(_printf_f.o)
    0x0800023a   0x0800023a   0x00000006   Code   RO          573    .ARM.Collect$$_printf_percent$$00000004  c_w.l(_printf_e.o)
    0x08000240   0x08000240   0x00000006   Code   RO          574    .ARM.Collect$$_printf_percent$$00000005  c_w.l(_printf_g.o)
    0x08000246   0x08000246   0x00000006   Code   RO          575    .ARM.Collect$$_printf_percent$$00000006  c_w.l(_printf_a.o)
    0x0800024c   0x0800024c   0x0000000a   Code   RO          580    .ARM.Collect$$_printf_percent$$00000007  c_w.l(_printf_ll.o)
    0x08000256   0x08000256   0x00000006   Code   RO          569    .ARM.Collect$$_printf_percent$$00000008  c_w.l(_printf_i.o)
    0x0800025c   0x0800025c   0x00000006   Code   RO          570    .ARM.Collect$$_printf_percent$$00000009  c_w.l(_printf_d.o)
    0x08000262   0x08000262   0x00000006   Code   RO          571    .ARM.Collect$$_printf_percent$$0000000A  c_w.l(_printf_u.o)
    0x08000268   0x08000268   0x00000006   Code   RO          568    .ARM.Collect$$_printf_percent$$0000000B  c_w.l(_printf_o.o)
    0x0800026e   0x0800026e   0x00000006   Code   RO          566    .ARM.Collect$$_printf_percent$$0000000C  c_w.l(_printf_x.o)
    0x08000274   0x08000274   0x00000006   Code   RO          577    .ARM.Collect$$_printf_percent$$0000000D  c_w.l(_printf_lli.o)
    0x0800027a   0x0800027a   0x00000006   Code   RO          578    .ARM.Collect$$_printf_percent$$0000000E  c_w.l(_printf_lld.o)
    0x08000280   0x08000280   0x00000006   Code   RO          579    .ARM.Collect$$_printf_percent$$0000000F  c_w.l(_printf_llu.o)
    0x08000286   0x08000286   0x00000006   Code   RO          584    .ARM.Collect$$_printf_percent$$00000010  c_w.l(_printf_llo.o)
    0x0800028c   0x0800028c   0x00000006   Code   RO          585    .ARM.Collect$$_printf_percent$$00000011  c_w.l(_printf_llx.o)
    0x08000292   0x08000292   0x0000000a   Code   RO          581    .ARM.Collect$$_printf_percent$$00000012  c_w.l(_printf_l.o)
    0x0800029c   0x0800029c   0x00000006   Code   RO          563    .ARM.Collect$$_printf_percent$$00000013  c_w.l(_printf_c.o)
    0x080002a2   0x080002a2   0x00000006   Code   RO          564    .ARM.Collect$$_printf_percent$$00000014  c_w.l(_printf_s.o)
    0x080002a8   0x080002a8   0x00000006   Code   RO          582    .ARM.Collect$$_printf_percent$$00000015  c_w.l(_printf_lc.o)
    0x080002ae   0x080002ae   0x00000006   Code   RO          583    .ARM.Collect$$_printf_percent$$00000016  c_w.l(_printf_ls.o)
    0x080002b4   0x080002b4   0x00000004   Code   RO          707    .ARM.Collect$$_printf_percent$$00000017  c_w.l(_printf_percent_end.o)
    0x080002b8   0x080002b8   0x00000002   Code   RO          786    .ARM.Collect$$libinit$$00000000  c_w.l(libinit.o)
    0x080002ba   0x080002ba   0x00000004   Code   RO          590    .ARM.Collect$$libinit$$00000001  c_w.l(libinit2.o)
    0x080002be   0x080002be   0x00000000   Code   RO          593    .ARM.Collect$$libinit$$00000004  c_w.l(libinit2.o)
    0x080002be   0x080002be   0x00000000   Code   RO          595    .ARM.Collect$$libinit$$00000006  c_w.l(libinit2.o)
    0x080002be   0x080002be   0x00000008   Code   RO          596    .ARM.Collect$$libinit$$00000007  c_w.l(libinit2.o)
    0x080002c6   0x080002c6   0x00000000   Code   RO          598    .ARM.Collect$$libinit$$0000000C  c_w.l(libinit2.o)
    0x080002c6   0x080002c6   0x00000000   Code   RO          600    .ARM.Collect$$libinit$$0000000E  c_w.l(libinit2.o)
    0x080002c6   0x080002c6   0x00000000   Code   RO          602    .ARM.Collect$$libinit$$00000010  c_w.l(libinit2.o)
    0x080002c6   0x080002c6   0x00000006   Code   RO          603    .ARM.Collect$$libinit$$00000011  c_w.l(libinit2.o)
    0x080002cc   0x080002cc   0x00000000   Code   RO          605    .ARM.Collect$$libinit$$00000013  c_w.l(libinit2.o)
    0x080002cc   0x080002cc   0x0000000c   Code   RO          606    .ARM.Collect$$libinit$$00000014  c_w.l(libinit2.o)
    0x080002d8   0x080002d8   0x00000000   Code   RO          607    .ARM.Collect$$libinit$$00000015  c_w.l(libinit2.o)
    0x080002d8   0x080002d8   0x00000000   Code   RO          609    .ARM.Collect$$libinit$$00000017  c_w.l(libinit2.o)
    0x080002d8   0x080002d8   0x0000000a   Code   RO          610    .ARM.Collect$$libinit$$00000018  c_w.l(libinit2.o)
    0x080002e2   0x080002e2   0x00000000   Code   RO          611    .ARM.Collect$$libinit$$00000019  c_w.l(libinit2.o)
    0x080002e2   0x080002e2   0x00000000   Code   RO          613    .ARM.Collect$$libinit$$0000001B  c_w.l(libinit2.o)
    0x080002e2   0x080002e2   0x00000000   Code   RO          615    .ARM.Collect$$libinit$$0000001D  c_w.l(libinit2.o)
    0x080002e2   0x080002e2   0x00000000   Code   RO          617    .ARM.Collect$$libinit$$0000001F  c_w.l(libinit2.o)
    0x080002e2   0x080002e2   0x00000000   Code   RO          619    .ARM.Collect$$libinit$$00000021  c_w.l(libinit2.o)
    0x080002e2   0x080002e2   0x00000000   Code   RO          621    .ARM.Collect$$libinit$$00000023  c_w.l(libinit2.o)
    0x080002e2   0x080002e2   0x00000000   Code   RO          623    .ARM.Collect$$libinit$$00000025  c_w.l(libinit2.o)
    0x080002e2   0x080002e2   0x00000000   Code   RO          625    .ARM.Collect$$libinit$$00000027  c_w.l(libinit2.o)
    0x080002e2   0x080002e2   0x00000000   Code   RO          629    .ARM.Collect$$libinit$$0000002E  c_w.l(libinit2.o)
    0x080002e2   0x080002e2   0x00000000   Code   RO          631    .ARM.Collect$$libinit$$00000030  c_w.l(libinit2.o)
    0x080002e2   0x080002e2   0x00000000   Code   RO          633    .ARM.Collect$$libinit$$00000032  c_w.l(libinit2.o)
    0x080002e2   0x080002e2   0x00000000   Code   RO          635    .ARM.Collect$$libinit$$00000034  c_w.l(libinit2.o)
    0x080002e2   0x080002e2   0x00000002   Code   RO          636    .ARM.Collect$$libinit$$00000035  c_w.l(libinit2.o)
    0x080002e4   0x080002e4   0x00000002   Code   RO          861    .ARM.Collect$$libshutdown$$00000000  c_w.l(libshutdown.o)
    0x080002e6   0x080002e6   0x00000000   Code   RO          813    .ARM.Collect$$libshutdown$$00000002  c_w.l(libshutdown2.o)
    0x080002e6   0x080002e6   0x00000000   Code   RO          815    .ARM.Collect$$libshutdown$$00000004  c_w.l(libshutdown2.o)
    0x080002e6   0x080002e6   0x00000000   Code   RO          818    .ARM.Collect$$libshutdown$$00000007  c_w.l(libshutdown2.o)
    0x080002e6   0x080002e6   0x00000000   Code   RO          821    .ARM.Collect$$libshutdown$$0000000A  c_w.l(libshutdown2.o)
    0x080002e6   0x080002e6   0x00000000   Code   RO          823    .ARM.Collect$$libshutdown$$0000000C  c_w.l(libshutdown2.o)
    0x080002e6   0x080002e6   0x00000000   Code   RO          826    .ARM.Collect$$libshutdown$$0000000F  c_w.l(libshutdown2.o)
    0x080002e6   0x080002e6   0x00000002   Code   RO          827    .ARM.Collect$$libshutdown$$00000010  c_w.l(libshutdown2.o)
    0x080002e8   0x080002e8   0x00000000   Code   RO          471    .ARM.Collect$$rtentry$$00000000  c_w.l(__rtentry.o)
    0x080002e8   0x080002e8   0x00000000   Code   RO          668    .ARM.Collect$$rtentry$$00000002  c_w.l(__rtentry2.o)
    0x080002e8   0x080002e8   0x00000006   Code   RO          680    .ARM.Collect$$rtentry$$00000004  c_w.l(__rtentry4.o)
    0x080002ee   0x080002ee   0x00000000   Code   RO          670    .ARM.Collect$$rtentry$$00000009  c_w.l(__rtentry2.o)
    0x080002ee   0x080002ee   0x00000004   Code   RO          671    .ARM.Collect$$rtentry$$0000000A  c_w.l(__rtentry2.o)
    0x080002f2   0x080002f2   0x00000000   Code   RO          673    .ARM.Collect$$rtentry$$0000000C  c_w.l(__rtentry2.o)
    0x080002f2   0x080002f2   0x00000008   Code   RO          674    .ARM.Collect$$rtentry$$0000000D  c_w.l(__rtentry2.o)
    0x080002fa   0x080002fa   0x00000002   Code   RO          795    .ARM.Collect$$rtexit$$00000000  c_w.l(rtexit.o)
    0x080002fc   0x080002fc   0x00000000   Code   RO          833    .ARM.Collect$$rtexit$$00000002  c_w.l(rtexit2.o)
    0x080002fc   0x080002fc   0x00000004   Code   RO          834    .ARM.Collect$$rtexit$$00000003  c_w.l(rtexit2.o)
    0x08000300   0x08000300   0x00000006   Code   RO          835    .ARM.Collect$$rtexit$$00000004  c_w.l(rtexit2.o)
    0x08000306   0x08000306   0x00000002   PAD
    0x08000308   0x08000308   0x0000008c   Code   RO           97    .text               startup_stm32l476xx.o
    0x08000394   0x08000394   0x0000005e   Code   RO          361    .text               c_w.l(h1_alloc.o)
    0x080003f2   0x080003f2   0x0000004e   Code   RO          363    .text               c_w.l(h1_free.o)
    0x08000440   0x08000440   0x00000040   Code   RO          419    .text               c_w.l(snprintf.o)
    0x08000480   0x08000480   0x0000008a   Code   RO          429    .text               c_w.l(rt_memcpy_v6.o)
    0x0800050a   0x0800050a   0x00000064   Code   RO          431    .text               c_w.l(rt_memcpy_w.o)
    0x0800056e   0x0800056e   0x0000004e   Code   RO          433    .text               c_w.l(rt_memclr_w.o)
    0x080005bc   0x080005bc   0x00000006   Code   RO          437    .text               c_w.l(heapauxi.o)
    0x080005c2   0x080005c2   0x00000002   PAD
    0x080005c4   0x080005c4   0x00000008   Code   RO          475    .text               c_w.l(rt_heap_descriptor_intlibspace.o)
    0x080005cc   0x080005cc   0x00000004   Code   RO          477    .text               c_w.l(hguard.o)
    0x080005d0   0x080005d0   0x0000008a   Code   RO          479    .text               c_w.l(init_alloc.o)
    0x0800065a   0x0800065a   0x0000000c   Code   RO          483    .text               c_w.l(h1_init.o)
    0x08000666   0x08000666   0x0000004e   Code   RO          497    .text               c_w.l(_printf_pad.o)
    0x080006b4   0x080006b4   0x00000024   Code   RO          499    .text               c_w.l(_printf_truncate.o)
    0x080006d8   0x080006d8   0x00000052   Code   RO          501    .text               c_w.l(_printf_str.o)
    0x0800072a   0x0800072a   0x00000002   PAD
    0x0800072c   0x0800072c   0x00000078   Code   RO          503    .text               c_w.l(_printf_dec.o)
    0x080007a4   0x080007a4   0x00000028   Code   RO          505    .text               c_w.l(_printf_charcount.o)
    0x080007cc   0x080007cc   0x00000030   Code   RO          507    .text               c_w.l(_printf_char_common.o)
    0x080007fc   0x080007fc   0x00000010   Code   RO          509    .text               c_w.l(_snputc.o)
    0x0800080c   0x0800080c   0x000000c2   Code   RO          511    .text               c_w.l(_printf_wctomb.o)
    0x080008ce   0x080008ce   0x00000002   PAD
    0x080008d0   0x080008d0   0x0000007c   Code   RO          514    .text               c_w.l(_printf_longlong_dec.o)
    0x0800094c   0x0800094c   0x00000070   Code   RO          520    .text               c_w.l(_printf_oct_int_ll.o)
    0x080009bc   0x080009bc   0x00000094   Code   RO          540    .text               c_w.l(_printf_hex_int_ll_ptr.o)
    0x08000a50   0x08000a50   0x0000018e   Code   RO          560    .text               c_w.l(__printf_flags_ss_wp.o)
    0x08000bde   0x08000bde   0x00000002   PAD
    0x08000be0   0x08000be0   0x00000008   Code   RO          664    .text               c_w.l(libspace.o)
    0x08000be8   0x08000be8   0x00000000   Code   RO          684    .text               c_w.l(maybetermalloc1.o)
    0x08000be8   0x08000be8   0x00000034   Code   RO          686    .text               c_w.l(h1_extend.o)
    0x08000c1c   0x08000c1c   0x0000008a   Code   RO          690    .text               c_w.l(lludiv10.o)
    0x08000ca6   0x08000ca6   0x000000b2   Code   RO          692    .text               c_w.l(_printf_intcommon.o)
    0x08000d58   0x08000d58   0x00000422   Code   RO          694    .text               c_w.l(_printf_fp_dec.o)
    0x0800117a   0x0800117a   0x00000002   PAD
    0x0800117c   0x0800117c   0x00000302   Code   RO          698    .text               c_w.l(_printf_fp_hex.o)
    0x0800147e   0x0800147e   0x0000002c   Code   RO          703    .text               c_w.l(_printf_char.o)
    0x080014aa   0x080014aa   0x0000002c   Code   RO          705    .text               c_w.l(_printf_wchar.o)
    0x080014d6   0x080014d6   0x00000048   Code   RO          708    .text               c_w.l(_c16rtomb.o)
    0x0800151e   0x0800151e   0x0000000e   Code   RO          710    .text               c_w.l(defsig_rtmem_outer.o)
    0x0800152c   0x0800152c   0x00000002   Code   RO          723    .text               c_w.l(use_no_semi.o)
    0x0800152e   0x0800152e   0x00000000   Code   RO          725    .text               c_w.l(indicate_semi.o)
    0x0800152e   0x0800152e   0x0000004a   Code   RO          726    .text               c_w.l(sys_stackheap_outer.o)
    0x08001578   0x08001578   0x00000010   Code   RO          728    .text               c_w.l(rt_ctype_table.o)
    0x08001588   0x08001588   0x00000008   Code   RO          735    .text               c_w.l(rt_locale_intlibspace.o)
    0x08001590   0x08001590   0x00000080   Code   RO          739    .text               c_w.l(_printf_fp_infnan.o)
    0x08001610   0x08001610   0x000000e4   Code   RO          741    .text               c_w.l(bigflt0.o)
    0x080016f4   0x080016f4   0x00000012   Code   RO          771    .text               c_w.l(exit.o)
    0x08001706   0x08001706   0x0000000a   Code   RO          773    .text               c_w.l(defsig_exit.o)
    0x08001710   0x08001710   0x00000050   Code   RO          775    .text               c_w.l(defsig_rtmem_inner.o)
    0x08001760   0x08001760   0x0000000c   Code   RO          791    .text               c_w.l(sys_exit.o)
    0x0800176c   0x0800176c   0x00000032   Code   RO          808    .text               c_w.l(defsig_general.o)
    0x0800179e   0x0800179e   0x00000002   PAD
    0x080017a0   0x080017a0   0x0000007c   Code   RO          810    .text               c_w.l(strcmpv7em.o)
    0x0800181c   0x0800181c   0x0000000e   Code   RO          828    .text               c_w.l(sys_wrch.o)
    0x0800182a   0x0800182a   0x00000002   PAD
    0x0800182c   0x0800182c   0x0000010a   Code   RO          104    .text.CreateNumpad  _init_.o
    0x08001936   0x08001936   0x00000002   PAD
    0x08001938   0x08001938   0x0000001a   Code   RO          240    .text.EXTI3_IRQHandler  interupt_handlers.o
    0x08001952   0x08001952   0x00000002   PAD
    0x08001954   0x08001954   0x00000098   Code   RO          244    .text.EXTI4_IRQHandler  interupt_handlers.o
    0x080019ec   0x080019ec   0x000000c2   Code   RO          246    .text.EXTI9_5_IRQHandler  interupt_handlers.o
    0x08001aae   0x08001aae   0x00000002   PAD
    0x08001ab0   0x08001ab0   0x00000136   Code   RO          154    .text.GeneralPurposeTimer_Create  timer_lib.o
    0x08001be6   0x08001be6   0x00000002   PAD
    0x08001be8   0x08001be8   0x000000e6   Code   RO          231    .text.GenevaLCDDevice_Create  lcd_lib.o
    0x08001cce   0x08001cce   0x00000002   PAD
    0x08001cd0   0x08001cd0   0x00000026   Code   RO          121    .text.GetGPIO       gpio_lib.o
    0x08001cf6   0x08001cf6   0x00000002   PAD
    0x08001cf8   0x08001cf8   0x00000196   Code   RO          133    .text.IODevice_Create  gpio_lib.o
    0x08001e8e   0x08001e8e   0x00000002   PAD
    0x08001e90   0x08001e90   0x0000004a   Code   RO          106    .text.InitSysTick   _init_.o
    0x08001eda   0x08001eda   0x00000002   PAD
    0x08001edc   0x08001edc   0x00000078   Code   RO          139    .text.Numpad_Create  gpio_lib.o
    0x08001f54   0x08001f54   0x000000d0   Code   RO          330    .text.PIDController_Create  pid.o
    0x08002024   0x08002024   0x00000004   PAD
    0x08002028   0x08002028   0x00000090   Code   RO          322    .text.PID_CurrentPosChanged  pid.o
    0x080020b8   0x080020b8   0x00000016   Code   RO          326    .text.PID_ResetIntegrator  pid.o
    0x080020ce   0x080020ce   0x00000002   PAD
    0x080020d0   0x080020d0   0x00000080   Code   RO          324    .text.PID_SetPointChanged  pid.o
    0x08002150   0x08002150   0x00000280   Code   RO          328    .text.PID_UpdatePIOut  pid.o
    0x080023d0   0x080023d0   0x00000090   Code   RO          347    .text.PWMDevice_Create  pwm_lib.o
    0x08002460   0x08002460   0x0000011c   Code   RO          345    .text.PWMDevice_finalizePWMClockSetup  pwm_lib.o
    0x0800257c   0x0800257c   0x0000007c   Code   RO          343    .text.PWMDevice_finalizePinOutSetup  pwm_lib.o
    0x080025f8   0x080025f8   0x00000076   Code   RO          341    .text.PWMDevice_setCCR  pwm_lib.o
    0x0800266e   0x0800266e   0x00000002   PAD
    0x08002670   0x08002670   0x00000078   Code   RO          339    .text.PWMDevice_updateDutyCycle  pwm_lib.o
    0x080026e8   0x080026e8   0x00000042   Code   RO          177    .text.PeripheralInteruptHandling_Create  interupt_lib.o
    0x0800272a   0x0800272a   0x00000002   PAD
    0x0800272c   0x0800272c   0x0000002c   Code   RO          123    .text.SetGPIO       gpio_lib.o
    0x08002758   0x08002758   0x0000000e   Code   RO          248    .text.SysTick_Handler  interupt_handlers.o
    0x08002766   0x08002766   0x00000002   PAD
    0x08002768   0x08002768   0x000002e0   Code   RO          250    .text.TIM2_IRQHandler  interupt_handlers.o
    0x08002a48   0x08002a48   0x0000001a   Code   RO          252    .text.TIM4_IRQHandler  interupt_handlers.o
    0x08002a62   0x08002a62   0x00000002   PAD
    0x08002a64   0x08002a64   0x00000030   Code   RO          242    .text.__NVIC_ClearPendingIRQ  interupt_handlers.o
    0x08002a94   0x08002a94   0x00000038   Code   RO          167    .text.__NVIC_DisableIRQ  interupt_lib.o
    0x08002acc   0x08002acc   0x00000030   Code   RO          165    .text.__NVIC_EnableIRQ  interupt_lib.o
    0x08002afc   0x08002afc   0x00000042   Code   RO          108    .text.__NVIC_SetPriority  _init_.o
    0x08002b3e   0x08002b3e   0x00000002   PAD
    0x08002b40   0x08002b40   0x00000042   Code   RO          173    .text.__NVIC_SetPriority  interupt_lib.o
    0x08002b82   0x08002b82   0x00000002   PAD
    0x08002b84   0x08002b84   0x00000018   Code   RO          213    .text._initLCD_     lcd_lib.o
    0x08002b9c   0x08002b9c   0x00000528   Code   RO          110    .text._init_        _init_.o
    0x080030c4   0x080030c4   0x00000196   Code   RO          181    .text._init_GPIOInterupt  interupt_lib.o
    0x0800325a   0x0800325a   0x00000006   PAD
    0x08003260   0x08003260   0x00000090   Code   RO           12    .text.calcFrequency  main.o
    0x080032f0   0x080032f0   0x00000050   Code   RO           10    .text.calcVoltage   main.o
    0x08003340   0x08003340   0x000000a0   Code   RO          135    .text.changeDimMODER  gpio_lib.o
    0x080033e0   0x080033e0   0x00000028   Code   RO            4    .text.createFreqString  main.o
    0x08003408   0x08003408   0x00000076   Code   RO            2    .text.createTargetString  main.o
    0x0800347e   0x0800347e   0x00000002   PAD
    0x08003480   0x08003480   0x00000004   Code   RO           62    .text.dispCooldown  main.o
    0x08003484   0x08003484   0x00000004   Code   RO           40    .text.dispUpdaReady  main.o
    0x08003488   0x08003488   0x0000016a   Code   RO           18    .text.displayUpdate  main.o
    0x080035f2   0x080035f2   0x00000002   PAD
    0x080035f4   0x080035f4   0x0000000c   Code   RO           34    .text.freqCalcReady  main.o
    0x08003600   0x08003600   0x00000004   Code   RO           56    .text.freqCooldown  main.o
    0x08003604   0x08003604   0x00000016   Code   RO          150    .text.getBits       timer_lib.o
    0x0800361a   0x0800361a   0x00000002   PAD
    0x0800361c   0x0800361c   0x0000002e   Code   RO          127    .text.getState      gpio_lib.o
    0x0800364a   0x0800364a   0x00000002   PAD
    0x0800364c   0x0800364c   0x0000003c   Code   RO          219    .text.greedyClearDisplay  lcd_lib.o
    0x08003688   0x08003688   0x00000030   Code   RO          215    .text.greedyMoveCursor  lcd_lib.o
    0x080036b8   0x080036b8   0x00000016   Code   RO          221    .text.greedyRunCommand  lcd_lib.o
    0x080036ce   0x080036ce   0x00000002   PAD
    0x080036d0   0x080036d0   0x00000102   Code   RO          148    .text.greedyWait    timer_lib.o
    0x080037d2   0x080037d2   0x00000002   PAD
    0x080037d4   0x080037d4   0x00000090   Code   RO          217    .text.greedyWriteString  lcd_lib.o
    0x08003864   0x08003864   0x00000004   PAD
    0x08003868   0x08003868   0x000000d0   Code   RO           26    .text.handleNewRPM  main.o
    0x08003938   0x08003938   0x00000034   Code   RO           70    .text.handleNewRPMCooldown  main.o
    0x0800396c   0x0800396c   0x00000004   Code   RO           48    .text.handleNewRPMReady  main.o
    0x08003970   0x08003970   0x000000c0   Code   RO           28    .text.handleNewTarget  main.o
    0x08003a30   0x08003a30   0x00000034   Code   RO           72    .text.handleNewTargetCooldown  main.o
    0x08003a64   0x08003a64   0x0000000c   Code   RO           50    .text.handleNewTargetReady  main.o
    0x08003a70   0x08003a70   0x00000188   Code   RO           30    .text.handleNoRotation  main.o
    0x08003bf8   0x08003bf8   0x00000004   Code   RO           74    .text.handleNoRotationCooldown  main.o
    0x08003bfc   0x08003bfc   0x00000004   Code   RO           52    .text.handleNoRotationReady  main.o
    0x08003c00   0x08003c00   0x000003b0   Code   RO           22    .text.handlePadPress  main.o
    0x08003fb0   0x08003fb0   0x00000004   Code   RO           66    .text.handlePadPressCooldown  main.o
    0x08003fb4   0x08003fb4   0x0000004a   Code   RO           44    .text.handlePadPressReady  main.o
    0x08003ffe   0x08003ffe   0x00000002   PAD
    0x08004000   0x08004000   0x00000060   Code   RO           14    .text.handleSW1Press  main.o
    0x08004060   0x08004060   0x00000004   Code   RO           58    .text.handleSW1PressCooldown  main.o
    0x08004064   0x08004064   0x0000000c   Code   RO           36    .text.handleSW1PressReady  main.o
    0x08004070   0x08004070   0x000000ae   Code   RO           24    .text.handleSW2Press  main.o
    0x0800411e   0x0800411e   0x00000002   PAD
    0x08004120   0x08004120   0x00000004   Code   RO           68    .text.handleSW2PressCooldown  main.o
    0x08004124   0x08004124   0x0000000c   Code   RO           46    .text.handleSW2PressReady  main.o
    0x08004130   0x08004130   0x00000044   Code   RO          194    .text.i2c1_Init     lcd_routines.o
    0x08004174   0x08004174   0x00000052   Code   RO          196    .text.i2c1_Pinmode_PB67  lcd_routines.o
    0x080041c6   0x080041c6   0x00000002   PAD
    0x080041c8   0x080041c8   0x0000006c   Code   RO          175    .text.initCCInterupt  interupt_lib.o
    0x08004234   0x08004234   0x00000110   Code   RO          198    .text.lcd_Command   lcd_routines.o
    0x08004344   0x08004344   0x0000017e   Code   RO          200    .text.lcd_Init      lcd_routines.o
    0x080044c2   0x080044c2   0x00000002   PAD
    0x080044c4   0x080044c4   0x00000010   Code   RO          225    .text.lcd_Nack      lcd_lib.o
    0x080044d4   0x080044d4   0x00000110   Code   RO          202    .text.lcd_Write     lcd_routines.o
    0x080045e4   0x080045e4   0x000003d4   Code   RO           76    .text.main          main.o
    0x080049b8   0x080049b8   0x0000001c   Code   RO           20    .text.readPad       main.o
    0x080049d4   0x080049d4   0x00000004   Code   RO           64    .text.readPadCooldown  main.o
    0x080049d8   0x080049d8   0x0000000c   Code   RO           42    .text.readPadReady  main.o
    0x080049e4   0x080049e4   0x00000004   PAD
    0x080049e8   0x080049e8   0x000000b8   Code   RO            8    .text.readVoltage   main.o
    0x08004aa0   0x08004aa0   0x00000014   Code   RO          229    .text.sendBits      lcd_lib.o
    0x08004ab4   0x08004ab4   0x00000060   Code   RO          227    .text.sendMSGBits   lcd_lib.o
    0x08004b14   0x08004b14   0x00000030   Code   RO          152    .text.setBits       timer_lib.o
    0x08004b44   0x08004b44   0x0000003e   Code   RO          163    .text.setIRQn       interupt_lib.o
    0x08004b82   0x08004b82   0x00000002   PAD
    0x08004b84   0x08004b84   0x0000001c   Code   RO          169    .text.setIXER       interupt_lib.o
    0x08004ba0   0x08004ba0   0x000000aa   Code   RO          129    .text.setMODER      gpio_lib.o
    0x08004c4a   0x08004c4a   0x00000002   PAD
    0x08004c4c   0x08004c4c   0x0000008c   Code   RO          179    .text.setPinInterupt  interupt_lib.o
    0x08004cd8   0x08004cd8   0x00000018   Code   RO          171    .text.setPriorityBit  interupt_lib.o
    0x08004cf0   0x08004cf0   0x00000024   Code   RO          125    .text.setState      gpio_lib.o
    0x08004d14   0x08004d14   0x00000046   Code   RO          223    .text.startTalking  lcd_lib.o
    0x08004d5a   0x08004d5a   0x00000002   PAD
    0x08004d5c   0x08004d5c   0x0000024a   Code   RO          137    .text.stateMachineReadPad  gpio_lib.o
    0x08004fa6   0x08004fa6   0x00000002   PAD
    0x08004fa8   0x08004fa8   0x00000042   Code   RO          190    .text.tim6_Del      lcd_routines.o
    0x08004fea   0x08004fea   0x00000002   PAD
    0x08004fec   0x08004fec   0x00000046   Code   RO          192    .text.tim6_Init     lcd_routines.o
    0x08005032   0x08005032   0x00000002   PAD
    0x08005034   0x08005034   0x00000034   Code   RO          131    .text.toggle        gpio_lib.o
    0x08005068   0x08005068   0x00000130   Code   RO           16    .text.updateMainMenu  main.o
    0x08005198   0x08005198   0x00000004   Code   RO           60    .text.updateMainMenuCooldown  main.o
    0x0800519c   0x0800519c   0x00000032   Code   RO           38    .text.updateMainMenuReady  main.o
    0x080051ce   0x080051ce   0x00000002   PAD
    0x080051d0   0x080051d0   0x00000012   Code   RO           32    .text.voltCalcReady  main.o
    0x080051e2   0x080051e2   0x00000002   PAD
    0x080051e4   0x080051e4   0x00000006   Code   RO           54    .text.voltCooldown  main.o
    0x080051ea   0x080051ea   0x0000003e   Code   RO          744    CL$$btod_d2e        c_w.l(btod.o)
    0x08005228   0x08005228   0x00000046   Code   RO          746    CL$$btod_d2e_denorm_low  c_w.l(btod.o)
    0x0800526e   0x0800526e   0x00000060   Code   RO          745    CL$$btod_d2e_norm_op1  c_w.l(btod.o)
    0x080052ce   0x080052ce   0x00000002   PAD
    0x080052d0   0x080052d0   0x00000338   Code   RO          754    CL$$btod_div_common  c_w.l(btod.o)
    0x08005608   0x08005608   0x000000dc   Code   RO          751    CL$$btod_e2e        c_w.l(btod.o)
    0x080056e4   0x080056e4   0x0000002a   Code   RO          748    CL$$btod_ediv       c_w.l(btod.o)
    0x0800570e   0x0800570e   0x0000002a   Code   RO          747    CL$$btod_emul       c_w.l(btod.o)
    0x08005738   0x08005738   0x00000244   Code   RO          753    CL$$btod_mult_common  c_w.l(btod.o)
    0x0800597c   0x0800597c   0x00000030   Code   RO          789    i.__ARM_fpclassify  m_wm.l(fpclassify.o)
    0x080059ac   0x080059ac   0x0000000e   Code   RO          553    i._is_digit         c_w.l(__printf_wp.o)
    0x080059ba   0x080059ba   0x00000002   PAD
    0x080059bc   0x080059bc   0x0000002c   Code   RO          769    locale$$code        c_w.l(lc_numeric_c.o)
    0x080059e8   0x080059e8   0x0000002c   Code   RO          804    locale$$code        c_w.l(lc_ctype_c.o)
    0x08005a14   0x08005a14   0x00000062   Code   RO          441    x$fpl$d2f           fz_wm.l(d2f.o)
    0x08005a76   0x08005a76   0x00000002   PAD
    0x08005a78   0x08005a78   0x00000150   Code   RO          443    x$fpl$dadd          fz_wm.l(daddsub_clz.o)
    0x08005bc8   0x08005bc8   0x00000018   Code   RO          719    x$fpl$dcmpinf       fz_wm.l(dcmpi.o)
    0x08005be0   0x08005be0   0x000002b8   Code   RO          452    x$fpl$ddiv          fz_wm.l(ddiv.o)
    0x08005e98   0x08005e98   0x00000078   Code   RO          637    x$fpl$deqf          fz_wm.l(deqf.o)
    0x08005f10   0x08005f10   0x0000005a   Code   RO          455    x$fpl$dfixu         fz_wm.l(dfixu.o)
    0x08005f6a   0x08005f6a   0x0000002e   Code   RO          460    x$fpl$dflt          fz_wm.l(dflt_clz.o)
    0x08005f98   0x08005f98   0x00000026   Code   RO          459    x$fpl$dfltu         fz_wm.l(dflt_clz.o)
    0x08005fbe   0x08005fbe   0x00000002   PAD
    0x08005fc0   0x08005fc0   0x00000078   Code   RO          639    x$fpl$dgeqf         fz_wm.l(dgeqf.o)
    0x08006038   0x08006038   0x00000078   Code   RO          641    x$fpl$dleqf         fz_wm.l(dleqf.o)
    0x080060b0   0x080060b0   0x00000154   Code   RO          465    x$fpl$dmul          fz_wm.l(dmul.o)
    0x08006204   0x08006204   0x0000009c   Code   RO          643    x$fpl$dnaninf       fz_wm.l(dnaninf.o)
    0x080062a0   0x080062a0   0x0000000c   Code   RO          645    x$fpl$dretinf       fz_wm.l(dretinf.o)
    0x080062ac   0x080062ac   0x000001dc   Code   RO          445    x$fpl$dsub          fz_wm.l(daddsub_clz.o)
    0x08006488   0x08006488   0x00000056   Code   RO          467    x$fpl$f2d           fz_wm.l(f2d.o)
    0x080064de   0x080064de   0x00000054   Code   RO          449    x$fpl$fcmp          fz_wm.l(dcmp.o)
    0x08006532   0x08006532   0x0000008c   Code   RO          647    x$fpl$fnaninf       fz_wm.l(fnaninf.o)
    0x080065be   0x080065be   0x0000001a   Code   RO          721    x$fpl$fpinit        fz_wm.l(fpinit.o)
    0x080065d8   0x080065d8   0x0000000a   Code   RO          649    x$fpl$fretinf       fz_wm.l(fretinf.o)
    0x080065e2   0x080065e2   0x00000004   Code   RO          651    x$fpl$printf1       fz_wm.l(printf1.o)
    0x080065e6   0x080065e6   0x00000004   Code   RO          653    x$fpl$printf2       fz_wm.l(printf2.o)
    0x080065ea   0x080065ea   0x00000000   Code   RO          659    x$fpl$usenofp       fz_wm.l(usenofp.o)
    0x080065ea   0x080065ea   0x00000002   PAD
    0x080065ec   0x080065ec   0x00000008   Data   RO          512    .constdata          c_w.l(_printf_wctomb.o)
    0x080065f4   0x080065f4   0x00000028   Data   RO          541    .constdata          c_w.l(_printf_hex_int_ll_ptr.o)
    0x0800661c   0x0800661c   0x00000011   Data   RO          561    .constdata          c_w.l(__printf_flags_ss_wp.o)
    0x0800662d   0x0800662d   0x00000026   Data   RO          699    .constdata          c_w.l(_printf_fp_hex.o)
    0x08006653   0x08006653   0x00000001   PAD
    0x08006654   0x08006654   0x00000094   Data   RO          742    .constdata          c_w.l(bigflt0.o)
    0x080066e8   0x080066e8   0x00000050   Data   RO          113    .rodata..L__const._init_.msg  _init_.o
    0x08006738   0x08006738   0x00000018   Data   RO          205    .rodata..L__const.lcd_Init.delay_Values  lcd_routines.o
    0x08006750   0x08006750   0x00000018   Data   RO          204    .rodata..L__const.lcd_Init.lcd_Commands  lcd_routines.o
    0x08006768   0x08006768   0x0000002c   Data   RO           81    .rodata..Lconstinit  main.o
    0x08006794   0x08006794   0x0000002c   Data   RO           82    .rodata..Lconstinit.11  main.o
    0x080067c0   0x080067c0   0x0000002c   Data   RO           83    .rodata..Lconstinit.12  main.o
    0x080067ec   0x080067ec   0x0000002c   Data   RO           84    .rodata..Lconstinit.13  main.o
    0x08006818   0x08006818   0x0000002c   Data   RO           85    .rodata..Lconstinit.14  main.o
    0x08006844   0x08006844   0x0000002c   Data   RO           86    .rodata..Lconstinit.15  main.o
    0x08006870   0x08006870   0x0000006e   Data   RO           78    .rodata.str1.1      main.o
    0x080068de   0x080068de   0x00000002   PAD
    0x080068e0   0x080068e0   0x00000020   Data   RO          863    Region$$Table       anon$$obj.o
    0x08006900   0x08006900   0x0000001c   Data   RO          768    locale$$data        c_w.l(lc_numeric_c.o)
    0x0800691c   0x0800691c   0x00000110   Data   RO          803    locale$$data        c_w.l(lc_ctype_c.o)


    Execution Region RW_IRAM1 (Exec base: 0x20000000, Load base: 0x08006a30, Size: 0x00000ed0, Max: 0x00018000, ABSOLUTE)

    Exec Addr    Load Addr    Size         Type   Attr      Idx    E Section Name        Object

    0x20000000   0x08006a30   0x00000030   Data   RW          112    .data.CreateNumpad.NumpadValues  _init_.o
    0x20000030   0x08006a60   0x00000004   Data   RW          295    .data.calcVoltFlag  globals.o
    0x20000034   0x08006a64   0x00000001   Data   RW          291    .data.displayState  globals.o
    0x20000035   0x08006a65   0x00000003   PAD
    0x20000038   0x08006a68   0x00000004   Data   RW          297    .data.gettingUserInputFlag  globals.o
    0x2000003c   0x08006a6c   0x00000007   Data   RW           79    .data.handlePadPress.targetString  main.o
    0x20000043   0x08006a73   0x00000001   PAD
    0x20000044   0x08006a74   0x00000004   Data   RW          294    .data.sw2PressedFlag  globals.o
    0x20000048   0x08006a78   0x00000004   Data   RW          290    .data.targetRPM     globals.o
    0x2000004c   0x08006a7c   0x00000004   PAD
    0x20000050        -       0x00000060   Zero   RW          665    .bss                c_w.l(libspace.o)
    0x200000b0        -       0x00000004   Zero   RW          308    .bss.Display        globals.o
    0x200000b4        -       0x00000030   Zero   RW          304    .bss.FreqReader     globals.o
    0x200000e4        -       0x00000004   Zero   RW          310    .bss.MotorPID       globals.o
    0x200000e8        -       0x00000004   Zero   RW          315    .bss.MotorPWM       globals.o
    0x200000ec        -       0x00000004   Zero   RW          309    .bss.NumberPad      globals.o
    0x200000f0        -       0x00000004   Zero   RW          313    .bss.SW1LED         globals.o
    0x200000f4        -       0x00000004   Zero   RW          314    .bss.SW2LED         globals.o
    0x200000f8        -       0x00000004   Zero   RW          311    .bss.Switch1        globals.o
    0x200000fc        -       0x00000004   Zero   RW          312    .bss.Switch2        globals.o
    0x20000100        -       0x00000018   Zero   RW          305    .bss.Timer2         globals.o
    0x20000118        -       0x00000018   Zero   RW          306    .bss.Timer4         globals.o
    0x20000130        -       0x00000018   Zero   RW          307    .bss.Timer5         globals.o
    0x20000148        -       0x00000030   Zero   RW          303    .bss.VoltReader     globals.o
    0x20000178        -       0x00000004   Zero   RW          296    .bss.calcFreqFlag   globals.o
    0x2000017c        -       0x00000004   Zero   RW          288    .bss.freqCounts     globals.o
    0x20000180        -       0x00000008   Zero   RW          286    .bss.frequency      globals.o
    0x20000188        -       0x00000004   Zero   RW           80    .bss.handlePadPress.cursorAt  main.o
    0x2000018c        -       0x00000004   Zero   RW          300    .bss.newRPMFlag     globals.o
    0x20000190        -       0x00000004   Zero   RW          298    .bss.readFinishedFlag  globals.o
    0x20000194        -       0x00000108   Zero   RW          316    .bss.schedulerTasks  globals.o
    0x2000029c        -       0x00000004   Zero   RW          293    .bss.sw1PressedFlag  globals.o
    0x200002a0        -       0x00000004   Zero   RW          292    .bss.systickFlag    globals.o
    0x200002a4        -       0x00000004   Zero   RW          299    .bss.targetSetFlag  globals.o
    0x200002a8        -       0x00000008   Zero   RW          289    .bss.timeElapsed    globals.o
    0x200002b0        -       0x00000004   Zero   RW          255    .bss.timeF          interupt_handlers.o
    0x200002b4        -       0x00000004   Zero   RW          254    .bss.timeI          interupt_handlers.o
    0x200002b8        -       0x00000004   Zero   RW          302    .bss.tor_rpm_toggle  globals.o
    0x200002bc        -       0x00000004   Zero   RW          285    .bss.torque         globals.o
    0x200002c0        -       0x00000004   Zero   RW          301    .bss.updateMainMenuFlag  globals.o
    0x200002c4        -       0x00000004   Zero   RW          284    .bss.voltage        globals.o
    0x200002c8        -       0x00000004   Zero   RW          283    .bss.voltageAccum   globals.o
    0x200002cc        -       0x00000004   Zero   RW          282    .bss.voltageMeasurements  globals.o
    0x200002d0        -       0x00000800   Zero   RW           95    HEAP                startup_stm32l476xx.o
    0x20000ad0        -       0x00000400   Zero   RW           94    STACK               startup_stm32l476xx.o


==============================================================================

Image component sizes


      Code (inc. data)   RO Data    RW Data    ZI Data      Debug   Object Name

      1726         12         80         48          0       7670   _init_.o
         0          0          0         17        532       7148   globals.o
      1658         20          0          0          0       7754   gpio_lib.o
      1196         16          0          0          8       5138   interupt_handlers.o
      1004          8          0          0          0       8054   interupt_lib.o
       730          4          0          0          0       6167   lcd_lib.o
      1212          0         48          0          0       4284   lcd_routines.o
      4602        128        374          7          4       7333   main.o
      1142         24          0          0          0       2198   pid.o
       790         12          0          0          0       5888   pwm_lib.o
       140         48        392          0       3072        876   startup_stm32l476xx.o
       638          4          0          0          0       5576   timer_lib.o

    ----------------------------------------------------------------------
     14922        276        928         76       3620      68086   Object Totals
         0          0         32          0          0          0   (incl. Generated)
        84          0          2          4          4          0   (incl. Padding)

    ----------------------------------------------------------------------

      Code (inc. data)   RO Data    RW Data    ZI Data      Debug   Library Member Name

         8          0          0          0          0         68   __main.o
       398          4         17          0          0         92   __printf_flags_ss_wp.o
        14          0          0          0          0         68   __printf_wp.o
         0          0          0          0          0          0   __rtentry.o
        12          0          0          0          0          0   __rtentry2.o
         6          0          0          0          0          0   __rtentry4.o
        94          8          0          0          0          0   __scatter.o
        26          0          0          0          0          0   __scatter_copy.o
        28          0          0          0          0          0   __scatter_zi.o
        72          0          0          0          0         96   _c16rtomb.o
         6          0          0          0          0          0   _printf_a.o
         6          0          0          0          0          0   _printf_c.o
        44          0          0          0          0        108   _printf_char.o
        48          6          0          0          0         96   _printf_char_common.o
        40          0          0          0          0         68   _printf_charcount.o
         6          0          0          0          0          0   _printf_d.o
       120         16          0          0          0         92   _printf_dec.o
         6          0          0          0          0          0   _printf_e.o
         6          0          0          0          0          0   _printf_f.o
      1058          0          0          0          0        148   _printf_fp_dec.o
       770          8         38          0          0        100   _printf_fp_hex.o
       128         16          0          0          0         84   _printf_fp_infnan.o
         6          0          0          0          0          0   _printf_g.o
       148          4         40          0          0        160   _printf_hex_int_ll_ptr.o
         6          0          0          0          0          0   _printf_i.o
       178          0          0          0          0         88   _printf_intcommon.o
        10          0          0          0          0          0   _printf_l.o
         6          0          0          0          0          0   _printf_lc.o
        10          0          0          0          0          0   _printf_ll.o
         6          0          0          0          0          0   _printf_lld.o
         6          0          0          0          0          0   _printf_lli.o
         6          0          0          0          0          0   _printf_llo.o
         6          0          0          0          0          0   _printf_llu.o
         6          0          0          0          0          0   _printf_llx.o
       124         16          0          0          0         92   _printf_longlong_dec.o
         6          0          0          0          0          0   _printf_ls.o
         6          0          0          0          0          0   _printf_n.o
         6          0          0          0          0          0   _printf_o.o
       112          8          0          0          0        124   _printf_oct_int_ll.o
         6          0          0          0          0          0   _printf_p.o
        78          0          0          0          0        108   _printf_pad.o
         0          0          0          0          0          0   _printf_percent.o
         4          0          0          0          0          0   _printf_percent_end.o
         6          0          0          0          0          0   _printf_s.o
        82          0          0          0          0         80   _printf_str.o
        36          0          0          0          0         84   _printf_truncate.o
         6          0          0          0          0          0   _printf_u.o
        44          0          0          0          0        108   _printf_wchar.o
       194          6          8          0          0         92   _printf_wctomb.o
         6          0          0          0          0          0   _printf_x.o
        16          0          0          0          0         68   _snputc.o
       228          4        148          0          0         96   bigflt0.o
      1936        128          0          0          0        668   btod.o
        10          0          0          0          0         68   defsig_exit.o
        50          0          0          0          0         88   defsig_general.o
        80         58          0          0          0         76   defsig_rtmem_inner.o
        14          0          0          0          0         80   defsig_rtmem_outer.o
        18          0          0          0          0         80   exit.o
        94          0          0          0          0         80   h1_alloc.o
        52          0          0          0          0         68   h1_extend.o
        78          0          0          0          0         80   h1_free.o
        12          0          0          0          0         84   h1_init.o
         6          0          0          0          0        152   heapauxi.o
         4          0          0          0          0        136   hguard.o
         0          0          0          0          0          0   indicate_semi.o
       138          0          0          0          0        168   init_alloc.o
        44         10        272          0          0         76   lc_ctype_c.o
        44         10         28          0          0         76   lc_numeric_c.o
         2          0          0          0          0          0   libinit.o
        42          0          0          0          0          0   libinit2.o
         2          0          0          0          0          0   libshutdown.o
         2          0          0          0          0          0   libshutdown2.o
         8          4          0          0         96         68   libspace.o
       138          0          0          0          0         80   lludiv10.o
         0          0          0          0          0          0   maybetermalloc1.o
        16          4          0          0          0         76   rt_ctype_table.o
         8          4          0          0          0         68   rt_heap_descriptor_intlibspace.o
         8          4          0          0          0         68   rt_locale_intlibspace.o
        78          0          0          0          0         80   rt_memclr_w.o
       138          0          0          0          0         68   rt_memcpy_v6.o
       100          0          0          0          0         80   rt_memcpy_w.o
         2          0          0          0          0          0   rtexit.o
        10          0          0          0          0          0   rtexit2.o
        64          6          0          0          0         84   snprintf.o
       124          0          0          0          0         88   strcmpv7em.o
        12          4          0          0          0         68   sys_exit.o
        74          0          0          0          0         80   sys_stackheap_outer.o
        14          0          0          0          0         76   sys_wrch.o
         2          0          0          0          0         68   use_no_semi.o
        98          4          0          0          0        140   d2f.o
       812         16          0          0          0        392   daddsub_clz.o
        84          0          0          0          0        244   dcmp.o
        24          0          0          0          0        116   dcmpi.o
       696        140          0          0          0        264   ddiv.o
       120          4          0          0          0        140   deqf.o
        90          4          0          0          0        140   dfixu.o
        84          0          0          0          0        232   dflt_clz.o
       120          4          0          0          0        140   dgeqf.o
       120          4          0          0          0        140   dleqf.o
       340         12          0          0          0        152   dmul.o
       156          4          0          0          0        140   dnaninf.o
        12          0          0          0          0        116   dretinf.o
        86          4          0          0          0        132   f2d.o
       140          4          0          0          0        132   fnaninf.o
        26          0          0          0          0        116   fpinit.o
        10          0          0          0          0        116   fretinf.o
         4          0          0          0          0        116   printf1.o
         4          0          0          0          0        116   printf2.o
         0          0          0          0          0          0   usenofp.o
        48          0          0          0          0        124   fpclassify.o

    ----------------------------------------------------------------------
     10778        528        552          0         96       8360   Library Totals
        30          0          1          0          0          0   (incl. Padding)

    ----------------------------------------------------------------------

      Code (inc. data)   RO Data    RW Data    ZI Data      Debug   Library Name

      7674        328        551          0         96       5152   c_w.l
      3026        200          0          0          0       3084   fz_wm.l
        48          0          0          0          0        124   m_wm.l

    ----------------------------------------------------------------------
     10778        528        552          0         96       8360   Library Totals

    ----------------------------------------------------------------------

==============================================================================


      Code (inc. data)   RO Data    RW Data    ZI Data      Debug   

     25700        804       1480         76       3716      71474   Grand Totals
     25700        804       1480         76       3716      71474   ELF Image Totals
     25700        804       1480         76          0          0   ROM Totals

==============================================================================

    Total RO  Size (Code + RO Data)                27180 (  26.54kB)
    Total RW  Size (RW Data + ZI Data)              3792 (   3.70kB)
    Total ROM Size (Code + RO Data + RW Data)      27256 (  26.62kB)

==============================================================================

